[ 2026-09-01 08:36:56,191 ] ::: INFO ::: FILE [root] --- LINE: [13]
----------------stage [METADATA FORMATION STAGE] started--------------------------
[ 2026-09-01 08:36:56,191 ] ::: INFO ::: FILE [root] --- LINE: [11]
Metadata entity successfully created
[ 2026-09-01 08:36:56,191 ] ::: INFO ::: FILE [root] --- LINE: [16]
data\preprocessed_data\final_dataframe.csv does not exists. Entering metadata formation stage
[ 2026-09-01 08:36:59,229 ] ::: INFO ::: FILE [root] --- LINE: [58]
data\preprocessed_data\final_dataframe.csv successfully created
[ 2026-09-01 08:36:59,270 ] ::: INFO ::: FILE [root] --- LINE: [18]
================stage [METADATA FORMATION STAGE] ended==========================

[ 2026-09-01 08:39:47,984 ] ::: INFO ::: FILE [root] --- LINE: [13]
----------------stage [METADATA FORMATION STAGE] started--------------------------
[ 2026-09-01 08:39:47,986 ] ::: INFO ::: FILE [root] --- LINE: [11]
Metadata entity successfully created
[ 2026-09-01 08:39:47,986 ] ::: INFO ::: FILE [root] --- LINE: [16]
data\preprocessed_data\final_dataframe.csv does not exists. Entering metadata formation stage
[ 2026-09-01 08:39:50,939 ] ::: INFO ::: FILE [root] --- LINE: [56]
data\preprocessed_data\final_dataframe.csv successfully created
[ 2026-09-01 08:39:50,987 ] ::: INFO ::: FILE [root] --- LINE: [18]
================stage [METADATA FORMATION STAGE] ended==========================

[ 2026-09-01 09:09:34,460 ] ::: INFO ::: FILE [root] --- LINE: [13]
----------------stage [METADATA FORMATION STAGE] started--------------------------
[ 2026-09-01 09:09:34,460 ] ::: INFO ::: FILE [root] --- LINE: [11]
Metadata entity successfully created
[ 2026-09-01 09:09:34,460 ] ::: INFO ::: FILE [root] --- LINE: [16]
data\preprocessed_data\final_dataframe.csv does not exists. Entering metadata formation stage
[ 2026-09-01 09:09:37,450 ] ::: INFO ::: FILE [root] --- LINE: [56]
data\preprocessed_data\final_dataframe.csv successfully created
[ 2026-09-01 09:09:37,495 ] ::: INFO ::: FILE [root] --- LINE: [18]
================stage [METADATA FORMATION STAGE] ended==========================

[ 2026-09-01 09:09:49,425 ] ::: INFO ::: FILE [root] --- LINE: [13]
----------------stage [METADATA FORMATION STAGE] started--------------------------
[ 2026-09-01 09:09:49,425 ] ::: INFO ::: FILE [root] --- LINE: [11]
Metadata entity successfully created
[ 2026-09-01 09:09:49,425 ] ::: INFO ::: FILE [root] --- LINE: [16]
data\preprocessed_data\final_dataframe.csv does not exists. Entering metadata formation stage
[ 2026-09-01 09:09:52,346 ] ::: INFO ::: FILE [root] --- LINE: [57]
data\preprocessed_data\final_dataframe.csv successfully created
[ 2026-09-01 09:09:52,388 ] ::: INFO ::: FILE [root] --- LINE: [18]
================stage [METADATA FORMATION STAGE] ended==========================

[ 2026-09-01 12:54:12,944 ] ::: INFO ::: FILE [root] --- LINE: [33]
Image preparation entity successfully created
[ 2026-09-01 12:54:17,918 ] ::: INFO ::: FILE [root] --- LINE: [33]
Image preparation entity successfully created
[ 2026-09-01 13:30:25,867 ] ::: INFO ::: FILE [root] --- LINE: [13]

----------------stage [METADATA FORMATION STAGE] started--------------------------
[ 2026-09-01 13:30:25,867 ] ::: INFO ::: FILE [root] --- LINE: [18]
Metadata entity successfully created
[ 2026-09-01 13:30:25,867 ] ::: INFO ::: FILE [root] --- LINE: [16]
data\preprocessed_data\final_dataframe.csv does not exists. Entering metadata formation stage
[ 2026-09-01 13:30:28,043 ] ::: INFO ::: FILE [root] --- LINE: [57]
data\preprocessed_data\final_dataframe.csv successfully created
[ 2026-09-01 13:30:28,060 ] ::: INFO ::: FILE [root] --- LINE: [18]
================stage [METADATA FORMATION STAGE] ended===========================

[ 2026-09-01 13:33:08,375 ] ::: INFO ::: FILE [root] --- LINE: [33]
Image preparation entity successfully created
[ 2026-09-01 14:33:49,001 ] ::: INFO ::: FILE [root] --- LINE: [13]

----------------stage [METADATA FORMATION STAGE] started--------------------------
[ 2026-09-01 14:33:49,001 ] ::: INFO ::: FILE [root] --- LINE: [18]
Metadata entity successfully created
[ 2026-09-01 14:33:49,001 ] ::: INFO ::: FILE [root] --- LINE: [16]
data\preprocessed_data\final_dataframe.csv does not exists. Entering metadata formation stage
[ 2026-09-01 14:33:51,242 ] ::: INFO ::: FILE [root] --- LINE: [60]
data\preprocessed_data\final_dataframe.csv successfully created
[ 2026-09-01 14:33:51,259 ] ::: INFO ::: FILE [root] --- LINE: [18]
================stage [METADATA FORMATION STAGE] ended===========================

[ 2026-09-01 14:35:19,535 ] ::: INFO ::: FILE [root] --- LINE: [33]
Image preparation entity successfully created
[ 2026-09-01 15:22:08,965 ] ::: INFO ::: FILE [root] --- LINE: [33]
Image preparation entity successfully created
[ 2026-09-01 15:36:16,082 ] ::: INFO ::: FILE [root] --- LINE: [33]
Image preparation entity successfully created
