[ 2026-09-03 14:07:03,264 ] ::: INFO ::: FILE [root] --- LINE: [13]

----------------stage [METADATA FORMATION STAGE] started--------------------------
[ 2026-09-03 14:07:03,264 ] ::: INFO ::: FILE [root] --- LINE: [18]
Metadata entity successfully created
[ 2026-09-03 14:07:03,264 ] ::: INFO ::: FILE [root] --- LINE: [72]
data\preprocessed_data\final_dataframe.csv allready exists. Skiping metadata formation stage
[ 2026-09-03 14:07:03,264 ] ::: INFO ::: FILE [root] --- LINE: [18]
================stage [METADATA FORMATION STAGE] ended===========================

[ 2026-09-03 14:12:29,244 ] ::: INFO ::: FILE [root] --- LINE: [13]

----------------stage [METADATA FORMATION STAGE] started--------------------------
[ 2026-09-03 14:12:29,253 ] ::: INFO ::: FILE [root] --- LINE: [18]
Metadata entity successfully created
[ 2026-09-03 14:12:29,253 ] ::: INFO ::: FILE [root] --- LINE: [72]
data\preprocessed_data\final_dataframe.csv allready exists. Skiping metadata formation stage
[ 2026-09-03 14:12:29,253 ] ::: INFO ::: FILE [root] --- LINE: [18]
================stage [METADATA FORMATION STAGE] ended===========================

[ 2026-09-03 14:12:29,253 ] ::: INFO ::: FILE [root] --- LINE: [13]

----------------stage [IMAGE PREPARATION STAGE] started--------------------------
[ 2026-09-03 14:12:29,253 ] ::: INFO ::: FILE [root] --- LINE: [34]
Image preparation entity successfully created
[ 2026-09-03 14:12:29,580 ] ::: INFO ::: FILE [root] --- LINE: [22]
successfully retrieved meta data file from: data\preprocessed_data\final_dataframe.csv
[ 2026-09-03 14:12:29,581 ] ::: INFO ::: FILE [root] --- LINE: [25]
successfully confirmed meta data file from: data\preprocessed_data\final_dataframe.csv
[ 2026-09-03 14:12:29,594 ] ::: ERROR ::: FILE [root] --- LINE: [127]
Error: 'DataFrame' object has no attribute 'out_mask_dir'
[ 2026-09-03 14:12:29,597 ] ::: INFO ::: FILE [root] --- LINE: [18]
================stage [IMAGE PREPARATION STAGE] ended===========================

[ 2026-09-03 14:27:10,872 ] ::: INFO ::: FILE [root] --- LINE: [13]

----------------stage [METADATA FORMATION STAGE] started--------------------------
[ 2026-09-03 14:27:10,872 ] ::: INFO ::: FILE [root] --- LINE: [18]
Metadata entity successfully created
[ 2026-09-03 14:27:10,872 ] ::: INFO ::: FILE [root] --- LINE: [72]
data\preprocessed_data\final_dataframe.csv allready exists. Skiping metadata formation stage
[ 2026-09-03 14:27:10,872 ] ::: INFO ::: FILE [root] --- LINE: [18]
================stage [METADATA FORMATION STAGE] ended===========================

[ 2026-09-03 14:27:10,872 ] ::: INFO ::: FILE [root] --- LINE: [13]

----------------stage [IMAGE PREPARATION STAGE] started--------------------------
[ 2026-09-03 14:27:10,872 ] ::: INFO ::: FILE [root] --- LINE: [34]
Image preparation entity successfully created
[ 2026-09-03 14:27:11,199 ] ::: INFO ::: FILE [root] --- LINE: [23]
successfully retrieved meta data file from: data\preprocessed_data\final_dataframe.csv
[ 2026-09-03 14:27:11,200 ] ::: INFO ::: FILE [root] --- LINE: [26]
successfully confirmed meta data file from: data\preprocessed_data\final_dataframe.csv
[ 2026-09-03 14:27:11,206 ] ::: ERROR ::: FILE [root] --- LINE: [131]
Error: 'DataFrame' object has no attribute 'out_mask_dir'
[ 2026-09-03 14:27:11,206 ] ::: ERROR ::: FILE [root] --- LINE: [20]
SOME TROUBLES WITH STAGE [IMAGE PREPARATION STAGE]
[ 2026-09-03 14:28:45,022 ] ::: INFO ::: FILE [root] --- LINE: [13]

----------------stage [METADATA FORMATION STAGE] started--------------------------
[ 2026-09-03 14:28:45,022 ] ::: INFO ::: FILE [root] --- LINE: [18]
Metadata entity successfully created
[ 2026-09-03 14:28:45,022 ] ::: INFO ::: FILE [root] --- LINE: [72]
data\preprocessed_data\final_dataframe.csv allready exists. Skiping metadata formation stage
[ 2026-09-03 14:28:45,022 ] ::: INFO ::: FILE [root] --- LINE: [18]
================stage [METADATA FORMATION STAGE] ended===========================

[ 2026-09-03 14:28:45,022 ] ::: INFO ::: FILE [root] --- LINE: [13]

----------------stage [IMAGE PREPARATION STAGE] started--------------------------
[ 2026-09-03 14:28:45,022 ] ::: INFO ::: FILE [root] --- LINE: [34]
Image preparation entity successfully created
[ 2026-09-03 14:28:45,304 ] ::: INFO ::: FILE [root] --- LINE: [23]
successfully retrieved meta data file from: data\preprocessed_data\final_dataframe.csv
[ 2026-09-03 14:28:45,305 ] ::: INFO ::: FILE [root] --- LINE: [26]
successfully confirmed meta data file from: data\preprocessed_data\final_dataframe.csv
[ 2026-09-03 14:28:45,577 ] ::: INFO ::: FILE [root] --- LINE: [92]
directory: data\preprocessed_data\final_data\output_mask - hase no inner files, entering creation of masks...
[ 2026-09-03 14:29:08,562 ] ::: INFO ::: FILE [root] --- LINE: [99]
directory: data\preprocessed_data\final_data\output_mask - successfully filled with 38496 masks
[ 2026-09-03 14:29:08,562 ] ::: INFO ::: FILE [root] --- LINE: [108]
files: 
data\preprocessed_data\final_data\train.csv
data\preprocessed_data\final_data\dev.csv
data\preprocessed_data\final_data\test.csv
 not found. Entering creation of train, dev and test csv files
[ 2026-09-03 14:29:08,565 ] ::: ERROR ::: FILE [root] --- LINE: [131]
Error: unsupported operand type(s) for *: 'dict' and 'int'
[ 2026-09-03 14:29:08,565 ] ::: ERROR ::: FILE [root] --- LINE: [20]
SOME TROUBLES WITH STAGE [IMAGE PREPARATION STAGE]
[ 2026-09-03 14:34:42,210 ] ::: INFO ::: FILE [root] --- LINE: [13]

----------------stage [METADATA FORMATION STAGE] started--------------------------
[ 2026-09-03 14:34:42,210 ] ::: INFO ::: FILE [root] --- LINE: [18]
Metadata entity successfully created
[ 2026-09-03 14:34:42,210 ] ::: INFO ::: FILE [root] --- LINE: [72]
data\preprocessed_data\final_dataframe.csv allready exists. Skiping metadata formation stage
[ 2026-09-03 14:34:42,210 ] ::: INFO ::: FILE [root] --- LINE: [18]
================stage [METADATA FORMATION STAGE] ended===========================

[ 2026-09-03 14:34:42,210 ] ::: INFO ::: FILE [root] --- LINE: [13]

----------------stage [IMAGE PREPARATION STAGE] started--------------------------
[ 2026-09-03 14:34:42,211 ] ::: INFO ::: FILE [root] --- LINE: [34]
Image preparation entity successfully created
[ 2026-09-03 14:34:42,550 ] ::: INFO ::: FILE [root] --- LINE: [23]
successfully retrieved meta data file from: data\preprocessed_data\final_dataframe.csv
[ 2026-09-03 14:34:42,550 ] ::: INFO ::: FILE [root] --- LINE: [26]
successfully confirmed meta data file from: data\preprocessed_data\final_dataframe.csv
[ 2026-09-03 14:34:42,784 ] ::: INFO ::: FILE [root] --- LINE: [89]
directory: data\preprocessed_data\final_data\output_mask - already hase 38496 inner files, skiping creation of masks
[ 2026-09-03 14:34:42,784 ] ::: INFO ::: FILE [root] --- LINE: [108]
files: 
data\preprocessed_data\final_data\train.csv
data\preprocessed_data\final_data\dev.csv
data\preprocessed_data\final_data\test.csv
 not found. Entering creation of train, dev and test csv files
[ 2026-09-03 14:34:42,787 ] ::: ERROR ::: FILE [root] --- LINE: [131]
Error: unsupported operand type(s) for *: 'dict' and 'int'
[ 2026-09-03 14:34:42,787 ] ::: ERROR ::: FILE [root] --- LINE: [20]
SOME TROUBLES WITH STAGE [IMAGE PREPARATION STAGE]
[ 2026-09-03 14:36:32,047 ] ::: INFO ::: FILE [root] --- LINE: [13]

----------------stage [METADATA FORMATION STAGE] started--------------------------
[ 2026-09-03 14:36:32,047 ] ::: INFO ::: FILE [root] --- LINE: [18]
Metadata entity successfully created
[ 2026-09-03 14:36:32,047 ] ::: INFO ::: FILE [root] --- LINE: [72]
data\preprocessed_data\final_dataframe.csv allready exists. Skiping metadata formation stage
[ 2026-09-03 14:36:32,047 ] ::: INFO ::: FILE [root] --- LINE: [18]
================stage [METADATA FORMATION STAGE] ended===========================

[ 2026-09-03 14:36:32,047 ] ::: INFO ::: FILE [root] --- LINE: [13]

----------------stage [IMAGE PREPARATION STAGE] started--------------------------
[ 2026-09-03 14:36:32,047 ] ::: INFO ::: FILE [root] --- LINE: [34]
Image preparation entity successfully created
[ 2026-09-03 14:36:32,369 ] ::: INFO ::: FILE [root] --- LINE: [23]
successfully retrieved meta data file from: data\preprocessed_data\final_dataframe.csv
[ 2026-09-03 14:36:32,369 ] ::: INFO ::: FILE [root] --- LINE: [26]
successfully confirmed meta data file from: data\preprocessed_data\final_dataframe.csv
[ 2026-09-03 14:36:32,607 ] ::: INFO ::: FILE [root] --- LINE: [89]
directory: data\preprocessed_data\final_data\output_mask - already hase 38496 inner files, skiping creation of masks
[ 2026-09-03 14:36:32,608 ] ::: INFO ::: FILE [root] --- LINE: [108]
files: 
data\preprocessed_data\final_data\train.csv
data\preprocessed_data\final_data\dev.csv
data\preprocessed_data\final_data\test.csv
 not found. Entering creation of train, dev and test csv files
[ 2026-09-03 14:36:32,611 ] ::: ERROR ::: FILE [root] --- LINE: [132]
Error: unsupported operand type(s) for *: 'dict' and 'int'
[ 2026-09-03 14:36:32,611 ] ::: ERROR ::: FILE [root] --- LINE: [20]
SOME TROUBLES WITH STAGE [IMAGE PREPARATION STAGE]
[ 2026-09-03 14:37:42,774 ] ::: INFO ::: FILE [root] --- LINE: [13]

----------------stage [METADATA FORMATION STAGE] started--------------------------
[ 2026-09-03 14:37:42,774 ] ::: INFO ::: FILE [root] --- LINE: [18]
Metadata entity successfully created
[ 2026-09-03 14:37:42,774 ] ::: INFO ::: FILE [root] --- LINE: [72]
data\preprocessed_data\final_dataframe.csv allready exists. Skiping metadata formation stage
[ 2026-09-03 14:37:42,774 ] ::: INFO ::: FILE [root] --- LINE: [18]
================stage [METADATA FORMATION STAGE] ended===========================

[ 2026-09-03 14:37:42,774 ] ::: INFO ::: FILE [root] --- LINE: [13]

----------------stage [IMAGE PREPARATION STAGE] started--------------------------
[ 2026-09-03 14:37:42,774 ] ::: INFO ::: FILE [root] --- LINE: [34]
Image preparation entity successfully created
[ 2026-09-03 14:37:43,052 ] ::: INFO ::: FILE [root] --- LINE: [23]
successfully retrieved meta data file from: data\preprocessed_data\final_dataframe.csv
[ 2026-09-03 14:37:43,053 ] ::: INFO ::: FILE [root] --- LINE: [26]
successfully confirmed meta data file from: data\preprocessed_data\final_dataframe.csv
[ 2026-09-03 14:37:43,314 ] ::: INFO ::: FILE [root] --- LINE: [89]
directory: data\preprocessed_data\final_data\output_mask - already hase 38496 inner files, skiping creation of masks
[ 2026-09-03 14:37:43,314 ] ::: INFO ::: FILE [root] --- LINE: [108]
files: 
data\preprocessed_data\final_data\train.csv
data\preprocessed_data\final_data\dev.csv
data\preprocessed_data\final_data\test.csv
 not found. Entering creation of train, dev and test csv files
[ 2026-09-03 14:37:43,317 ] ::: ERROR ::: FILE [root] --- LINE: [132]
Error: unsupported operand type(s) for *: 'dict' and 'int'
[ 2026-09-03 14:37:43,317 ] ::: ERROR ::: FILE [root] --- LINE: [20]
SOME TROUBLES WITH STAGE [IMAGE PREPARATION STAGE]
[ 2026-09-03 14:39:00,742 ] ::: INFO ::: FILE [root] --- LINE: [13]

----------------stage [METADATA FORMATION STAGE] started--------------------------
[ 2026-09-03 14:39:00,742 ] ::: INFO ::: FILE [root] --- LINE: [18]
Metadata entity successfully created
[ 2026-09-03 14:39:00,742 ] ::: INFO ::: FILE [root] --- LINE: [72]
data\preprocessed_data\final_dataframe.csv allready exists. Skiping metadata formation stage
[ 2026-09-03 14:39:00,742 ] ::: INFO ::: FILE [root] --- LINE: [18]
================stage [METADATA FORMATION STAGE] ended===========================

[ 2026-09-03 14:39:00,742 ] ::: INFO ::: FILE [root] --- LINE: [13]

----------------stage [IMAGE PREPARATION STAGE] started--------------------------
[ 2026-09-03 14:39:00,742 ] ::: INFO ::: FILE [root] --- LINE: [34]
Image preparation entity successfully created
[ 2026-09-03 14:39:01,062 ] ::: INFO ::: FILE [root] --- LINE: [23]
successfully retrieved meta data file from: data\preprocessed_data\final_dataframe.csv
[ 2026-09-03 14:39:01,062 ] ::: INFO ::: FILE [root] --- LINE: [26]
successfully confirmed meta data file from: data\preprocessed_data\final_dataframe.csv
[ 2026-09-03 14:39:01,305 ] ::: INFO ::: FILE [root] --- LINE: [89]
directory: data\preprocessed_data\final_data\output_mask - already hase 38496 inner files, skiping creation of masks
[ 2026-09-03 14:39:01,305 ] ::: INFO ::: FILE [root] --- LINE: [108]
files: 
data\preprocessed_data\final_data\train.csv
data\preprocessed_data\final_data\dev.csv
data\preprocessed_data\final_data\test.csv
 not found. Entering creation of train, dev and test csv files
[ 2026-09-03 14:39:01,309 ] ::: INFO ::: FILE [root] --- LINE: [52]
file: data\preprocessed_data\final_data\dev.csv - does not exist. creating new one...
[ 2026-09-03 14:39:01,309 ] ::: ERROR ::: FILE [root] --- LINE: [74]
error at _make_inp_out_map:
argument of type 'NoneType' is not iterable
[ 2026-09-03 14:39:01,309 ] ::: ERROR ::: FILE [root] --- LINE: [132]
Error: argument of type 'NoneType' is not iterable
[ 2026-09-03 14:39:01,310 ] ::: ERROR ::: FILE [root] --- LINE: [20]
SOME TROUBLES WITH STAGE [IMAGE PREPARATION STAGE]
[ 2026-09-03 14:48:37,926 ] ::: INFO ::: FILE [root] --- LINE: [13]

----------------stage [METADATA FORMATION STAGE] started--------------------------
[ 2026-09-03 14:48:37,926 ] ::: INFO ::: FILE [root] --- LINE: [18]
Metadata entity successfully created
[ 2026-09-03 14:48:37,926 ] ::: INFO ::: FILE [root] --- LINE: [72]
data\preprocessed_data\final_dataframe.csv allready exists. Skiping metadata formation stage
[ 2026-09-03 14:48:37,926 ] ::: INFO ::: FILE [root] --- LINE: [18]
================stage [METADATA FORMATION STAGE] ended===========================

[ 2026-09-03 14:48:37,926 ] ::: INFO ::: FILE [root] --- LINE: [13]

----------------stage [IMAGE PREPARATION STAGE] started--------------------------
[ 2026-09-03 14:48:37,926 ] ::: INFO ::: FILE [root] --- LINE: [34]
Image preparation entity successfully created
[ 2026-09-03 14:48:38,202 ] ::: INFO ::: FILE [root] --- LINE: [23]
successfully retrieved meta data file from: data\preprocessed_data\final_dataframe.csv
[ 2026-09-03 14:48:38,203 ] ::: INFO ::: FILE [root] --- LINE: [26]
successfully confirmed meta data file from: data\preprocessed_data\final_dataframe.csv
[ 2026-09-03 14:48:38,443 ] ::: INFO ::: FILE [root] --- LINE: [91]
directory: data\preprocessed_data\final_data\output_mask - already hase 38496 inner files, skiping creation of masks
[ 2026-09-03 14:48:38,444 ] ::: INFO ::: FILE [root] --- LINE: [110]
files: 
data\preprocessed_data\final_data\train.csv
data\preprocessed_data\final_data\dev.csv
data\preprocessed_data\final_data\test.csv
 not found. Entering creation of train, dev and test csv files
[ 2026-09-03 14:48:38,448 ] ::: INFO ::: FILE [root] --- LINE: [52]
file: data\preprocessed_data\final_data\dev.csv - does not exist. creating new one...
[ 2026-09-03 14:48:38,448 ] ::: ERROR ::: FILE [root] --- LINE: [76]
error at _make_inp_out_map:
argument of type 'NoneType' is not iterable
[ 2026-09-03 14:48:38,448 ] ::: ERROR ::: FILE [root] --- LINE: [133]
Error: argument of type 'NoneType' is not iterable
[ 2026-09-03 14:48:38,448 ] ::: ERROR ::: FILE [root] --- LINE: [20]
SOME TROUBLES WITH STAGE [IMAGE PREPARATION STAGE]
[ 2026-09-03 14:51:37,533 ] ::: INFO ::: FILE [root] --- LINE: [13]

----------------stage [METADATA FORMATION STAGE] started--------------------------
[ 2026-09-03 14:51:37,533 ] ::: INFO ::: FILE [root] --- LINE: [18]
Metadata entity successfully created
[ 2026-09-03 14:51:37,533 ] ::: INFO ::: FILE [root] --- LINE: [72]
data\preprocessed_data\final_dataframe.csv allready exists. Skiping metadata formation stage
[ 2026-09-03 14:51:37,533 ] ::: INFO ::: FILE [root] --- LINE: [18]
================stage [METADATA FORMATION STAGE] ended===========================

[ 2026-09-03 14:51:37,533 ] ::: INFO ::: FILE [root] --- LINE: [13]

----------------stage [IMAGE PREPARATION STAGE] started--------------------------
[ 2026-09-03 14:51:37,533 ] ::: INFO ::: FILE [root] --- LINE: [34]
Image preparation entity successfully created
[ 2026-09-03 14:51:37,793 ] ::: INFO ::: FILE [root] --- LINE: [23]
successfully retrieved meta data file from: data\preprocessed_data\final_dataframe.csv
[ 2026-09-03 14:51:37,794 ] ::: INFO ::: FILE [root] --- LINE: [26]
successfully confirmed meta data file from: data\preprocessed_data\final_dataframe.csv
[ 2026-09-03 14:51:38,026 ] ::: INFO ::: FILE [root] --- LINE: [92]
directory: data\preprocessed_data\final_data\output_mask - already hase 38496 inner files, skiping creation of masks
[ 2026-09-03 14:51:38,027 ] ::: INFO ::: FILE [root] --- LINE: [111]
files: 
data\preprocessed_data\final_data\train.csv
data\preprocessed_data\final_data\dev.csv
data\preprocessed_data\final_data\test.csv
 not found. Entering creation of train, dev and test csv files
[ 2026-09-03 14:51:38,031 ] ::: INFO ::: FILE [root] --- LINE: [52]
file: data\preprocessed_data\final_data\dev.csv - does not exist. creating new one...
[ 2026-09-03 14:51:38,032 ] ::: INFO ::: FILE [root] --- LINE: [69]
successfully created csv file at: data\preprocessed_data\final_data\dev.csv
[ 2026-09-03 14:51:38,032 ] ::: INFO ::: FILE [root] --- LINE: [52]
file: data\preprocessed_data\final_data\test.csv - does not exist. creating new one...
[ 2026-09-03 14:51:38,033 ] ::: INFO ::: FILE [root] --- LINE: [69]
successfully created csv file at: data\preprocessed_data\final_data\test.csv
[ 2026-09-03 14:51:38,033 ] ::: INFO ::: FILE [root] --- LINE: [52]
file: data\preprocessed_data\final_data\train.csv - does not exist. creating new one...
[ 2026-09-03 14:51:38,353 ] ::: INFO ::: FILE [root] --- LINE: [69]
successfully created csv file at: data\preprocessed_data\final_data\train.csv
[ 2026-09-03 14:51:38,354 ] ::: INFO ::: FILE [root] --- LINE: [130]
train, dev and test csv files successfully created at:
data\preprocessed_data\final_data\train.csv
data\preprocessed_data\final_data\dev.csv
data\preprocessed_data\final_data\test.csv
[ 2026-09-03 14:51:38,354 ] ::: INFO ::: FILE [root] --- LINE: [18]
================stage [IMAGE PREPARATION STAGE] ended===========================

[ 2026-09-03 15:01:31,742 ] ::: INFO ::: FILE [root] --- LINE: [13]

----------------stage [METADATA FORMATION STAGE] started--------------------------
[ 2026-09-03 15:01:31,742 ] ::: INFO ::: FILE [root] --- LINE: [18]
Metadata entity successfully created
[ 2026-09-03 15:01:31,742 ] ::: INFO ::: FILE [root] --- LINE: [72]
data\preprocessed_data\final_dataframe.csv allready exists. Skiping metadata formation stage
[ 2026-09-03 15:01:31,742 ] ::: INFO ::: FILE [root] --- LINE: [18]
================stage [METADATA FORMATION STAGE] ended===========================

[ 2026-09-03 15:01:31,742 ] ::: INFO ::: FILE [root] --- LINE: [13]

----------------stage [IMAGE PREPARATION STAGE] started--------------------------
[ 2026-09-03 15:01:31,742 ] ::: INFO ::: FILE [root] --- LINE: [34]
Image preparation entity successfully created
[ 2026-09-03 15:01:32,053 ] ::: INFO ::: FILE [root] --- LINE: [23]
successfully retrieved meta data file from: data\preprocessed_data\final_dataframe.csv
[ 2026-09-03 15:01:32,053 ] ::: INFO ::: FILE [root] --- LINE: [26]
successfully confirmed meta data file from: data\preprocessed_data\final_dataframe.csv
[ 2026-09-03 15:01:32,302 ] ::: INFO ::: FILE [root] --- LINE: [92]
directory: data\preprocessed_data\final_data\output_mask - already hase 38496 inner files, skiping creation of masks
[ 2026-09-03 15:01:32,302 ] ::: INFO ::: FILE [root] --- LINE: [111]
files: 
data\preprocessed_data\final_data\train.csv
data\preprocessed_data\final_data\dev.csv
data\preprocessed_data\final_data\test.csv
 not found. Entering creation of train, dev and test csv files
[ 2026-09-03 15:01:32,305 ] ::: INFO ::: FILE [root] --- LINE: [52]
file: data\preprocessed_data\final_data\dev.csv - does not exist. creating new one...
[ 2026-09-03 15:01:32,320 ] ::: INFO ::: FILE [root] --- LINE: [69]
successfully created csv file at: data\preprocessed_data\final_data\dev.csv
[ 2026-09-03 15:01:32,320 ] ::: INFO ::: FILE [root] --- LINE: [52]
file: data\preprocessed_data\final_data\test.csv - does not exist. creating new one...
[ 2026-09-03 15:01:32,334 ] ::: INFO ::: FILE [root] --- LINE: [69]
successfully created csv file at: data\preprocessed_data\final_data\test.csv
[ 2026-09-03 15:01:32,334 ] ::: INFO ::: FILE [root] --- LINE: [72]
file: data\preprocessed_data\final_data\train.csv - already exists
[ 2026-09-03 15:01:32,334 ] ::: INFO ::: FILE [root] --- LINE: [130]
train, dev and test csv files successfully created
[ 2026-09-03 15:01:32,334 ] ::: INFO ::: FILE [root] --- LINE: [18]
================stage [IMAGE PREPARATION STAGE] ended===========================

[ 2026-09-03 15:08:46,184 ] ::: INFO ::: FILE [root] --- LINE: [13]

----------------stage [METADATA FORMATION STAGE] started--------------------------
[ 2026-09-03 15:08:46,184 ] ::: INFO ::: FILE [root] --- LINE: [18]
Metadata entity successfully created
[ 2026-09-03 15:08:46,185 ] ::: INFO ::: FILE [root] --- LINE: [16]
data\preprocessed_data\final_dataframe.csv does not exists. Entering metadata formation stage
[ 2026-09-03 15:08:48,113 ] ::: INFO ::: FILE [root] --- LINE: [63]
data\preprocessed_data\final_dataframe.csv successfully created
[ 2026-09-03 15:08:48,128 ] ::: INFO ::: FILE [root] --- LINE: [18]
================stage [METADATA FORMATION STAGE] ended===========================

[ 2026-09-03 15:08:48,128 ] ::: INFO ::: FILE [root] --- LINE: [13]

----------------stage [IMAGE PREPARATION STAGE] started--------------------------
[ 2026-09-03 15:08:48,128 ] ::: INFO ::: FILE [root] --- LINE: [34]
Image preparation entity successfully created
[ 2026-09-03 15:08:48,383 ] ::: INFO ::: FILE [root] --- LINE: [23]
successfully retrieved meta data file from: data\preprocessed_data\final_dataframe.csv
[ 2026-09-03 15:08:48,383 ] ::: INFO ::: FILE [root] --- LINE: [26]
successfully confirmed meta data file from: data\preprocessed_data\final_dataframe.csv
[ 2026-09-03 15:08:48,611 ] ::: INFO ::: FILE [root] --- LINE: [95]
directory: data\preprocessed_data\final_data\output_mask - hase no inner files, entering creation of masks...
[ 2026-09-03 15:09:11,234 ] ::: INFO ::: FILE [root] --- LINE: [102]
directory: data\preprocessed_data\final_data\output_mask - successfully filled with 38496 masks
[ 2026-09-03 15:09:11,234 ] ::: INFO ::: FILE [root] --- LINE: [111]
files: 
data\preprocessed_data\final_data\train.csv
data\preprocessed_data\final_data\dev.csv
data\preprocessed_data\final_data\test.csv
 not found. Entering creation of train, dev and test csv files
[ 2026-09-03 15:09:11,237 ] ::: INFO ::: FILE [root] --- LINE: [52]
file: data\preprocessed_data\final_data\dev.csv - does not exist. creating new one...
[ 2026-09-03 15:09:11,245 ] ::: INFO ::: FILE [root] --- LINE: [69]
successfully created csv file at: data\preprocessed_data\final_data\dev.csv
[ 2026-09-03 15:09:11,245 ] ::: INFO ::: FILE [root] --- LINE: [52]
file: data\preprocessed_data\final_data\test.csv - does not exist. creating new one...
[ 2026-09-03 15:09:11,252 ] ::: INFO ::: FILE [root] --- LINE: [69]
successfully created csv file at: data\preprocessed_data\final_data\test.csv
[ 2026-09-03 15:09:11,252 ] ::: INFO ::: FILE [root] --- LINE: [52]
file: data\preprocessed_data\final_data\train.csv - does not exist. creating new one...
[ 2026-09-03 15:09:11,394 ] ::: INFO ::: FILE [root] --- LINE: [69]
successfully created csv file at: data\preprocessed_data\final_data\train.csv
[ 2026-09-03 15:09:11,395 ] ::: INFO ::: FILE [root] --- LINE: [130]
train, dev and test csv files successfully created
[ 2026-09-03 15:09:11,396 ] ::: INFO ::: FILE [root] --- LINE: [18]
================stage [IMAGE PREPARATION STAGE] ended===========================

