[ 2026-10-03 08:17:21,227 ] ::: INFO ::: FILE [root] --- LINE: [150]
accelerator not passed as argument.
[ 2026-10-03 08:17:21,228 ] ::: INFO ::: FILE [root] --- LINE: [154]
Tested accelerator: cpu
[ 2026-10-03 08:17:21,228 ] ::: INFO ::: FILE [root] --- LINE: [145]
Model creation entity successfully created
[ 2026-10-03 08:17:21,500 ] ::: INFO ::: FILE [root] --- LINE: [151]
the new data from data\preprocessed_data\final_data\dev.csv successfully added to data_csv\final.csv
[ 2026-10-03 08:17:21,674 ] ::: INFO ::: FILE [root] --- LINE: [461]
Final model creation entity created
[ 2026-10-03 08:17:21,788 ] ::: INFO ::: FILE [root] --- LINE: [138]
creation of the model...
[ 2026-10-03 08:17:21,894 ] ::: INFO ::: FILE [root] --- LINE: [176]
creation of the model compleated
[ 2026-10-03 08:17:21,906 ] ::: INFO ::: FILE [root] --- LINE: [48]
MRI lightning data module successfully initialized
[ 2026-10-03 08:17:21,907 ] ::: INFO ::: FILE [root] --- LINE: [21]
entering the creation of dataset
[ 2026-10-03 08:17:22,055 ] ::: INFO ::: FILE [root] --- LINE: [53]
dataset successfully created. DO NOT FORGT TO USE ---> on_epoch_end <--- FUNCTION
[ 2026-10-03 08:17:22,056 ] ::: INFO ::: FILE [root] --- LINE: [21]
entering the creation of dataset
[ 2026-10-03 08:17:22,066 ] ::: INFO ::: FILE [root] --- LINE: [53]
dataset successfully created. DO NOT FORGT TO USE ---> on_epoch_end <--- FUNCTION
[ 2026-10-03 08:17:22,066 ] ::: INFO ::: FILE [root] --- LINE: [21]
entering the creation of dataset
[ 2026-10-03 08:17:22,079 ] ::: INFO ::: FILE [root] --- LINE: [53]
dataset successfully created. DO NOT FORGT TO USE ---> on_epoch_end <--- FUNCTION
[ 2026-10-03 08:17:22,099 ] ::: INFO ::: FILE [root] --- LINE: [138]
creation of the model...
[ 2026-10-03 08:17:22,214 ] ::: INFO ::: FILE [root] --- LINE: [176]
creation of the model compleated
[ 2026-10-03 08:17:22,224 ] ::: INFO ::: FILE [root] --- LINE: [121]
MRI lightning module successfully initialized
[ 2026-10-03 08:17:22,225 ] ::: INFO ::: FILE [root] --- LINE: [48]
MRI lightning data module successfully initialized
[ 2026-10-03 08:17:22,228 ] ::: INFO ::: FILE [root] --- LINE: [79]
MRI model trainer successfully initialized
[ 2026-10-03 08:20:08,050 ] ::: INFO ::: FILE [root] --- LINE: [150]
accelerator not passed as argument.
[ 2026-10-03 08:20:08,051 ] ::: INFO ::: FILE [root] --- LINE: [154]
Tested accelerator: cpu
[ 2026-10-03 08:20:08,052 ] ::: INFO ::: FILE [root] --- LINE: [145]
Model creation entity successfully created
[ 2026-10-03 08:20:08,320 ] ::: INFO ::: FILE [root] --- LINE: [151]
the new data from data\preprocessed_data\final_data\dev.csv successfully added to data_csv\final.csv
[ 2026-10-03 08:20:08,497 ] ::: INFO ::: FILE [root] --- LINE: [461]
Final model creation entity created
[ 2026-10-03 08:20:08,617 ] ::: INFO ::: FILE [root] --- LINE: [138]
creation of the model...
[ 2026-10-03 08:20:08,724 ] ::: INFO ::: FILE [root] --- LINE: [176]
creation of the model compleated
[ 2026-10-03 08:20:08,735 ] ::: INFO ::: FILE [root] --- LINE: [48]
MRI lightning data module successfully initialized
[ 2026-10-03 08:20:08,735 ] ::: INFO ::: FILE [root] --- LINE: [21]
entering the creation of dataset
[ 2026-10-03 08:20:08,863 ] ::: INFO ::: FILE [root] --- LINE: [53]
dataset successfully created. DO NOT FORGT TO USE ---> on_epoch_end <--- FUNCTION
[ 2026-10-03 08:20:08,863 ] ::: INFO ::: FILE [root] --- LINE: [21]
entering the creation of dataset
[ 2026-10-03 08:20:08,874 ] ::: INFO ::: FILE [root] --- LINE: [53]
dataset successfully created. DO NOT FORGT TO USE ---> on_epoch_end <--- FUNCTION
[ 2026-10-03 08:20:08,874 ] ::: INFO ::: FILE [root] --- LINE: [21]
entering the creation of dataset
[ 2026-10-03 08:20:08,883 ] ::: INFO ::: FILE [root] --- LINE: [53]
dataset successfully created. DO NOT FORGT TO USE ---> on_epoch_end <--- FUNCTION
[ 2026-10-03 08:20:08,894 ] ::: INFO ::: FILE [root] --- LINE: [138]
creation of the model...
[ 2026-10-03 08:20:09,006 ] ::: INFO ::: FILE [root] --- LINE: [176]
creation of the model compleated
[ 2026-10-03 08:20:09,014 ] ::: INFO ::: FILE [root] --- LINE: [121]
MRI lightning module successfully initialized
[ 2026-10-03 08:20:09,014 ] ::: INFO ::: FILE [root] --- LINE: [48]
MRI lightning data module successfully initialized
[ 2026-10-03 08:20:09,017 ] ::: INFO ::: FILE [root] --- LINE: [79]
MRI model trainer successfully initialized
[ 2026-10-03 08:23:37,427 ] ::: INFO ::: FILE [root] --- LINE: [150]
accelerator not passed as argument.
[ 2026-10-03 08:23:37,428 ] ::: INFO ::: FILE [root] --- LINE: [154]
Tested accelerator: cpu
[ 2026-10-03 08:23:37,429 ] ::: INFO ::: FILE [root] --- LINE: [145]
Model creation entity successfully created
[ 2026-10-03 08:23:37,701 ] ::: INFO ::: FILE [root] --- LINE: [151]
the new data from data\preprocessed_data\final_data\dev.csv successfully added to data_csv\final.csv
[ 2026-10-03 08:23:37,878 ] ::: INFO ::: FILE [root] --- LINE: [461]
Final model creation entity created
[ 2026-10-03 08:23:37,996 ] ::: INFO ::: FILE [root] --- LINE: [138]
creation of the model...
[ 2026-10-03 08:23:38,104 ] ::: INFO ::: FILE [root] --- LINE: [176]
creation of the model compleated
[ 2026-10-03 08:23:38,115 ] ::: INFO ::: FILE [root] --- LINE: [48]
MRI lightning data module successfully initialized
[ 2026-10-03 08:23:38,115 ] ::: INFO ::: FILE [root] --- LINE: [21]
entering the creation of dataset
[ 2026-10-03 08:23:38,245 ] ::: INFO ::: FILE [root] --- LINE: [53]
dataset successfully created. DO NOT FORGT TO USE ---> on_epoch_end <--- FUNCTION
[ 2026-10-03 08:23:38,246 ] ::: INFO ::: FILE [root] --- LINE: [21]
entering the creation of dataset
[ 2026-10-03 08:23:38,255 ] ::: INFO ::: FILE [root] --- LINE: [53]
dataset successfully created. DO NOT FORGT TO USE ---> on_epoch_end <--- FUNCTION
[ 2026-10-03 08:23:38,255 ] ::: INFO ::: FILE [root] --- LINE: [21]
entering the creation of dataset
[ 2026-10-03 08:23:38,264 ] ::: INFO ::: FILE [root] --- LINE: [53]
dataset successfully created. DO NOT FORGT TO USE ---> on_epoch_end <--- FUNCTION
[ 2026-10-03 08:23:38,276 ] ::: INFO ::: FILE [root] --- LINE: [138]
creation of the model...
[ 2026-10-03 08:23:38,390 ] ::: INFO ::: FILE [root] --- LINE: [176]
creation of the model compleated
[ 2026-10-03 08:23:38,399 ] ::: INFO ::: FILE [root] --- LINE: [121]
MRI lightning module successfully initialized
[ 2026-10-03 08:23:38,399 ] ::: INFO ::: FILE [root] --- LINE: [48]
MRI lightning data module successfully initialized
[ 2026-10-03 08:23:38,402 ] ::: INFO ::: FILE [root] --- LINE: [79]
MRI model trainer successfully initialized
[ 2026-10-03 08:26:13,782 ] ::: INFO ::: FILE [root] --- LINE: [150]
accelerator not passed as argument.
[ 2026-10-03 08:26:13,783 ] ::: INFO ::: FILE [root] --- LINE: [154]
Tested accelerator: cpu
[ 2026-10-03 08:26:13,783 ] ::: INFO ::: FILE [root] --- LINE: [145]
Model creation entity successfully created
[ 2026-10-03 08:26:14,054 ] ::: INFO ::: FILE [root] --- LINE: [151]
the new data from data\preprocessed_data\final_data\dev.csv successfully added to data_csv\final.csv
[ 2026-10-03 08:26:14,267 ] ::: INFO ::: FILE [root] --- LINE: [461]
Final model creation entity created
[ 2026-10-03 08:26:14,392 ] ::: INFO ::: FILE [root] --- LINE: [138]
creation of the model...
[ 2026-10-03 08:26:14,495 ] ::: INFO ::: FILE [root] --- LINE: [176]
creation of the model compleated
[ 2026-10-03 08:26:14,506 ] ::: INFO ::: FILE [root] --- LINE: [48]
MRI lightning data module successfully initialized
[ 2026-10-03 08:26:14,507 ] ::: INFO ::: FILE [root] --- LINE: [21]
entering the creation of dataset
[ 2026-10-03 08:26:14,645 ] ::: INFO ::: FILE [root] --- LINE: [53]
dataset successfully created. DO NOT FORGT TO USE ---> on_epoch_end <--- FUNCTION
[ 2026-10-03 08:26:14,645 ] ::: INFO ::: FILE [root] --- LINE: [21]
entering the creation of dataset
[ 2026-10-03 08:26:14,654 ] ::: INFO ::: FILE [root] --- LINE: [53]
dataset successfully created. DO NOT FORGT TO USE ---> on_epoch_end <--- FUNCTION
[ 2026-10-03 08:26:14,655 ] ::: INFO ::: FILE [root] --- LINE: [21]
entering the creation of dataset
[ 2026-10-03 08:26:14,663 ] ::: INFO ::: FILE [root] --- LINE: [53]
dataset successfully created. DO NOT FORGT TO USE ---> on_epoch_end <--- FUNCTION
[ 2026-10-03 08:26:14,674 ] ::: INFO ::: FILE [root] --- LINE: [138]
creation of the model...
[ 2026-10-03 08:26:14,785 ] ::: INFO ::: FILE [root] --- LINE: [176]
creation of the model compleated
[ 2026-10-03 08:26:14,794 ] ::: INFO ::: FILE [root] --- LINE: [121]
MRI lightning module successfully initialized
[ 2026-10-03 08:26:14,794 ] ::: INFO ::: FILE [root] --- LINE: [48]
MRI lightning data module successfully initialized
[ 2026-10-03 08:26:14,797 ] ::: INFO ::: FILE [root] --- LINE: [79]
MRI model trainer successfully initialized
[ 2026-10-03 08:36:22,539 ] ::: INFO ::: FILE [root] --- LINE: [48]
Start of optuna opitmization process...
[ 2026-10-03 08:45:03,772 ] ::: INFO ::: FILE [root] --- LINE: [150]
accelerator not passed as argument.
[ 2026-10-03 08:45:03,773 ] ::: INFO ::: FILE [root] --- LINE: [154]
Tested accelerator: cpu
[ 2026-10-03 08:45:03,773 ] ::: INFO ::: FILE [root] --- LINE: [145]
Model creation entity successfully created
[ 2026-10-03 08:45:04,042 ] ::: INFO ::: FILE [root] --- LINE: [151]
the new data from data\preprocessed_data\final_data\dev.csv successfully added to data_csv\final.csv
[ 2026-10-03 08:45:04,219 ] ::: INFO ::: FILE [root] --- LINE: [461]
Final model creation entity created
[ 2026-10-03 08:45:04,341 ] ::: INFO ::: FILE [root] --- LINE: [138]
creation of the model...
[ 2026-10-03 08:45:04,446 ] ::: INFO ::: FILE [root] --- LINE: [176]
creation of the model compleated
[ 2026-10-03 08:45:04,457 ] ::: INFO ::: FILE [root] --- LINE: [48]
MRI lightning data module successfully initialized
[ 2026-10-03 08:45:04,458 ] ::: INFO ::: FILE [root] --- LINE: [21]
entering the creation of dataset
[ 2026-10-03 08:45:04,592 ] ::: INFO ::: FILE [root] --- LINE: [53]
dataset successfully created. DO NOT FORGT TO USE ---> on_epoch_end <--- FUNCTION
[ 2026-10-03 08:45:04,592 ] ::: INFO ::: FILE [root] --- LINE: [21]
entering the creation of dataset
[ 2026-10-03 08:45:04,601 ] ::: INFO ::: FILE [root] --- LINE: [53]
dataset successfully created. DO NOT FORGT TO USE ---> on_epoch_end <--- FUNCTION
[ 2026-10-03 08:45:04,601 ] ::: INFO ::: FILE [root] --- LINE: [21]
entering the creation of dataset
[ 2026-10-03 08:45:04,610 ] ::: INFO ::: FILE [root] --- LINE: [53]
dataset successfully created. DO NOT FORGT TO USE ---> on_epoch_end <--- FUNCTION
[ 2026-10-03 08:45:04,622 ] ::: INFO ::: FILE [root] --- LINE: [138]
creation of the model...
[ 2026-10-03 08:45:04,746 ] ::: INFO ::: FILE [root] --- LINE: [176]
creation of the model compleated
[ 2026-10-03 08:45:04,754 ] ::: INFO ::: FILE [root] --- LINE: [121]
MRI lightning module successfully initialized
[ 2026-10-03 08:45:04,754 ] ::: INFO ::: FILE [root] --- LINE: [48]
MRI lightning data module successfully initialized
[ 2026-10-03 08:45:04,757 ] ::: INFO ::: FILE [root] --- LINE: [79]
MRI model trainer successfully initialized
[ 2026-10-03 08:46:10,334 ] ::: INFO ::: FILE [root] --- LINE: [48]
Strat of model training...
[ 2026-10-03 08:50:34,485 ] ::: INFO ::: FILE [root] --- LINE: [150]
accelerator not passed as argument.
[ 2026-10-03 08:50:34,486 ] ::: INFO ::: FILE [root] --- LINE: [154]
Tested accelerator: cpu
[ 2026-10-03 08:50:34,487 ] ::: INFO ::: FILE [root] --- LINE: [145]
Model creation entity successfully created
[ 2026-10-03 08:50:34,792 ] ::: INFO ::: FILE [root] --- LINE: [151]
the new data from data\preprocessed_data\final_data\dev.csv successfully added to data_csv\final.csv
[ 2026-10-03 08:50:34,968 ] ::: INFO ::: FILE [root] --- LINE: [461]
Final model creation entity created
[ 2026-10-03 08:50:35,083 ] ::: INFO ::: FILE [root] --- LINE: [138]
creation of the model...
[ 2026-10-03 08:50:35,186 ] ::: INFO ::: FILE [root] --- LINE: [176]
creation of the model compleated
[ 2026-10-03 08:50:35,197 ] ::: INFO ::: FILE [root] --- LINE: [48]
MRI lightning data module successfully initialized
[ 2026-10-03 08:50:35,197 ] ::: INFO ::: FILE [root] --- LINE: [21]
entering the creation of dataset
[ 2026-10-03 08:50:35,325 ] ::: INFO ::: FILE [root] --- LINE: [53]
dataset successfully created. DO NOT FORGT TO USE ---> on_epoch_end <--- FUNCTION
[ 2026-10-03 08:50:35,326 ] ::: INFO ::: FILE [root] --- LINE: [21]
entering the creation of dataset
[ 2026-10-03 08:50:35,335 ] ::: INFO ::: FILE [root] --- LINE: [53]
dataset successfully created. DO NOT FORGT TO USE ---> on_epoch_end <--- FUNCTION
[ 2026-10-03 08:50:35,335 ] ::: INFO ::: FILE [root] --- LINE: [21]
entering the creation of dataset
[ 2026-10-03 08:50:35,344 ] ::: INFO ::: FILE [root] --- LINE: [53]
dataset successfully created. DO NOT FORGT TO USE ---> on_epoch_end <--- FUNCTION
[ 2026-10-03 08:50:35,355 ] ::: INFO ::: FILE [root] --- LINE: [138]
creation of the model...
[ 2026-10-03 08:50:35,464 ] ::: INFO ::: FILE [root] --- LINE: [176]
creation of the model compleated
[ 2026-10-03 08:50:35,474 ] ::: INFO ::: FILE [root] --- LINE: [121]
MRI lightning module successfully initialized
[ 2026-10-03 08:50:35,474 ] ::: INFO ::: FILE [root] --- LINE: [48]
MRI lightning data module successfully initialized
[ 2026-10-03 08:50:35,477 ] ::: INFO ::: FILE [root] --- LINE: [79]
MRI model trainer successfully initialized
[ 2026-10-03 08:50:45,551 ] ::: INFO ::: FILE [root] --- LINE: [48]
Strat of model training...
[ 2026-10-03 08:50:45,569 ] ::: INFO ::: FILE [lightning.pytorch.utilities.rank_zero] --- LINE: [164]
GPU available: False, used: False
[ 2026-10-03 08:50:45,570 ] ::: INFO ::: FILE [lightning.pytorch.utilities.rank_zero] --- LINE: [167]
TPU available: False, using: 0 TPU cores
[ 2026-10-03 08:50:45,571 ] ::: INFO ::: FILE [lightning.pytorch.utilities.rank_zero] --- LINE: [91]
\U0001f4a1 Tip: For seamless cloud logging and experiment tracking, try installing [litlogger](https://pypi.org/project/litlogger/) to enable LitLogger, which logs metrics and artifacts automatically to the Lightning Experiments platform.
[ 2026-10-03 08:50:45,572 ] ::: INFO ::: FILE [root] --- LINE: [150]
MRI model lightning trainer successfully initialized
[ 2026-10-03 09:00:25,610 ] ::: INFO ::: FILE [root] --- LINE: [48]
Strat of model training...
[ 2026-10-03 09:00:25,612 ] ::: INFO ::: FILE [lightning.pytorch.utilities.rank_zero] --- LINE: [122]
Trainer already configured with model summary callbacks: [<class 'lightning.pytorch.callbacks.rich_model_summary.RichModelSummary'>]. Skipping setting a default `ModelSummary` callback.
[ 2026-10-03 09:00:25,631 ] ::: INFO ::: FILE [lightning.pytorch.utilities.rank_zero] --- LINE: [164]
GPU available: False, used: False
[ 2026-10-03 09:00:25,632 ] ::: INFO ::: FILE [lightning.pytorch.utilities.rank_zero] --- LINE: [167]
TPU available: False, using: 0 TPU cores
[ 2026-10-03 09:00:25,633 ] ::: INFO ::: FILE [lightning.pytorch.utilities.rank_zero] --- LINE: [91]
\U0001f4a1 Tip: For seamless cloud logging and experiment tracking, try installing [litlogger](https://pypi.org/project/litlogger/) to enable LitLogger, which logs metrics and artifacts automatically to the Lightning Experiments platform.
[ 2026-10-03 09:00:25,634 ] ::: INFO ::: FILE [root] --- LINE: [150]
MRI model lightning trainer successfully initialized
[ 2026-10-03 09:00:25,635 ] ::: WARNING ::: FILE [lightning.pytorch.loggers.mlflow] --- LINE: [196]
The tag mlflow.runName is found in tags. The value will be overridden by final_gpu-final.
[ 2026-10-03 09:01:13,489 ] ::: INFO ::: FILE [root] --- LINE: [48]
Strat of model training...
[ 2026-10-03 09:01:13,490 ] ::: INFO ::: FILE [lightning.pytorch.utilities.rank_zero] --- LINE: [122]
Trainer already configured with model summary callbacks: [<class 'lightning.pytorch.callbacks.rich_model_summary.RichModelSummary'>]. Skipping setting a default `ModelSummary` callback.
[ 2026-10-03 09:01:13,507 ] ::: INFO ::: FILE [lightning.pytorch.utilities.rank_zero] --- LINE: [164]
GPU available: False, used: False
[ 2026-10-03 09:01:13,508 ] ::: INFO ::: FILE [lightning.pytorch.utilities.rank_zero] --- LINE: [167]
TPU available: False, using: 0 TPU cores
[ 2026-10-03 09:01:13,508 ] ::: INFO ::: FILE [lightning.pytorch.utilities.rank_zero] --- LINE: [91]
\U0001f4a1 Tip: For seamless cloud logging and experiment tracking, try installing [litlogger](https://pypi.org/project/litlogger/) to enable LitLogger, which logs metrics and artifacts automatically to the Lightning Experiments platform.
[ 2026-10-03 09:01:13,509 ] ::: INFO ::: FILE [root] --- LINE: [150]
MRI model lightning trainer successfully initialized
[ 2026-10-03 09:01:13,509 ] ::: WARNING ::: FILE [lightning.pytorch.loggers.mlflow] --- LINE: [196]
The tag mlflow.runName is found in tags. The value will be overridden by final_gpu-final.
[ 2026-10-03 09:01:13,885 ] ::: INFO ::: FILE [root] --- LINE: [21]
entering the creation of dataset
[ 2026-10-03 09:01:14,033 ] ::: INFO ::: FILE [root] --- LINE: [53]
dataset successfully created. DO NOT FORGT TO USE ---> on_epoch_end <--- FUNCTION
[ 2026-10-03 09:01:14,033 ] ::: INFO ::: FILE [root] --- LINE: [21]
entering the creation of dataset
[ 2026-10-03 09:01:14,043 ] ::: INFO ::: FILE [root] --- LINE: [53]
dataset successfully created. DO NOT FORGT TO USE ---> on_epoch_end <--- FUNCTION
[ 2026-10-03 09:01:14,622 ] ::: INFO ::: FILE [lightning.pytorch.utilities.rank_zero] --- LINE: [81]
Restoring states from the checkpoint path at models\final\inp\model_gpu.ckpt
[ 2026-10-03 09:01:17,754 ] ::: INFO ::: FILE [lightning.pytorch.utilities.rank_zero] --- LINE: [224]
Restored all states from the checkpoint at models\final\inp\model_gpu.ckpt
[ 2026-10-03 09:02:07,635 ] ::: INFO ::: FILE [lightning.pytorch.utilities.rank_zero] --- LINE: [58]

Detected KeyboardInterrupt, attempting graceful shutdown ...
[ 2026-10-03 09:04:18,945 ] ::: INFO ::: FILE [root] --- LINE: [150]
accelerator not passed as argument.
[ 2026-10-03 09:04:18,946 ] ::: INFO ::: FILE [root] --- LINE: [154]
Tested accelerator: cpu
[ 2026-10-03 09:04:18,947 ] ::: INFO ::: FILE [root] --- LINE: [145]
Model creation entity successfully created
[ 2026-10-03 09:04:19,226 ] ::: INFO ::: FILE [root] --- LINE: [151]
the new data from data\preprocessed_data\final_data\dev.csv successfully added to data_csv\final.csv
[ 2026-10-03 09:04:19,398 ] ::: INFO ::: FILE [root] --- LINE: [461]
Final model creation entity created
[ 2026-10-03 09:04:19,520 ] ::: INFO ::: FILE [root] --- LINE: [138]
creation of the model...
[ 2026-10-03 09:04:19,627 ] ::: INFO ::: FILE [root] --- LINE: [176]
creation of the model compleated
[ 2026-10-03 09:04:19,638 ] ::: INFO ::: FILE [root] --- LINE: [48]
MRI lightning data module successfully initialized
[ 2026-10-03 09:04:19,638 ] ::: INFO ::: FILE [root] --- LINE: [21]
entering the creation of dataset
[ 2026-10-03 09:04:19,768 ] ::: INFO ::: FILE [root] --- LINE: [53]
dataset successfully created. DO NOT FORGT TO USE ---> on_epoch_end <--- FUNCTION
[ 2026-10-03 09:04:19,768 ] ::: INFO ::: FILE [root] --- LINE: [21]
entering the creation of dataset
[ 2026-10-03 09:04:19,778 ] ::: INFO ::: FILE [root] --- LINE: [53]
dataset successfully created. DO NOT FORGT TO USE ---> on_epoch_end <--- FUNCTION
[ 2026-10-03 09:04:19,778 ] ::: INFO ::: FILE [root] --- LINE: [21]
entering the creation of dataset
[ 2026-10-03 09:04:19,803 ] ::: INFO ::: FILE [root] --- LINE: [53]
dataset successfully created. DO NOT FORGT TO USE ---> on_epoch_end <--- FUNCTION
[ 2026-10-03 09:04:19,817 ] ::: INFO ::: FILE [root] --- LINE: [138]
creation of the model...
[ 2026-10-03 09:04:19,935 ] ::: INFO ::: FILE [root] --- LINE: [176]
creation of the model compleated
[ 2026-10-03 09:04:19,949 ] ::: INFO ::: FILE [root] --- LINE: [121]
MRI lightning module successfully initialized
[ 2026-10-03 09:04:19,949 ] ::: INFO ::: FILE [root] --- LINE: [48]
MRI lightning data module successfully initialized
[ 2026-10-03 09:04:19,953 ] ::: INFO ::: FILE [root] --- LINE: [79]
MRI model trainer successfully initialized
[ 2026-10-03 09:05:54,928 ] ::: INFO ::: FILE [root] --- LINE: [150]
accelerator not passed as argument.
[ 2026-10-03 09:05:54,929 ] ::: INFO ::: FILE [root] --- LINE: [154]
Tested accelerator: cpu
[ 2026-10-03 09:05:54,930 ] ::: INFO ::: FILE [root] --- LINE: [145]
Model creation entity successfully created
[ 2026-10-03 09:05:55,238 ] ::: INFO ::: FILE [root] --- LINE: [151]
the new data from data\preprocessed_data\final_data\dev.csv successfully added to data_csv\final.csv
[ 2026-10-03 09:05:55,414 ] ::: INFO ::: FILE [root] --- LINE: [461]
Final model creation entity created
[ 2026-10-03 09:05:55,533 ] ::: INFO ::: FILE [root] --- LINE: [138]
creation of the model...
[ 2026-10-03 09:05:55,638 ] ::: INFO ::: FILE [root] --- LINE: [176]
creation of the model compleated
[ 2026-10-03 09:05:55,649 ] ::: INFO ::: FILE [root] --- LINE: [48]
MRI lightning data module successfully initialized
[ 2026-10-03 09:05:55,649 ] ::: INFO ::: FILE [root] --- LINE: [21]
entering the creation of dataset
[ 2026-10-03 09:05:55,778 ] ::: INFO ::: FILE [root] --- LINE: [53]
dataset successfully created. DO NOT FORGT TO USE ---> on_epoch_end <--- FUNCTION
[ 2026-10-03 09:05:55,778 ] ::: INFO ::: FILE [root] --- LINE: [21]
entering the creation of dataset
[ 2026-10-03 09:05:55,788 ] ::: INFO ::: FILE [root] --- LINE: [53]
dataset successfully created. DO NOT FORGT TO USE ---> on_epoch_end <--- FUNCTION
[ 2026-10-03 09:05:55,788 ] ::: INFO ::: FILE [root] --- LINE: [21]
entering the creation of dataset
[ 2026-10-03 09:05:55,800 ] ::: INFO ::: FILE [root] --- LINE: [53]
dataset successfully created. DO NOT FORGT TO USE ---> on_epoch_end <--- FUNCTION
[ 2026-10-03 09:05:55,811 ] ::: INFO ::: FILE [root] --- LINE: [138]
creation of the model...
[ 2026-10-03 09:05:55,925 ] ::: INFO ::: FILE [root] --- LINE: [176]
creation of the model compleated
[ 2026-10-03 09:05:55,934 ] ::: INFO ::: FILE [root] --- LINE: [121]
MRI lightning module successfully initialized
[ 2026-10-03 09:05:55,934 ] ::: INFO ::: FILE [root] --- LINE: [48]
MRI lightning data module successfully initialized
[ 2026-10-03 09:05:55,937 ] ::: INFO ::: FILE [root] --- LINE: [79]
MRI model trainer successfully initialized
[ 2026-10-03 09:09:27,439 ] ::: INFO ::: FILE [root] --- LINE: [150]
accelerator not passed as argument.
[ 2026-10-03 09:09:27,441 ] ::: INFO ::: FILE [root] --- LINE: [154]
Tested accelerator: cpu
[ 2026-10-03 09:09:27,441 ] ::: INFO ::: FILE [root] --- LINE: [145]
Model creation entity successfully created
[ 2026-10-03 09:09:27,721 ] ::: INFO ::: FILE [root] --- LINE: [151]
the new data from data\preprocessed_data\final_data\dev.csv successfully added to data_csv\final.csv
[ 2026-10-03 09:37:09,066 ] ::: INFO ::: FILE [root] --- LINE: [150]
accelerator not passed as argument.
[ 2026-10-03 09:37:09,067 ] ::: INFO ::: FILE [root] --- LINE: [154]
Tested accelerator: cpu
[ 2026-10-03 09:37:09,068 ] ::: INFO ::: FILE [root] --- LINE: [145]
Model creation entity successfully created
[ 2026-10-03 09:37:09,400 ] ::: INFO ::: FILE [root] --- LINE: [151]
the new data from data\preprocessed_data\final_data\dev.csv successfully added to data_csv\final.csv
[ 2026-10-03 09:37:09,580 ] ::: INFO ::: FILE [root] --- LINE: [463]
Final model creation entity created
[ 2026-10-03 09:37:09,700 ] ::: INFO ::: FILE [root] --- LINE: [138]
creation of the model...
[ 2026-10-03 09:37:09,808 ] ::: INFO ::: FILE [root] --- LINE: [176]
creation of the model compleated
[ 2026-10-03 09:37:09,820 ] ::: INFO ::: FILE [root] --- LINE: [48]
MRI lightning data module successfully initialized
[ 2026-10-03 09:37:09,820 ] ::: INFO ::: FILE [root] --- LINE: [21]
entering the creation of dataset
[ 2026-10-03 09:37:09,962 ] ::: INFO ::: FILE [root] --- LINE: [53]
dataset successfully created. DO NOT FORGT TO USE ---> on_epoch_end <--- FUNCTION
[ 2026-10-03 09:37:09,962 ] ::: INFO ::: FILE [root] --- LINE: [21]
entering the creation of dataset
[ 2026-10-03 09:37:09,972 ] ::: INFO ::: FILE [root] --- LINE: [53]
dataset successfully created. DO NOT FORGT TO USE ---> on_epoch_end <--- FUNCTION
[ 2026-10-03 09:37:09,972 ] ::: INFO ::: FILE [root] --- LINE: [21]
entering the creation of dataset
[ 2026-10-03 09:37:09,982 ] ::: INFO ::: FILE [root] --- LINE: [53]
dataset successfully created. DO NOT FORGT TO USE ---> on_epoch_end <--- FUNCTION
[ 2026-10-03 09:37:10,001 ] ::: INFO ::: FILE [root] --- LINE: [138]
creation of the model...
[ 2026-10-03 09:37:10,124 ] ::: INFO ::: FILE [root] --- LINE: [176]
creation of the model compleated
[ 2026-10-03 09:37:10,134 ] ::: INFO ::: FILE [root] --- LINE: [121]
MRI lightning module successfully initialized
[ 2026-10-03 09:37:10,134 ] ::: INFO ::: FILE [root] --- LINE: [48]
MRI lightning data module successfully initialized
[ 2026-10-03 09:37:10,137 ] ::: INFO ::: FILE [root] --- LINE: [79]
MRI model trainer successfully initialized
[ 2026-10-03 09:42:18,177 ] ::: INFO ::: FILE [root] --- LINE: [150]
accelerator not passed as argument.
[ 2026-10-03 09:42:18,178 ] ::: INFO ::: FILE [root] --- LINE: [154]
Tested accelerator: cpu
[ 2026-10-03 09:42:18,179 ] ::: INFO ::: FILE [root] --- LINE: [145]
Model creation entity successfully created
[ 2026-10-03 09:42:18,462 ] ::: INFO ::: FILE [root] --- LINE: [151]
the new data from data\preprocessed_data\final_data\dev.csv successfully added to data_csv\final.csv
[ 2026-10-03 09:42:18,636 ] ::: INFO ::: FILE [root] --- LINE: [463]
Final model creation entity created
[ 2026-10-03 09:42:18,755 ] ::: INFO ::: FILE [root] --- LINE: [138]
creation of the model...
[ 2026-10-03 09:42:18,864 ] ::: INFO ::: FILE [root] --- LINE: [176]
creation of the model compleated
[ 2026-10-03 09:42:18,876 ] ::: INFO ::: FILE [root] --- LINE: [48]
MRI lightning data module successfully initialized
[ 2026-10-03 09:42:18,876 ] ::: INFO ::: FILE [root] --- LINE: [21]
entering the creation of dataset
[ 2026-10-03 09:42:19,009 ] ::: INFO ::: FILE [root] --- LINE: [53]
dataset successfully created. DO NOT FORGT TO USE ---> on_epoch_end <--- FUNCTION
[ 2026-10-03 09:42:19,009 ] ::: INFO ::: FILE [root] --- LINE: [21]
entering the creation of dataset
[ 2026-10-03 09:42:19,018 ] ::: INFO ::: FILE [root] --- LINE: [53]
dataset successfully created. DO NOT FORGT TO USE ---> on_epoch_end <--- FUNCTION
[ 2026-10-03 09:42:19,018 ] ::: INFO ::: FILE [root] --- LINE: [21]
entering the creation of dataset
[ 2026-10-03 09:42:19,027 ] ::: INFO ::: FILE [root] --- LINE: [53]
dataset successfully created. DO NOT FORGT TO USE ---> on_epoch_end <--- FUNCTION
[ 2026-10-03 09:42:19,038 ] ::: INFO ::: FILE [root] --- LINE: [138]
creation of the model...
[ 2026-10-03 09:42:19,152 ] ::: INFO ::: FILE [root] --- LINE: [176]
creation of the model compleated
[ 2026-10-03 09:42:19,162 ] ::: INFO ::: FILE [root] --- LINE: [121]
MRI lightning module successfully initialized
[ 2026-10-03 09:42:19,162 ] ::: INFO ::: FILE [root] --- LINE: [48]
MRI lightning data module successfully initialized
[ 2026-10-03 09:42:19,164 ] ::: INFO ::: FILE [root] --- LINE: [79]
MRI model trainer successfully initialized
[ 2026-10-03 12:33:51,295 ] ::: INFO ::: FILE [lightning.fabric.utilities.seed] --- LINE: [57]
Seed set to 42
[ 2026-10-03 12:33:51,297 ] ::: INFO ::: FILE [root] --- LINE: [10]

----------------stage [FINAL MODEL TRAIN STAGE] started--------------------------
[ 2026-10-03 12:33:51,298 ] ::: INFO ::: FILE [root] --- LINE: [150]
accelerator not passed as argument.
[ 2026-10-03 12:33:51,298 ] ::: INFO ::: FILE [root] --- LINE: [154]
Tested accelerator: cpu
[ 2026-10-03 12:33:51,299 ] ::: INFO ::: FILE [root] --- LINE: [145]
Model creation entity successfully created
[ 2026-10-03 12:33:51,567 ] ::: INFO ::: FILE [root] --- LINE: [151]
the new data from data\preprocessed_data\final_data\dev.csv successfully added to data_csv\final.csv
[ 2026-10-03 12:33:51,754 ] ::: INFO ::: FILE [root] --- LINE: [463]
Final model creation entity created
[ 2026-10-03 12:33:51,902 ] ::: INFO ::: FILE [root] --- LINE: [138]
creation of the model...
[ 2026-10-03 12:33:52,015 ] ::: INFO ::: FILE [root] --- LINE: [176]
creation of the model compleated
[ 2026-10-03 12:33:52,027 ] ::: INFO ::: FILE [root] --- LINE: [50]
MRI lightning data module successfully initialized
[ 2026-10-03 12:33:52,028 ] ::: INFO ::: FILE [root] --- LINE: [21]
entering the creation of dataset
[ 2026-10-03 12:33:52,161 ] ::: INFO ::: FILE [root] --- LINE: [53]
dataset successfully created. DO NOT FORGT TO USE ---> on_epoch_end <--- FUNCTION
[ 2026-10-03 12:33:52,161 ] ::: INFO ::: FILE [root] --- LINE: [21]
entering the creation of dataset
[ 2026-10-03 12:33:52,171 ] ::: INFO ::: FILE [root] --- LINE: [53]
dataset successfully created. DO NOT FORGT TO USE ---> on_epoch_end <--- FUNCTION
[ 2026-10-03 12:33:52,171 ] ::: INFO ::: FILE [root] --- LINE: [21]
entering the creation of dataset
[ 2026-10-03 12:33:52,180 ] ::: INFO ::: FILE [root] --- LINE: [53]
dataset successfully created. DO NOT FORGT TO USE ---> on_epoch_end <--- FUNCTION
[ 2026-10-03 12:33:52,192 ] ::: INFO ::: FILE [root] --- LINE: [138]
creation of the model...
[ 2026-10-03 12:33:52,310 ] ::: INFO ::: FILE [root] --- LINE: [176]
creation of the model compleated
[ 2026-10-03 12:33:52,319 ] ::: INFO ::: FILE [root] --- LINE: [130]
MRI lightning module successfully initialized
[ 2026-10-03 12:33:52,320 ] ::: INFO ::: FILE [root] --- LINE: [50]
MRI lightning data module successfully initialized
[ 2026-10-03 12:33:52,323 ] ::: INFO ::: FILE [root] --- LINE: [80]
MRI model trainer successfully initialized
[ 2026-10-03 12:34:19,558 ] ::: INFO ::: FILE [root] --- LINE: [48]
Strat of model training...
[ 2026-10-03 12:34:19,575 ] ::: INFO ::: FILE [lightning.pytorch.utilities.rank_zero] --- LINE: [164]
GPU available: False, used: False
[ 2026-10-03 12:34:19,576 ] ::: INFO ::: FILE [lightning.pytorch.utilities.rank_zero] --- LINE: [167]
TPU available: False, using: 0 TPU cores
[ 2026-10-03 12:34:19,576 ] ::: INFO ::: FILE [lightning.pytorch.utilities.rank_zero] --- LINE: [91]
\U0001f4a1 Tip: For seamless cloud logging and experiment tracking, try installing [litlogger](https://pypi.org/project/litlogger/) to enable LitLogger, which logs metrics and artifacts automatically to the Lightning Experiments platform.
[ 2026-10-03 12:34:19,586 ] ::: INFO ::: FILE [root] --- LINE: [151]
MRI model lightning trainer successfully initialized
[ 2026-10-03 12:34:21,200 ] ::: INFO ::: FILE [root] --- LINE: [21]
entering the creation of dataset
[ 2026-10-03 12:34:21,332 ] ::: INFO ::: FILE [root] --- LINE: [53]
dataset successfully created. DO NOT FORGT TO USE ---> on_epoch_end <--- FUNCTION
[ 2026-10-03 12:34:21,332 ] ::: INFO ::: FILE [root] --- LINE: [21]
entering the creation of dataset
[ 2026-10-03 12:34:21,340 ] ::: INFO ::: FILE [root] --- LINE: [53]
dataset successfully created. DO NOT FORGT TO USE ---> on_epoch_end <--- FUNCTION
[ 2026-10-03 12:34:21,517 ] ::: INFO ::: FILE [lightning.pytorch.utilities.rank_zero] --- LINE: [81]
Restoring states from the checkpoint path at models\final\inp\model_gpu.ckpt
[ 2026-10-03 12:34:21,990 ] ::: INFO ::: FILE [lightning.pytorch.utilities.rank_zero] --- LINE: [224]
Restored all states from the checkpoint at models\final\inp\model_gpu.ckpt
