[ 2026-10-08 08:55:23,173 ] ::: INFO ::: FILE [root] --- LINE: [151]
accelerator not passed as argument.
[ 2026-10-08 08:55:23,174 ] ::: INFO ::: FILE [root] --- LINE: [155]
Tested accelerator: cpu
[ 2026-10-08 08:55:23,174 ] ::: INFO ::: FILE [root] --- LINE: [146]
Model creation entity successfully created
[ 2026-10-08 08:55:23,394 ] ::: INFO ::: FILE [root] --- LINE: [138]
creation of the model...
[ 2026-10-08 08:55:23,527 ] ::: INFO ::: FILE [root] --- LINE: [176]
creation of the model compleated
[ 2026-10-08 08:55:23,793 ] ::: INFO ::: FILE [root] --- LINE: [125]
entering the creation of dataset
[ 2026-10-08 08:59:07,007 ] ::: INFO ::: FILE [root] --- LINE: [151]
accelerator not passed as argument.
[ 2026-10-08 08:59:07,016 ] ::: INFO ::: FILE [root] --- LINE: [155]
Tested accelerator: cpu
[ 2026-10-08 08:59:07,017 ] ::: INFO ::: FILE [root] --- LINE: [146]
Model creation entity successfully created
[ 2026-10-08 08:59:07,169 ] ::: INFO ::: FILE [root] --- LINE: [138]
creation of the model...
[ 2026-10-08 08:59:07,286 ] ::: INFO ::: FILE [root] --- LINE: [176]
creation of the model compleated
[ 2026-10-08 08:59:07,535 ] ::: INFO ::: FILE [root] --- LINE: [125]
entering the creation of dataset
[ 2026-10-08 09:07:52,822 ] ::: INFO ::: FILE [root] --- LINE: [151]
accelerator not passed as argument.
[ 2026-10-08 09:07:52,824 ] ::: INFO ::: FILE [root] --- LINE: [155]
Tested accelerator: cpu
[ 2026-10-08 09:07:52,824 ] ::: INFO ::: FILE [root] --- LINE: [146]
Model creation entity successfully created
[ 2026-10-08 09:07:52,976 ] ::: INFO ::: FILE [root] --- LINE: [138]
creation of the model...
[ 2026-10-08 09:07:53,091 ] ::: INFO ::: FILE [root] --- LINE: [176]
creation of the model compleated
[ 2026-10-08 09:07:53,341 ] ::: INFO ::: FILE [root] --- LINE: [125]
entering the creation of dataset
[ 2026-10-08 09:14:54,219 ] ::: INFO ::: FILE [root] --- LINE: [151]
accelerator not passed as argument.
[ 2026-10-08 09:14:54,221 ] ::: INFO ::: FILE [root] --- LINE: [155]
Tested accelerator: cpu
[ 2026-10-08 09:14:54,221 ] ::: INFO ::: FILE [root] --- LINE: [146]
Model creation entity successfully created
[ 2026-10-08 09:14:54,375 ] ::: INFO ::: FILE [root] --- LINE: [138]
creation of the model...
[ 2026-10-08 09:14:54,495 ] ::: INFO ::: FILE [root] --- LINE: [176]
creation of the model compleated
[ 2026-10-08 09:14:54,760 ] ::: INFO ::: FILE [root] --- LINE: [125]
entering the creation of dataset
[ 2026-10-08 09:22:00,029 ] ::: INFO ::: FILE [root] --- LINE: [151]
accelerator not passed as argument.
[ 2026-10-08 09:22:00,031 ] ::: INFO ::: FILE [root] --- LINE: [155]
Tested accelerator: cpu
[ 2026-10-08 09:22:00,031 ] ::: INFO ::: FILE [root] --- LINE: [146]
Model creation entity successfully created
[ 2026-10-08 09:22:00,183 ] ::: INFO ::: FILE [root] --- LINE: [138]
creation of the model...
[ 2026-10-08 09:22:00,302 ] ::: INFO ::: FILE [root] --- LINE: [176]
creation of the model compleated
[ 2026-10-08 09:22:00,565 ] ::: INFO ::: FILE [root] --- LINE: [125]
entering the creation of dataset
[ 2026-10-08 09:23:42,797 ] ::: INFO ::: FILE [root] --- LINE: [151]
accelerator not passed as argument.
[ 2026-10-08 09:23:42,799 ] ::: INFO ::: FILE [root] --- LINE: [155]
Tested accelerator: cpu
[ 2026-10-08 09:23:42,799 ] ::: INFO ::: FILE [root] --- LINE: [146]
Model creation entity successfully created
[ 2026-10-08 09:23:42,958 ] ::: INFO ::: FILE [root] --- LINE: [138]
creation of the model...
[ 2026-10-08 09:23:43,079 ] ::: INFO ::: FILE [root] --- LINE: [176]
creation of the model compleated
[ 2026-10-08 09:23:43,331 ] ::: INFO ::: FILE [root] --- LINE: [125]
entering the creation of dataset
[ 2026-10-08 09:25:06,625 ] ::: INFO ::: FILE [root] --- LINE: [151]
accelerator not passed as argument.
[ 2026-10-08 09:25:06,626 ] ::: INFO ::: FILE [root] --- LINE: [155]
Tested accelerator: cpu
[ 2026-10-08 09:25:06,627 ] ::: INFO ::: FILE [root] --- LINE: [146]
Model creation entity successfully created
[ 2026-10-08 09:25:06,781 ] ::: INFO ::: FILE [root] --- LINE: [138]
creation of the model...
[ 2026-10-08 09:25:06,898 ] ::: INFO ::: FILE [root] --- LINE: [176]
creation of the model compleated
[ 2026-10-08 09:25:07,163 ] ::: INFO ::: FILE [root] --- LINE: [125]
entering the creation of dataset
[ 2026-10-08 09:34:47,647 ] ::: INFO ::: FILE [root] --- LINE: [151]
accelerator not passed as argument.
[ 2026-10-08 09:34:47,649 ] ::: INFO ::: FILE [root] --- LINE: [155]
Tested accelerator: cpu
[ 2026-10-08 09:34:47,649 ] ::: INFO ::: FILE [root] --- LINE: [146]
Model creation entity successfully created
[ 2026-10-08 09:34:47,803 ] ::: INFO ::: FILE [root] --- LINE: [138]
creation of the model...
[ 2026-10-08 09:34:47,926 ] ::: INFO ::: FILE [root] --- LINE: [176]
creation of the model compleated
[ 2026-10-08 09:34:48,182 ] ::: INFO ::: FILE [root] --- LINE: [125]
entering the creation of dataset
[ 2026-10-08 09:36:01,174 ] ::: INFO ::: FILE [root] --- LINE: [151]
accelerator not passed as argument.
[ 2026-10-08 09:36:01,176 ] ::: INFO ::: FILE [root] --- LINE: [155]
Tested accelerator: cpu
[ 2026-10-08 09:36:01,176 ] ::: INFO ::: FILE [root] --- LINE: [146]
Model creation entity successfully created
[ 2026-10-08 09:36:01,334 ] ::: INFO ::: FILE [root] --- LINE: [138]
creation of the model...
[ 2026-10-08 09:36:01,462 ] ::: INFO ::: FILE [root] --- LINE: [176]
creation of the model compleated
[ 2026-10-08 09:36:01,714 ] ::: INFO ::: FILE [root] --- LINE: [125]
entering the creation of dataset
[ 2026-10-08 09:38:13,210 ] ::: INFO ::: FILE [root] --- LINE: [151]
accelerator not passed as argument.
[ 2026-10-08 09:38:13,211 ] ::: INFO ::: FILE [root] --- LINE: [155]
Tested accelerator: cpu
[ 2026-10-08 09:38:13,211 ] ::: INFO ::: FILE [root] --- LINE: [146]
Model creation entity successfully created
[ 2026-10-08 09:38:13,378 ] ::: INFO ::: FILE [root] --- LINE: [138]
creation of the model...
[ 2026-10-08 09:38:13,497 ] ::: INFO ::: FILE [root] --- LINE: [176]
creation of the model compleated
[ 2026-10-08 09:38:13,771 ] ::: INFO ::: FILE [root] --- LINE: [125]
entering the creation of dataset
[ 2026-10-08 09:41:14,053 ] ::: INFO ::: FILE [root] --- LINE: [151]
accelerator not passed as argument.
[ 2026-10-08 09:41:14,055 ] ::: INFO ::: FILE [root] --- LINE: [155]
Tested accelerator: cpu
[ 2026-10-08 09:41:14,055 ] ::: INFO ::: FILE [root] --- LINE: [146]
Model creation entity successfully created
[ 2026-10-08 09:41:14,213 ] ::: INFO ::: FILE [root] --- LINE: [138]
creation of the model...
[ 2026-10-08 09:41:14,337 ] ::: INFO ::: FILE [root] --- LINE: [176]
creation of the model compleated
[ 2026-10-08 09:41:14,594 ] ::: INFO ::: FILE [root] --- LINE: [125]
entering the creation of dataset
[ 2026-10-08 09:42:48,347 ] ::: INFO ::: FILE [root] --- LINE: [151]
accelerator not passed as argument.
[ 2026-10-08 09:42:48,348 ] ::: INFO ::: FILE [root] --- LINE: [155]
Tested accelerator: cpu
[ 2026-10-08 09:42:48,349 ] ::: INFO ::: FILE [root] --- LINE: [146]
Model creation entity successfully created
[ 2026-10-08 09:42:48,502 ] ::: INFO ::: FILE [root] --- LINE: [138]
creation of the model...
[ 2026-10-08 09:42:48,619 ] ::: INFO ::: FILE [root] --- LINE: [176]
creation of the model compleated
[ 2026-10-08 09:42:48,872 ] ::: INFO ::: FILE [root] --- LINE: [125]
entering the creation of dataset
[ 2026-10-08 10:49:52,658 ] ::: INFO ::: FILE [root] --- LINE: [151]
accelerator not passed as argument.
[ 2026-10-08 10:49:52,659 ] ::: INFO ::: FILE [root] --- LINE: [155]
Tested accelerator: cpu
[ 2026-10-08 10:49:52,660 ] ::: INFO ::: FILE [root] --- LINE: [146]
Model creation entity successfully created
[ 2026-10-08 10:49:52,664 ] ::: INFO ::: FILE [root] --- LINE: [138]
creation of the model...
[ 2026-10-08 10:49:52,684 ] ::: INFO ::: FILE [root] --- LINE: [176]
creation of the model compleated
[ 2026-10-08 10:49:52,700 ] ::: INFO ::: FILE [root] --- LINE: [130]
MRI lightning module successfully initialized
[ 2026-10-08 10:49:52,700 ] ::: INFO ::: FILE [root] --- LINE: [138]
creation of the model...
[ 2026-10-08 10:49:52,711 ] ::: INFO ::: FILE [root] --- LINE: [176]
creation of the model compleated
[ 2026-10-08 10:49:52,712 ] ::: INFO ::: FILE [root] --- LINE: [358]
Correction lightning module successfully initialized
[ 2026-10-08 10:50:42,522 ] ::: INFO ::: FILE [root] --- LINE: [151]
accelerator not passed as argument.
[ 2026-10-08 10:50:42,522 ] ::: INFO ::: FILE [root] --- LINE: [155]
Tested accelerator: cpu
[ 2026-10-08 10:50:42,522 ] ::: INFO ::: FILE [root] --- LINE: [146]
Model creation entity successfully created
[ 2026-10-08 10:50:42,523 ] ::: INFO ::: FILE [root] --- LINE: [138]
creation of the model...
[ 2026-10-08 10:50:42,535 ] ::: INFO ::: FILE [root] --- LINE: [176]
creation of the model compleated
[ 2026-10-08 10:50:42,537 ] ::: INFO ::: FILE [root] --- LINE: [130]
MRI lightning module successfully initialized
[ 2026-10-08 10:50:42,537 ] ::: INFO ::: FILE [root] --- LINE: [138]
creation of the model...
[ 2026-10-08 10:50:42,548 ] ::: INFO ::: FILE [root] --- LINE: [176]
creation of the model compleated
[ 2026-10-08 10:50:42,549 ] ::: INFO ::: FILE [root] --- LINE: [358]
Correction lightning module successfully initialized
[ 2026-10-08 10:59:02,674 ] ::: INFO ::: FILE [root] --- LINE: [50]
MRI lightning data module successfully initialized
[ 2026-10-08 10:59:41,070 ] ::: INFO ::: FILE [root] --- LINE: [178]
entering the creation of correction dataset
[ 2026-10-08 10:59:41,397 ] ::: INFO ::: FILE [root] --- LINE: [210]
dataset successfully created. DO NOT FORGT TO USE ---> on_epoch_end <--- FUNCTION
[ 2026-10-08 10:59:41,397 ] ::: INFO ::: FILE [root] --- LINE: [178]
entering the creation of correction dataset
[ 2026-10-08 10:59:41,414 ] ::: INFO ::: FILE [root] --- LINE: [210]
dataset successfully created. DO NOT FORGT TO USE ---> on_epoch_end <--- FUNCTION
[ 2026-10-08 10:59:41,414 ] ::: INFO ::: FILE [root] --- LINE: [178]
entering the creation of correction dataset
[ 2026-10-08 10:59:41,430 ] ::: INFO ::: FILE [root] --- LINE: [210]
dataset successfully created. DO NOT FORGT TO USE ---> on_epoch_end <--- FUNCTION
[ 2026-10-08 11:57:55,583 ] ::: INFO ::: FILE [root] --- LINE: [151]
accelerator not passed as argument.
[ 2026-10-08 11:57:55,584 ] ::: INFO ::: FILE [root] --- LINE: [155]
Tested accelerator: cpu
[ 2026-10-08 11:57:55,584 ] ::: INFO ::: FILE [root] --- LINE: [146]
Model creation entity successfully created
[ 2026-10-08 11:57:55,585 ] ::: INFO ::: FILE [root] --- LINE: [138]
creation of the model...
[ 2026-10-08 11:57:55,594 ] ::: INFO ::: FILE [root] --- LINE: [176]
creation of the model compleated
[ 2026-10-08 11:57:55,598 ] ::: INFO ::: FILE [root] --- LINE: [130]
MRI lightning module successfully initialized
[ 2026-10-08 11:57:55,599 ] ::: INFO ::: FILE [root] --- LINE: [138]
creation of the model...
[ 2026-10-08 11:57:55,607 ] ::: INFO ::: FILE [root] --- LINE: [176]
creation of the model compleated
[ 2026-10-08 11:57:55,607 ] ::: INFO ::: FILE [root] --- LINE: [358]
Correction lightning module successfully initialized
[ 2026-10-08 11:57:57,235 ] ::: INFO ::: FILE [root] --- LINE: [50]
MRI lightning data module successfully initialized
[ 2026-10-08 11:58:00,646 ] ::: INFO ::: FILE [root] --- LINE: [178]
entering the creation of correction dataset
[ 2026-10-08 11:58:00,936 ] ::: INFO ::: FILE [root] --- LINE: [211]
dataset successfully created. DO NOT FORGT TO USE ---> on_epoch_end <--- FUNCTION
[ 2026-10-08 11:58:00,936 ] ::: INFO ::: FILE [root] --- LINE: [178]
entering the creation of correction dataset
[ 2026-10-08 11:58:00,949 ] ::: INFO ::: FILE [root] --- LINE: [211]
dataset successfully created. DO NOT FORGT TO USE ---> on_epoch_end <--- FUNCTION
[ 2026-10-08 11:58:00,949 ] ::: INFO ::: FILE [root] --- LINE: [178]
entering the creation of correction dataset
[ 2026-10-08 11:58:00,962 ] ::: INFO ::: FILE [root] --- LINE: [211]
dataset successfully created. DO NOT FORGT TO USE ---> on_epoch_end <--- FUNCTION
[ 2026-10-08 12:13:28,838 ] ::: INFO ::: FILE [root] --- LINE: [138]
creation of the model...
[ 2026-10-08 12:13:28,849 ] ::: INFO ::: FILE [root] --- LINE: [176]
creation of the model compleated
[ 2026-10-08 12:13:28,851 ] ::: INFO ::: FILE [root] --- LINE: [130]
MRI lightning module successfully initialized
[ 2026-10-08 12:13:28,851 ] ::: INFO ::: FILE [root] --- LINE: [50]
MRI lightning data module successfully initialized
[ 2026-10-08 12:13:28,869 ] ::: INFO ::: FILE [root] --- LINE: [80]
MRI model trainer successfully initialized
[ 2026-10-08 12:13:28,869 ] ::: INFO ::: FILE [root] --- LINE: [138]
creation of the model...
[ 2026-10-08 12:13:28,882 ] ::: INFO ::: FILE [root] --- LINE: [176]
creation of the model compleated
[ 2026-10-08 12:13:28,884 ] ::: INFO ::: FILE [root] --- LINE: [130]
MRI lightning module successfully initialized
[ 2026-10-08 12:13:28,885 ] ::: INFO ::: FILE [root] --- LINE: [50]
MRI lightning data module successfully initialized
[ 2026-10-08 12:13:41,564 ] ::: INFO ::: FILE [root] --- LINE: [138]
creation of the model...
[ 2026-10-08 12:13:41,574 ] ::: INFO ::: FILE [root] --- LINE: [176]
creation of the model compleated
[ 2026-10-08 12:13:41,575 ] ::: INFO ::: FILE [root] --- LINE: [130]
MRI lightning module successfully initialized
[ 2026-10-08 12:13:41,576 ] ::: INFO ::: FILE [root] --- LINE: [50]
MRI lightning data module successfully initialized
[ 2026-10-08 12:13:41,577 ] ::: INFO ::: FILE [root] --- LINE: [80]
MRI model trainer successfully initialized
[ 2026-10-08 12:13:41,577 ] ::: INFO ::: FILE [root] --- LINE: [138]
creation of the model...
[ 2026-10-08 12:13:41,587 ] ::: INFO ::: FILE [root] --- LINE: [176]
creation of the model compleated
[ 2026-10-08 12:13:41,588 ] ::: INFO ::: FILE [root] --- LINE: [130]
MRI lightning module successfully initialized
[ 2026-10-08 12:13:41,588 ] ::: INFO ::: FILE [root] --- LINE: [50]
MRI lightning data module successfully initialized
[ 2026-10-08 12:22:14,050 ] ::: INFO ::: FILE [lightning.fabric.utilities.seed] --- LINE: [57]
Seed set to 42
[ 2026-10-08 12:22:14,052 ] ::: INFO ::: FILE [root] --- LINE: [14]

----------------stage [POST MODEL TRAINING] started--------------------------
[ 2026-10-08 12:22:14,053 ] ::: INFO ::: FILE [root] --- LINE: [151]
accelerator not passed as argument.
[ 2026-10-08 12:22:14,053 ] ::: INFO ::: FILE [root] --- LINE: [155]
Tested accelerator: cpu
[ 2026-10-08 12:22:14,054 ] ::: INFO ::: FILE [root] --- LINE: [146]
Model creation entity successfully created
[ 2026-10-08 12:22:14,054 ] ::: INFO ::: FILE [root] --- LINE: [138]
creation of the model...
[ 2026-10-08 12:22:14,063 ] ::: INFO ::: FILE [root] --- LINE: [176]
creation of the model compleated
[ 2026-10-08 12:22:14,078 ] ::: INFO ::: FILE [root] --- LINE: [130]
MRI lightning module successfully initialized
[ 2026-10-08 12:22:14,078 ] ::: INFO ::: FILE [root] --- LINE: [50]
MRI lightning data module successfully initialized
[ 2026-10-08 12:22:14,081 ] ::: INFO ::: FILE [root] --- LINE: [80]
MRI model trainer successfully initialized
[ 2026-10-08 12:22:14,081 ] ::: INFO ::: FILE [root] --- LINE: [138]
creation of the model...
[ 2026-10-08 12:22:14,091 ] ::: INFO ::: FILE [root] --- LINE: [176]
creation of the model compleated
[ 2026-10-08 12:22:14,092 ] ::: INFO ::: FILE [root] --- LINE: [130]
MRI lightning module successfully initialized
[ 2026-10-08 12:22:14,092 ] ::: INFO ::: FILE [root] --- LINE: [50]
MRI lightning data module successfully initialized
[ 2026-10-08 12:22:14,092 ] ::: INFO ::: FILE [root] --- LINE: [47]
Statt of model training...
[ 2026-10-08 12:22:14,109 ] ::: INFO ::: FILE [lightning.pytorch.utilities.rank_zero] --- LINE: [164]
GPU available: False, used: False
[ 2026-10-08 12:22:14,109 ] ::: INFO ::: FILE [lightning.pytorch.utilities.rank_zero] --- LINE: [167]
TPU available: False, using: 0 TPU cores
[ 2026-10-08 12:22:14,110 ] ::: INFO ::: FILE [lightning.pytorch.utilities.rank_zero] --- LINE: [91]
\U0001f4a1 Tip: For seamless cloud logging and experiment tracking, try installing [litlogger](https://pypi.org/project/litlogger/) to enable LitLogger, which logs metrics and artifacts automatically to the Lightning Experiments platform.
[ 2026-10-08 12:22:14,110 ] ::: INFO ::: FILE [root] --- LINE: [152]
MRI model lightning trainer successfully initialized
[ 2026-10-08 12:22:14,992 ] ::: WARNING ::: FILE [lightning.pytorch.loggers.mlflow] --- LINE: [184]
Experiment with name Correction-model-unet-v1 not found. Creating it.
[ 2026-10-08 12:22:15,813 ] ::: INFO ::: FILE [root] --- LINE: [21]
entering the creation of dataset
[ 2026-10-08 12:22:16,074 ] ::: INFO ::: FILE [root] --- LINE: [53]
dataset successfully created. DO NOT FORGT TO USE ---> on_epoch_end <--- FUNCTION
[ 2026-10-08 12:22:16,074 ] ::: INFO ::: FILE [root] --- LINE: [21]
entering the creation of dataset
[ 2026-10-08 12:22:16,088 ] ::: INFO ::: FILE [root] --- LINE: [53]
dataset successfully created. DO NOT FORGT TO USE ---> on_epoch_end <--- FUNCTION
[ 2026-10-08 12:22:38,352 ] ::: ERROR ::: FILE [root] --- LINE: [25]
SOME TROUBLES WITH STAGE [POST MODEL TRAINING]
[ 2026-10-08 12:32:21,921 ] ::: INFO ::: FILE [lightning.fabric.utilities.seed] --- LINE: [57]
Seed set to 42
[ 2026-10-08 12:32:21,924 ] ::: INFO ::: FILE [root] --- LINE: [14]

----------------stage [POST MODEL TRAINING] started--------------------------
[ 2026-10-08 12:32:21,924 ] ::: INFO ::: FILE [root] --- LINE: [151]
accelerator not passed as argument.
[ 2026-10-08 12:32:21,925 ] ::: INFO ::: FILE [root] --- LINE: [155]
Tested accelerator: cpu
[ 2026-10-08 12:32:21,925 ] ::: INFO ::: FILE [root] --- LINE: [146]
Model creation entity successfully created
[ 2026-10-08 12:32:21,926 ] ::: INFO ::: FILE [root] --- LINE: [138]
creation of the model...
[ 2026-10-08 12:32:21,936 ] ::: INFO ::: FILE [root] --- LINE: [176]
creation of the model compleated
[ 2026-10-08 12:32:21,949 ] ::: INFO ::: FILE [root] --- LINE: [130]
MRI lightning module successfully initialized
[ 2026-10-08 12:32:21,949 ] ::: INFO ::: FILE [root] --- LINE: [50]
MRI lightning data module successfully initialized
[ 2026-10-08 12:32:21,952 ] ::: INFO ::: FILE [root] --- LINE: [80]
MRI model trainer successfully initialized
[ 2026-10-08 12:32:21,953 ] ::: INFO ::: FILE [root] --- LINE: [138]
creation of the model...
[ 2026-10-08 12:32:21,961 ] ::: INFO ::: FILE [root] --- LINE: [176]
creation of the model compleated
[ 2026-10-08 12:32:21,962 ] ::: INFO ::: FILE [root] --- LINE: [130]
MRI lightning module successfully initialized
[ 2026-10-08 12:32:21,962 ] ::: INFO ::: FILE [root] --- LINE: [50]
MRI lightning data module successfully initialized
[ 2026-10-08 12:32:21,962 ] ::: INFO ::: FILE [root] --- LINE: [47]
Start of model training...
[ 2026-10-08 12:32:21,977 ] ::: INFO ::: FILE [lightning.pytorch.utilities.rank_zero] --- LINE: [164]
GPU available: False, used: False
[ 2026-10-08 12:32:21,977 ] ::: INFO ::: FILE [lightning.pytorch.utilities.rank_zero] --- LINE: [167]
TPU available: False, using: 0 TPU cores
[ 2026-10-08 12:32:21,978 ] ::: INFO ::: FILE [lightning.pytorch.utilities.rank_zero] --- LINE: [91]
\U0001f4a1 Tip: For seamless cloud logging and experiment tracking, try installing [litlogger](https://pypi.org/project/litlogger/) to enable LitLogger, which logs metrics and artifacts automatically to the Lightning Experiments platform.
[ 2026-10-08 12:32:21,978 ] ::: INFO ::: FILE [root] --- LINE: [153]
MRI model lightning trainer successfully initialized
[ 2026-10-08 12:32:23,427 ] ::: INFO ::: FILE [root] --- LINE: [21]
entering the creation of dataset
[ 2026-10-08 12:32:23,654 ] ::: INFO ::: FILE [root] --- LINE: [53]
dataset successfully created. DO NOT FORGT TO USE ---> on_epoch_end <--- FUNCTION
[ 2026-10-08 12:32:23,654 ] ::: INFO ::: FILE [root] --- LINE: [21]
entering the creation of dataset
[ 2026-10-08 12:32:23,667 ] ::: INFO ::: FILE [root] --- LINE: [53]
dataset successfully created. DO NOT FORGT TO USE ---> on_epoch_end <--- FUNCTION
[ 2026-10-08 12:32:45,202 ] ::: ERROR ::: FILE [root] --- LINE: [25]
SOME TROUBLES WITH STAGE [POST MODEL TRAINING]
[ 2026-10-08 12:34:48,815 ] ::: INFO ::: FILE [lightning.fabric.utilities.seed] --- LINE: [57]
Seed set to 42
[ 2026-10-08 12:34:48,818 ] ::: INFO ::: FILE [root] --- LINE: [14]

----------------stage [POST MODEL TRAINING] started--------------------------
[ 2026-10-08 12:34:48,818 ] ::: INFO ::: FILE [root] --- LINE: [151]
accelerator not passed as argument.
[ 2026-10-08 12:34:48,819 ] ::: INFO ::: FILE [root] --- LINE: [155]
Tested accelerator: cpu
[ 2026-10-08 12:34:48,819 ] ::: INFO ::: FILE [root] --- LINE: [146]
Model creation entity successfully created
[ 2026-10-08 12:34:48,820 ] ::: INFO ::: FILE [root] --- LINE: [138]
creation of the model...
[ 2026-10-08 12:34:48,831 ] ::: INFO ::: FILE [root] --- LINE: [176]
creation of the model compleated
[ 2026-10-08 12:34:48,840 ] ::: INFO ::: FILE [root] --- LINE: [130]
MRI lightning module successfully initialized
[ 2026-10-08 12:34:48,841 ] ::: INFO ::: FILE [root] --- LINE: [50]
MRI lightning data module successfully initialized
[ 2026-10-08 12:34:48,843 ] ::: INFO ::: FILE [root] --- LINE: [80]
MRI model trainer successfully initialized
[ 2026-10-08 12:34:48,844 ] ::: INFO ::: FILE [root] --- LINE: [138]
creation of the model...
[ 2026-10-08 12:34:48,855 ] ::: INFO ::: FILE [root] --- LINE: [176]
creation of the model compleated
[ 2026-10-08 12:34:48,856 ] ::: INFO ::: FILE [root] --- LINE: [130]
MRI lightning module successfully initialized
[ 2026-10-08 12:34:48,856 ] ::: INFO ::: FILE [root] --- LINE: [138]
creation of the model...
[ 2026-10-08 12:34:48,864 ] ::: INFO ::: FILE [root] --- LINE: [176]
creation of the model compleated
[ 2026-10-08 12:34:48,864 ] ::: INFO ::: FILE [root] --- LINE: [358]
Correction lightning module successfully initialized
[ 2026-10-08 12:34:48,864 ] ::: INFO ::: FILE [root] --- LINE: [50]
MRI lightning data module successfully initialized
[ 2026-10-08 12:34:48,865 ] ::: INFO ::: FILE [root] --- LINE: [47]
Start of model training...
[ 2026-10-08 12:34:48,880 ] ::: INFO ::: FILE [lightning.pytorch.utilities.rank_zero] --- LINE: [164]
GPU available: False, used: False
[ 2026-10-08 12:34:48,880 ] ::: INFO ::: FILE [lightning.pytorch.utilities.rank_zero] --- LINE: [167]
TPU available: False, using: 0 TPU cores
[ 2026-10-08 12:34:48,881 ] ::: INFO ::: FILE [lightning.pytorch.utilities.rank_zero] --- LINE: [91]
\U0001f4a1 Tip: For seamless cloud logging and experiment tracking, try installing [litlogger](https://pypi.org/project/litlogger/) to enable LitLogger, which logs metrics and artifacts automatically to the Lightning Experiments platform.
[ 2026-10-08 12:34:48,881 ] ::: INFO ::: FILE [root] --- LINE: [153]
MRI model lightning trainer successfully initialized
[ 2026-10-08 12:34:50,284 ] ::: INFO ::: FILE [root] --- LINE: [178]
entering the creation of correction dataset
[ 2026-10-08 12:34:50,505 ] ::: INFO ::: FILE [root] --- LINE: [211]
dataset successfully created. DO NOT FORGT TO USE ---> on_epoch_end <--- FUNCTION
[ 2026-10-08 12:34:50,505 ] ::: INFO ::: FILE [root] --- LINE: [178]
entering the creation of correction dataset
[ 2026-10-08 12:34:50,520 ] ::: INFO ::: FILE [root] --- LINE: [211]
dataset successfully created. DO NOT FORGT TO USE ---> on_epoch_end <--- FUNCTION
[ 2026-10-08 12:35:59,415 ] ::: INFO ::: FILE [lightning.pytorch.callbacks.early_stopping] --- LINE: [305]
Metric val_loss improved. New best score: 0.000
[ 2026-10-08 12:35:59,417 ] ::: INFO ::: FILE [lightning.pytorch.utilities.rank_zero] --- LINE: [980]
Epoch 0, global step 8: 'val_loss' reached 0.00015 (best 0.00015), saving model to 'D:\\learning\\learning\\programing\\portfolio_projects\\1_image\\models\\checkpoints\\Error-correction-model-1\\model-final.ckpt' as top 1
[ 2026-10-08 12:36:47,203 ] ::: INFO ::: FILE [lightning.pytorch.utilities.rank_zero] --- LINE: [936]
Epoch 1, global step 16: 'val_loss' was not in top 1
[ 2026-10-08 12:37:34,858 ] ::: INFO ::: FILE [lightning.pytorch.utilities.rank_zero] --- LINE: [936]
Epoch 2, global step 24: 'val_loss' was not in top 1
[ 2026-10-08 12:38:22,243 ] ::: INFO ::: FILE [lightning.pytorch.utilities.rank_zero] --- LINE: [936]
Epoch 3, global step 32: 'val_loss' was not in top 1
[ 2026-10-08 12:39:09,635 ] ::: INFO ::: FILE [lightning.pytorch.utilities.rank_zero] --- LINE: [936]
Epoch 4, global step 40: 'val_loss' was not in top 1
[ 2026-10-08 12:39:57,647 ] ::: INFO ::: FILE [lightning.pytorch.utilities.rank_zero] --- LINE: [936]
Epoch 5, global step 48: 'val_loss' was not in top 1
[ 2026-10-08 12:40:45,236 ] ::: INFO ::: FILE [lightning.pytorch.utilities.rank_zero] --- LINE: [936]
Epoch 6, global step 56: 'val_loss' was not in top 1
[ 2026-10-08 12:41:32,996 ] ::: INFO ::: FILE [lightning.pytorch.utilities.rank_zero] --- LINE: [936]
Epoch 7, global step 64: 'val_loss' was not in top 1
[ 2026-10-08 12:42:20,464 ] ::: INFO ::: FILE [lightning.pytorch.utilities.rank_zero] --- LINE: [936]
Epoch 8, global step 72: 'val_loss' was not in top 1
[ 2026-10-08 12:43:08,564 ] ::: INFO ::: FILE [lightning.pytorch.utilities.rank_zero] --- LINE: [936]
Epoch 9, global step 80: 'val_loss' was not in top 1
