[ 2026-09-09 09:14:12,288 ] ::: INFO ::: FILE [root] --- LINE: [136]
creation of the model...
[ 2026-09-09 09:22:11,661 ] ::: INFO ::: FILE [root] --- LINE: [136]
creation of the model...
[ 2026-09-09 09:22:42,271 ] ::: INFO ::: FILE [root] --- LINE: [136]
creation of the model...
[ 2026-09-09 09:23:55,610 ] ::: INFO ::: FILE [root] --- LINE: [136]
creation of the model...
[ 2026-09-09 09:26:46,250 ] ::: INFO ::: FILE [root] --- LINE: [136]
creation of the model...
[ 2026-09-09 09:27:46,882 ] ::: INFO ::: FILE [root] --- LINE: [136]
creation of the model...
[ 2026-09-09 09:30:02,301 ] ::: INFO ::: FILE [root] --- LINE: [136]
creation of the model...
[ 2026-09-09 09:30:02,336 ] ::: INFO ::: FILE [root] --- LINE: [169]
creation of the model compleated
[ 2026-09-09 09:44:45,464 ] ::: INFO ::: FILE [root] --- LINE: [136]
creation of the model...
[ 2026-09-09 09:44:45,502 ] ::: INFO ::: FILE [root] --- LINE: [169]
creation of the model compleated
[ 2026-09-09 10:43:51,983 ] ::: INFO ::: FILE [root] --- LINE: [136]
creation of the model...
[ 2026-09-09 10:43:52,016 ] ::: INFO ::: FILE [root] --- LINE: [169]
creation of the model compleated
[ 2026-09-09 10:51:45,578 ] ::: INFO ::: FILE [root] --- LINE: [136]
creation of the model...
[ 2026-09-09 10:51:45,611 ] ::: INFO ::: FILE [root] --- LINE: [169]
creation of the model compleated
[ 2026-09-09 10:52:30,076 ] ::: INFO ::: FILE [root] --- LINE: [136]
creation of the model...
[ 2026-09-09 10:52:30,109 ] ::: INFO ::: FILE [root] --- LINE: [169]
creation of the model compleated
[ 2026-09-09 10:54:20,661 ] ::: INFO ::: FILE [root] --- LINE: [136]
creation of the model...
[ 2026-09-09 10:54:20,725 ] ::: INFO ::: FILE [root] --- LINE: [169]
creation of the model compleated
[ 2026-09-09 11:02:18,230 ] ::: INFO ::: FILE [root] --- LINE: [136]
creation of the model...
[ 2026-09-09 11:02:18,262 ] ::: INFO ::: FILE [root] --- LINE: [169]
creation of the model compleated
[ 2026-09-09 11:05:01,033 ] ::: INFO ::: FILE [root] --- LINE: [136]
creation of the model...
[ 2026-09-09 11:05:01,071 ] ::: INFO ::: FILE [root] --- LINE: [169]
creation of the model compleated
[ 2026-09-09 11:23:33,303 ] ::: INFO ::: FILE [root] --- LINE: [21]
entering the creation of dataset
[ 2026-09-09 11:23:33,448 ] ::: INFO ::: FILE [root] --- LINE: [53]
dataset successfully created. DO NOT FORGT TO USE ---> on_epoch_end <--- FUNCTION
[ 2026-09-09 11:23:33,449 ] ::: INFO ::: FILE [root] --- LINE: [21]
entering the creation of dataset
[ 2026-09-09 11:23:33,458 ] ::: INFO ::: FILE [root] --- LINE: [53]
dataset successfully created. DO NOT FORGT TO USE ---> on_epoch_end <--- FUNCTION
[ 2026-09-09 11:23:33,458 ] ::: INFO ::: FILE [root] --- LINE: [21]
entering the creation of dataset
[ 2026-09-09 11:23:33,465 ] ::: INFO ::: FILE [root] --- LINE: [53]
dataset successfully created. DO NOT FORGT TO USE ---> on_epoch_end <--- FUNCTION
[ 2026-09-09 11:38:49,782 ] ::: INFO ::: FILE [root] --- LINE: [136]
creation of the model...
[ 2026-09-09 11:38:49,821 ] ::: INFO ::: FILE [root] --- LINE: [169]
creation of the model compleated
[ 2026-09-09 11:38:50,338 ] ::: INFO ::: FILE [root] --- LINE: [21]
entering the creation of dataset
[ 2026-09-09 11:38:50,486 ] ::: INFO ::: FILE [root] --- LINE: [53]
dataset successfully created. DO NOT FORGT TO USE ---> on_epoch_end <--- FUNCTION
[ 2026-09-09 11:38:50,487 ] ::: INFO ::: FILE [root] --- LINE: [21]
entering the creation of dataset
[ 2026-09-09 11:38:50,496 ] ::: INFO ::: FILE [root] --- LINE: [53]
dataset successfully created. DO NOT FORGT TO USE ---> on_epoch_end <--- FUNCTION
[ 2026-09-09 11:38:50,496 ] ::: INFO ::: FILE [root] --- LINE: [21]
entering the creation of dataset
[ 2026-09-09 11:38:50,504 ] ::: INFO ::: FILE [root] --- LINE: [53]
dataset successfully created. DO NOT FORGT TO USE ---> on_epoch_end <--- FUNCTION
[ 2026-09-09 12:08:45,982 ] ::: INFO ::: FILE [root] --- LINE: [21]
entering the creation of dataset
[ 2026-09-09 12:08:46,100 ] ::: INFO ::: FILE [root] --- LINE: [53]
dataset successfully created. DO NOT FORGT TO USE ---> on_epoch_end <--- FUNCTION
[ 2026-09-09 13:25:49,279 ] ::: INFO ::: FILE [root] --- LINE: [13]

----------------stage [METADATA FORMATION STAGE] started--------------------------
[ 2026-09-09 13:25:49,279 ] ::: INFO ::: FILE [root] --- LINE: [18]
Metadata entity successfully created
[ 2026-09-09 13:25:49,279 ] ::: INFO ::: FILE [root] --- LINE: [16]
data\preprocessed_data\final_dataframe.csv does not exists. Entering metadata formation stage
[ 2026-09-09 13:25:51,323 ] ::: INFO ::: FILE [root] --- LINE: [63]
data\preprocessed_data\final_dataframe.csv successfully created
[ 2026-09-09 13:25:51,338 ] ::: INFO ::: FILE [root] --- LINE: [18]
================stage [METADATA FORMATION STAGE] ended===========================

[ 2026-09-09 13:35:12,774 ] ::: INFO ::: FILE [root] --- LINE: [13]

----------------stage [METADATA FORMATION STAGE] started--------------------------
[ 2026-09-09 13:35:12,775 ] ::: INFO ::: FILE [root] --- LINE: [18]
Metadata entity successfully created
[ 2026-09-09 13:35:12,775 ] ::: INFO ::: FILE [root] --- LINE: [72]
data\preprocessed_data\final_dataframe.csv allready exists. Skiping metadata formation stage
[ 2026-09-09 13:35:12,775 ] ::: INFO ::: FILE [root] --- LINE: [18]
================stage [METADATA FORMATION STAGE] ended===========================

[ 2026-09-09 13:36:46,019 ] ::: INFO ::: FILE [root] --- LINE: [13]

----------------stage [METADATA FORMATION STAGE] started--------------------------
[ 2026-09-09 13:36:46,019 ] ::: INFO ::: FILE [root] --- LINE: [18]
Metadata entity successfully created
[ 2026-09-09 13:36:46,019 ] ::: INFO ::: FILE [root] --- LINE: [72]
data\preprocessed_data\final_dataframe.csv allready exists. Skiping metadata formation stage
[ 2026-09-09 13:36:46,019 ] ::: INFO ::: FILE [root] --- LINE: [18]
================stage [METADATA FORMATION STAGE] ended===========================

[ 2026-09-09 13:36:46,019 ] ::: INFO ::: FILE [root] --- LINE: [13]

----------------stage [IMAGE PREPARATION STAGE] started--------------------------
[ 2026-09-09 13:36:46,019 ] ::: INFO ::: FILE [root] --- LINE: [35]
Image preparation entity successfully created
[ 2026-09-09 13:36:46,320 ] ::: INFO ::: FILE [root] --- LINE: [23]
successfully retrieved meta data file from: data\preprocessed_data\final_dataframe.csv
[ 2026-09-09 13:36:46,320 ] ::: INFO ::: FILE [root] --- LINE: [26]
successfully confirmed meta data file from: data\preprocessed_data\final_dataframe.csv
[ 2026-09-09 13:36:46,583 ] ::: INFO ::: FILE [root] --- LINE: [95]
directory: data\preprocessed_data\final_data\output_mask - hase no inner files, entering creation of masks...
[ 2026-09-09 13:37:07,956 ] ::: INFO ::: FILE [root] --- LINE: [102]
directory: data\preprocessed_data\final_data\output_mask - successfully filled with 38496 masks
[ 2026-09-09 13:37:07,957 ] ::: INFO ::: FILE [root] --- LINE: [111]
files: 
data\preprocessed_data\final_data\train.csv
data\preprocessed_data\final_data\dev.csv
data\preprocessed_data\final_data\test.csv
 not found. Entering creation of train, dev and test csv files
[ 2026-09-09 13:37:07,960 ] ::: INFO ::: FILE [root] --- LINE: [52]
file: data\preprocessed_data\final_data\dev.csv - does not exist. creating new one...
[ 2026-09-09 13:37:07,970 ] ::: INFO ::: FILE [root] --- LINE: [69]
successfully created csv file at: data\preprocessed_data\final_data\dev.csv
[ 2026-09-09 13:37:07,970 ] ::: INFO ::: FILE [root] --- LINE: [52]
file: data\preprocessed_data\final_data\test.csv - does not exist. creating new one...
[ 2026-09-09 13:37:07,978 ] ::: INFO ::: FILE [root] --- LINE: [69]
successfully created csv file at: data\preprocessed_data\final_data\test.csv
[ 2026-09-09 13:37:07,978 ] ::: INFO ::: FILE [root] --- LINE: [52]
file: data\preprocessed_data\final_data\train.csv - does not exist. creating new one...
[ 2026-09-09 13:37:08,131 ] ::: INFO ::: FILE [root] --- LINE: [69]
successfully created csv file at: data\preprocessed_data\final_data\train.csv
[ 2026-09-09 13:37:08,133 ] ::: INFO ::: FILE [root] --- LINE: [130]
train, dev and test csv files successfully created
[ 2026-09-09 13:37:08,133 ] ::: INFO ::: FILE [root] --- LINE: [18]
================stage [IMAGE PREPARATION STAGE] ended===========================

[ 2026-09-09 13:39:14,735 ] ::: INFO ::: FILE [root] --- LINE: [136]
creation of the model...
[ 2026-09-09 13:39:14,780 ] ::: INFO ::: FILE [root] --- LINE: [169]
creation of the model compleated
[ 2026-09-09 13:39:15,338 ] ::: INFO ::: FILE [root] --- LINE: [21]
entering the creation of dataset
[ 2026-09-09 13:39:15,501 ] ::: INFO ::: FILE [root] --- LINE: [53]
dataset successfully created. DO NOT FORGT TO USE ---> on_epoch_end <--- FUNCTION
[ 2026-09-09 13:39:15,502 ] ::: INFO ::: FILE [root] --- LINE: [21]
entering the creation of dataset
[ 2026-09-09 13:39:15,509 ] ::: INFO ::: FILE [root] --- LINE: [53]
dataset successfully created. DO NOT FORGT TO USE ---> on_epoch_end <--- FUNCTION
[ 2026-09-09 13:39:15,509 ] ::: INFO ::: FILE [root] --- LINE: [21]
entering the creation of dataset
[ 2026-09-09 13:39:15,516 ] ::: INFO ::: FILE [root] --- LINE: [53]
dataset successfully created. DO NOT FORGT TO USE ---> on_epoch_end <--- FUNCTION
[ 2026-09-09 13:39:22,840 ] ::: INFO ::: FILE [root] --- LINE: [21]
entering the creation of dataset
[ 2026-09-09 13:39:22,958 ] ::: INFO ::: FILE [root] --- LINE: [53]
dataset successfully created. DO NOT FORGT TO USE ---> on_epoch_end <--- FUNCTION
[ 2026-09-09 14:02:23,818 ] ::: INFO ::: FILE [root] --- LINE: [136]
creation of the model...
[ 2026-09-09 14:02:23,868 ] ::: INFO ::: FILE [root] --- LINE: [169]
creation of the model compleated
[ 2026-09-09 14:02:32,627 ] ::: INFO ::: FILE [root] --- LINE: [21]
entering the creation of dataset
[ 2026-09-09 14:02:32,744 ] ::: INFO ::: FILE [root] --- LINE: [53]
dataset successfully created. DO NOT FORGT TO USE ---> on_epoch_end <--- FUNCTION
[ 2026-09-09 14:02:32,745 ] ::: INFO ::: FILE [root] --- LINE: [21]
entering the creation of dataset
[ 2026-09-09 14:02:32,754 ] ::: INFO ::: FILE [root] --- LINE: [53]
dataset successfully created. DO NOT FORGT TO USE ---> on_epoch_end <--- FUNCTION
[ 2026-09-09 14:02:32,754 ] ::: INFO ::: FILE [root] --- LINE: [21]
entering the creation of dataset
[ 2026-09-09 14:02:32,762 ] ::: INFO ::: FILE [root] --- LINE: [53]
dataset successfully created. DO NOT FORGT TO USE ---> on_epoch_end <--- FUNCTION
[ 2026-09-09 14:06:24,556 ] ::: INFO ::: FILE [root] --- LINE: [136]
creation of the model...
[ 2026-09-09 14:06:24,595 ] ::: INFO ::: FILE [root] --- LINE: [169]
creation of the model compleated
[ 2026-09-09 14:06:25,141 ] ::: INFO ::: FILE [root] --- LINE: [21]
entering the creation of dataset
[ 2026-09-09 14:06:25,270 ] ::: INFO ::: FILE [root] --- LINE: [53]
dataset successfully created. DO NOT FORGT TO USE ---> on_epoch_end <--- FUNCTION
[ 2026-09-09 14:06:25,271 ] ::: INFO ::: FILE [root] --- LINE: [21]
entering the creation of dataset
[ 2026-09-09 14:06:25,279 ] ::: INFO ::: FILE [root] --- LINE: [53]
dataset successfully created. DO NOT FORGT TO USE ---> on_epoch_end <--- FUNCTION
[ 2026-09-09 14:06:25,279 ] ::: INFO ::: FILE [root] --- LINE: [21]
entering the creation of dataset
[ 2026-09-09 14:06:25,287 ] ::: INFO ::: FILE [root] --- LINE: [53]
dataset successfully created. DO NOT FORGT TO USE ---> on_epoch_end <--- FUNCTION
[ 2026-09-09 14:06:25,319 ] ::: INFO ::: FILE [root] --- LINE: [21]
entering the creation of dataset
[ 2026-09-09 14:06:25,427 ] ::: INFO ::: FILE [root] --- LINE: [53]
dataset successfully created. DO NOT FORGT TO USE ---> on_epoch_end <--- FUNCTION
[ 2026-09-09 14:44:01,713 ] ::: INFO ::: FILE [root] --- LINE: [136]
creation of the model...
[ 2026-09-09 14:44:01,752 ] ::: INFO ::: FILE [root] --- LINE: [169]
creation of the model compleated
[ 2026-09-09 14:44:02,277 ] ::: INFO ::: FILE [root] --- LINE: [21]
entering the creation of dataset
[ 2026-09-09 14:44:02,440 ] ::: INFO ::: FILE [root] --- LINE: [53]
dataset successfully created. DO NOT FORGT TO USE ---> on_epoch_end <--- FUNCTION
[ 2026-09-09 14:44:02,441 ] ::: INFO ::: FILE [root] --- LINE: [21]
entering the creation of dataset
[ 2026-09-09 14:44:02,449 ] ::: INFO ::: FILE [root] --- LINE: [53]
dataset successfully created. DO NOT FORGT TO USE ---> on_epoch_end <--- FUNCTION
[ 2026-09-09 14:44:02,449 ] ::: INFO ::: FILE [root] --- LINE: [21]
entering the creation of dataset
[ 2026-09-09 14:44:02,456 ] ::: INFO ::: FILE [root] --- LINE: [53]
dataset successfully created. DO NOT FORGT TO USE ---> on_epoch_end <--- FUNCTION
[ 2026-09-09 14:50:22,232 ] ::: INFO ::: FILE [root] --- LINE: [136]
creation of the model...
[ 2026-09-09 14:50:22,276 ] ::: INFO ::: FILE [root] --- LINE: [169]
creation of the model compleated
[ 2026-09-09 14:50:22,795 ] ::: INFO ::: FILE [root] --- LINE: [21]
entering the creation of dataset
[ 2026-09-09 14:50:22,927 ] ::: INFO ::: FILE [root] --- LINE: [53]
dataset successfully created. DO NOT FORGT TO USE ---> on_epoch_end <--- FUNCTION
[ 2026-09-09 14:50:22,928 ] ::: INFO ::: FILE [root] --- LINE: [21]
entering the creation of dataset
[ 2026-09-09 14:50:22,938 ] ::: INFO ::: FILE [root] --- LINE: [53]
dataset successfully created. DO NOT FORGT TO USE ---> on_epoch_end <--- FUNCTION
[ 2026-09-09 14:50:22,938 ] ::: INFO ::: FILE [root] --- LINE: [21]
entering the creation of dataset
[ 2026-09-09 14:50:22,947 ] ::: INFO ::: FILE [root] --- LINE: [53]
dataset successfully created. DO NOT FORGT TO USE ---> on_epoch_end <--- FUNCTION
[ 2026-09-09 14:53:54,922 ] ::: INFO ::: FILE [root] --- LINE: [136]
creation of the model...
[ 2026-09-09 14:53:54,963 ] ::: INFO ::: FILE [root] --- LINE: [169]
creation of the model compleated
[ 2026-09-09 14:53:55,524 ] ::: INFO ::: FILE [root] --- LINE: [21]
entering the creation of dataset
[ 2026-09-09 14:53:55,671 ] ::: INFO ::: FILE [root] --- LINE: [53]
dataset successfully created. DO NOT FORGT TO USE ---> on_epoch_end <--- FUNCTION
[ 2026-09-09 14:53:55,672 ] ::: INFO ::: FILE [root] --- LINE: [21]
entering the creation of dataset
[ 2026-09-09 14:53:55,681 ] ::: INFO ::: FILE [root] --- LINE: [53]
dataset successfully created. DO NOT FORGT TO USE ---> on_epoch_end <--- FUNCTION
[ 2026-09-09 14:53:55,682 ] ::: INFO ::: FILE [root] --- LINE: [21]
entering the creation of dataset
[ 2026-09-09 14:53:55,689 ] ::: INFO ::: FILE [root] --- LINE: [53]
dataset successfully created. DO NOT FORGT TO USE ---> on_epoch_end <--- FUNCTION
[ 2026-09-09 15:02:08,630 ] ::: INFO ::: FILE [root] --- LINE: [136]
creation of the model...
[ 2026-09-09 15:02:08,670 ] ::: INFO ::: FILE [root] --- LINE: [169]
creation of the model compleated
[ 2026-09-09 15:02:09,203 ] ::: INFO ::: FILE [root] --- LINE: [21]
entering the creation of dataset
[ 2026-09-09 15:02:09,356 ] ::: INFO ::: FILE [root] --- LINE: [53]
dataset successfully created. DO NOT FORGT TO USE ---> on_epoch_end <--- FUNCTION
[ 2026-09-09 15:02:09,357 ] ::: INFO ::: FILE [root] --- LINE: [21]
entering the creation of dataset
[ 2026-09-09 15:02:09,367 ] ::: INFO ::: FILE [root] --- LINE: [53]
dataset successfully created. DO NOT FORGT TO USE ---> on_epoch_end <--- FUNCTION
[ 2026-09-09 15:02:09,367 ] ::: INFO ::: FILE [root] --- LINE: [21]
entering the creation of dataset
[ 2026-09-09 15:02:09,375 ] ::: INFO ::: FILE [root] --- LINE: [53]
dataset successfully created. DO NOT FORGT TO USE ---> on_epoch_end <--- FUNCTION
[ 2026-09-09 16:46:35,673 ] ::: INFO ::: FILE [root] --- LINE: [136]
creation of the model...
[ 2026-09-09 16:46:35,716 ] ::: INFO ::: FILE [root] --- LINE: [169]
creation of the model compleated
[ 2026-09-09 16:46:48,804 ] ::: INFO ::: FILE [root] --- LINE: [21]
entering the creation of dataset
[ 2026-09-09 16:46:48,919 ] ::: INFO ::: FILE [root] --- LINE: [53]
dataset successfully created. DO NOT FORGT TO USE ---> on_epoch_end <--- FUNCTION
[ 2026-09-09 16:46:48,920 ] ::: INFO ::: FILE [root] --- LINE: [21]
entering the creation of dataset
[ 2026-09-09 16:46:48,928 ] ::: INFO ::: FILE [root] --- LINE: [53]
dataset successfully created. DO NOT FORGT TO USE ---> on_epoch_end <--- FUNCTION
[ 2026-09-09 16:46:48,929 ] ::: INFO ::: FILE [root] --- LINE: [21]
entering the creation of dataset
[ 2026-09-09 16:46:48,935 ] ::: INFO ::: FILE [root] --- LINE: [53]
dataset successfully created. DO NOT FORGT TO USE ---> on_epoch_end <--- FUNCTION
[ 2026-09-09 16:48:11,348 ] ::: INFO ::: FILE [root] --- LINE: [21]
entering the creation of dataset
[ 2026-09-09 16:48:11,464 ] ::: INFO ::: FILE [root] --- LINE: [53]
dataset successfully created. DO NOT FORGT TO USE ---> on_epoch_end <--- FUNCTION
[ 2026-09-09 16:48:11,466 ] ::: INFO ::: FILE [root] --- LINE: [21]
entering the creation of dataset
[ 2026-09-09 16:48:11,473 ] ::: INFO ::: FILE [root] --- LINE: [53]
dataset successfully created. DO NOT FORGT TO USE ---> on_epoch_end <--- FUNCTION
[ 2026-09-09 16:53:13,469 ] ::: INFO ::: FILE [root] --- LINE: [21]
entering the creation of dataset
[ 2026-09-09 16:53:13,588 ] ::: INFO ::: FILE [root] --- LINE: [53]
dataset successfully created. DO NOT FORGT TO USE ---> on_epoch_end <--- FUNCTION
[ 2026-09-09 16:53:13,589 ] ::: INFO ::: FILE [root] --- LINE: [21]
entering the creation of dataset
[ 2026-09-09 16:53:13,598 ] ::: INFO ::: FILE [root] --- LINE: [53]
dataset successfully created. DO NOT FORGT TO USE ---> on_epoch_end <--- FUNCTION
[ 2026-09-09 17:05:52,527 ] ::: INFO ::: FILE [root] --- LINE: [21]
entering the creation of dataset
[ 2026-09-09 17:05:52,707 ] ::: INFO ::: FILE [root] --- LINE: [53]
dataset successfully created. DO NOT FORGT TO USE ---> on_epoch_end <--- FUNCTION
[ 2026-09-09 17:05:52,708 ] ::: INFO ::: FILE [root] --- LINE: [21]
entering the creation of dataset
[ 2026-09-09 17:05:52,716 ] ::: INFO ::: FILE [root] --- LINE: [53]
dataset successfully created. DO NOT FORGT TO USE ---> on_epoch_end <--- FUNCTION
[ 2026-09-09 17:09:36,980 ] ::: INFO ::: FILE [root] --- LINE: [21]
entering the creation of dataset
[ 2026-09-09 17:09:37,108 ] ::: INFO ::: FILE [root] --- LINE: [53]
dataset successfully created. DO NOT FORGT TO USE ---> on_epoch_end <--- FUNCTION
[ 2026-09-09 17:09:37,109 ] ::: INFO ::: FILE [root] --- LINE: [21]
entering the creation of dataset
[ 2026-09-09 17:09:37,117 ] ::: INFO ::: FILE [root] --- LINE: [53]
dataset successfully created. DO NOT FORGT TO USE ---> on_epoch_end <--- FUNCTION
[ 2026-09-09 17:13:05,950 ] ::: INFO ::: FILE [root] --- LINE: [21]
entering the creation of dataset
[ 2026-09-09 17:13:06,068 ] ::: INFO ::: FILE [root] --- LINE: [53]
dataset successfully created. DO NOT FORGT TO USE ---> on_epoch_end <--- FUNCTION
[ 2026-09-09 17:13:06,069 ] ::: INFO ::: FILE [root] --- LINE: [21]
entering the creation of dataset
[ 2026-09-09 17:13:06,077 ] ::: INFO ::: FILE [root] --- LINE: [53]
dataset successfully created. DO NOT FORGT TO USE ---> on_epoch_end <--- FUNCTION
[ 2026-09-11 16:39:16,488 ] ::: INFO ::: FILE [root] --- LINE: [21]
entering the creation of dataset
[ 2026-09-11 16:39:16,667 ] ::: INFO ::: FILE [root] --- LINE: [53]
dataset successfully created. DO NOT FORGT TO USE ---> on_epoch_end <--- FUNCTION
[ 2026-09-11 16:42:51,730 ] ::: INFO ::: FILE [root] --- LINE: [21]
entering the creation of dataset
[ 2026-09-11 16:42:51,859 ] ::: INFO ::: FILE [root] --- LINE: [53]
dataset successfully created. DO NOT FORGT TO USE ---> on_epoch_end <--- FUNCTION
[ 2026-09-11 17:00:56,122 ] ::: INFO ::: FILE [root] --- LINE: [21]
entering the creation of dataset
[ 2026-09-11 17:00:56,255 ] ::: INFO ::: FILE [root] --- LINE: [53]
dataset successfully created. DO NOT FORGT TO USE ---> on_epoch_end <--- FUNCTION
[ 2026-09-11 17:02:20,053 ] ::: INFO ::: FILE [root] --- LINE: [21]
entering the creation of dataset
[ 2026-09-11 17:02:20,167 ] ::: INFO ::: FILE [root] --- LINE: [53]
dataset successfully created. DO NOT FORGT TO USE ---> on_epoch_end <--- FUNCTION
[ 2026-09-11 17:14:28,725 ] ::: INFO ::: FILE [root] --- LINE: [21]
entering the creation of dataset
[ 2026-09-11 17:14:28,890 ] ::: INFO ::: FILE [root] --- LINE: [53]
dataset successfully created. DO NOT FORGT TO USE ---> on_epoch_end <--- FUNCTION
[ 2026-09-11 18:09:39,148 ] ::: INFO ::: FILE [root] --- LINE: [21]
entering the creation of dataset
[ 2026-09-11 18:09:39,274 ] ::: INFO ::: FILE [root] --- LINE: [53]
dataset successfully created. DO NOT FORGT TO USE ---> on_epoch_end <--- FUNCTION
[ 2026-09-11 18:18:26,608 ] ::: INFO ::: FILE [root] --- LINE: [21]
entering the creation of dataset
[ 2026-09-11 18:18:26,729 ] ::: INFO ::: FILE [root] --- LINE: [53]
dataset successfully created. DO NOT FORGT TO USE ---> on_epoch_end <--- FUNCTION
[ 2026-09-11 18:43:26,969 ] ::: INFO ::: FILE [root] --- LINE: [21]
entering the creation of dataset
[ 2026-09-11 18:43:27,093 ] ::: INFO ::: FILE [root] --- LINE: [53]
dataset successfully created. DO NOT FORGT TO USE ---> on_epoch_end <--- FUNCTION
