[ 2026-09-12 08:50:31,445 ] ::: INFO ::: FILE [root] --- LINE: [118]
Model creation entity successfully created
[ 2026-09-12 08:56:47,697 ] ::: INFO ::: FILE [root] --- LINE: [121]
Model creation entity successfully created
[ 2026-09-12 08:57:21,928 ] ::: INFO ::: FILE [root] --- LINE: [121]
Model creation entity successfully created
[ 2026-09-12 08:57:28,526 ] ::: INFO ::: FILE [root] --- LINE: [121]
Model creation entity successfully created
[ 2026-09-12 08:58:15,357 ] ::: INFO ::: FILE [root] --- LINE: [121]
Model creation entity successfully created
[ 2026-09-12 09:00:33,834 ] ::: INFO ::: FILE [root] --- LINE: [121]
Model creation entity successfully created
[ 2026-09-12 09:00:57,984 ] ::: INFO ::: FILE [root] --- LINE: [121]
Model creation entity successfully created
[ 2026-09-12 09:01:51,960 ] ::: INFO ::: FILE [root] --- LINE: [21]
entering the creation of dataset
[ 2026-09-12 09:01:52,075 ] ::: INFO ::: FILE [root] --- LINE: [53]
dataset successfully created. DO NOT FORGT TO USE ---> on_epoch_end <--- FUNCTION
[ 2026-09-12 09:14:02,021 ] ::: INFO ::: FILE [root] --- LINE: [121]
Model creation entity successfully created
[ 2026-09-12 09:14:02,403 ] ::: INFO ::: FILE [root] --- LINE: [21]
entering the creation of dataset
[ 2026-09-12 09:14:02,522 ] ::: INFO ::: FILE [root] --- LINE: [53]
dataset successfully created. DO NOT FORGT TO USE ---> on_epoch_end <--- FUNCTION
[ 2026-09-12 10:41:56,076 ] ::: INFO ::: FILE [root] --- LINE: [21]
entering the creation of dataset
[ 2026-09-12 10:41:56,207 ] ::: INFO ::: FILE [root] --- LINE: [53]
dataset successfully created. DO NOT FORGT TO USE ---> on_epoch_end <--- FUNCTION
[ 2026-09-12 11:46:22,191 ] ::: INFO ::: FILE [root] --- LINE: [121]
Model creation entity successfully created
[ 2026-09-12 11:46:23,857 ] ::: INFO ::: FILE [root] --- LINE: [21]
entering the creation of dataset
[ 2026-09-12 11:46:23,978 ] ::: INFO ::: FILE [root] --- LINE: [53]
dataset successfully created. DO NOT FORGT TO USE ---> on_epoch_end <--- FUNCTION
[ 2026-09-12 13:45:35,847 ] ::: INFO ::: FILE [root] --- LINE: [121]
Model creation entity successfully created
[ 2026-09-12 13:46:35,189 ] ::: INFO ::: FILE [root] --- LINE: [138]
creation of the model...
[ 2026-09-12 13:46:39,088 ] ::: INFO ::: FILE [root] --- LINE: [176]
creation of the model compleated
[ 2026-09-12 13:53:36,771 ] ::: INFO ::: FILE [root] --- LINE: [21]
entering the creation of dataset
[ 2026-09-12 13:53:37,047 ] ::: INFO ::: FILE [root] --- LINE: [53]
dataset successfully created. DO NOT FORGT TO USE ---> on_epoch_end <--- FUNCTION
[ 2026-09-12 14:01:32,625 ] ::: INFO ::: FILE [root] --- LINE: [118]
Model creation entity successfully created
[ 2026-09-12 14:36:53,867 ] ::: INFO ::: FILE [root] --- LINE: [138]
creation of the model...
[ 2026-09-12 14:36:57,630 ] ::: INFO ::: FILE [root] --- LINE: [176]
creation of the model compleated
[ 2026-09-12 14:38:48,933 ] ::: INFO ::: FILE [root] --- LINE: [138]
creation of the model...
[ 2026-09-12 14:38:52,672 ] ::: INFO ::: FILE [root] --- LINE: [176]
creation of the model compleated
[ 2026-09-12 14:48:24,773 ] ::: INFO ::: FILE [root] --- LINE: [138]
creation of the model...
[ 2026-09-12 14:48:28,984 ] ::: INFO ::: FILE [root] --- LINE: [176]
creation of the model compleated
[ 2026-09-12 14:55:24,825 ] ::: INFO ::: FILE [root] --- LINE: [21]
entering the creation of dataset
[ 2026-09-12 14:55:25,114 ] ::: INFO ::: FILE [root] --- LINE: [53]
dataset successfully created. DO NOT FORGT TO USE ---> on_epoch_end <--- FUNCTION
[ 2026-09-12 15:03:04,776 ] ::: INFO ::: FILE [root] --- LINE: [118]
Model creation entity successfully created
