[ 2026-09-14 10:57:18,701 ] ::: INFO ::: FILE [lightning.fabric.utilities.seed] --- LINE: [57]
Seed set to 42
[ 2026-09-14 10:57:18,705 ] ::: INFO ::: FILE [root] --- LINE: [13]

----------------stage [METADATA FORMATION STAGE] started--------------------------
[ 2026-09-14 10:57:18,705 ] ::: INFO ::: FILE [root] --- LINE: [120]
Model creation entity successfully created
[ 2026-09-14 10:57:19,384 ] ::: INFO ::: FILE [root] --- LINE: [77]
Start of optuna opitmization process...
[ 2026-09-14 10:57:19,541 ] ::: INFO ::: FILE [root] --- LINE: [138]
creation of the model...
[ 2026-09-14 10:57:19,613 ] ::: INFO ::: FILE [root] --- LINE: [176]
creation of the model compleated
[ 2026-09-14 10:57:19,618 ] ::: INFO ::: FILE [root] --- LINE: [109]
MRI lightning module successfully initialized
[ 2026-09-14 10:57:19,619 ] ::: INFO ::: FILE [root] --- LINE: [47]
MRI lightning data module successfully initialized
[ 2026-09-14 10:57:21,119 ] ::: ERROR ::: FILE [root] --- LINE: [20]
SOME TROUBLES WITH STAGE [METADATA FORMATION STAGE]
[ 2026-09-14 10:57:57,602 ] ::: INFO ::: FILE [lightning.fabric.utilities.seed] --- LINE: [57]
Seed set to 42
[ 2026-09-14 10:57:57,604 ] ::: INFO ::: FILE [root] --- LINE: [13]

----------------stage [METADATA FORMATION STAGE] started--------------------------
[ 2026-09-14 10:57:57,605 ] ::: INFO ::: FILE [root] --- LINE: [120]
Model creation entity successfully created
[ 2026-09-14 10:57:58,255 ] ::: INFO ::: FILE [root] --- LINE: [77]
Start of optuna opitmization process...
[ 2026-09-14 10:57:58,416 ] ::: INFO ::: FILE [root] --- LINE: [138]
creation of the model...
[ 2026-09-14 10:57:59,036 ] ::: INFO ::: FILE [root] --- LINE: [176]
creation of the model compleated
[ 2026-09-14 10:57:59,040 ] ::: INFO ::: FILE [root] --- LINE: [109]
MRI lightning module successfully initialized
[ 2026-09-14 10:57:59,040 ] ::: INFO ::: FILE [root] --- LINE: [47]
MRI lightning data module successfully initialized
[ 2026-09-14 10:58:00,347 ] ::: ERROR ::: FILE [root] --- LINE: [20]
SOME TROUBLES WITH STAGE [METADATA FORMATION STAGE]
[ 2026-09-14 11:00:59,370 ] ::: INFO ::: FILE [lightning.fabric.utilities.seed] --- LINE: [57]
Seed set to 42
[ 2026-09-14 11:00:59,373 ] ::: INFO ::: FILE [root] --- LINE: [13]

----------------stage [METADATA FORMATION STAGE] started--------------------------
[ 2026-09-14 11:00:59,374 ] ::: INFO ::: FILE [root] --- LINE: [120]
Model creation entity successfully created
[ 2026-09-14 11:00:59,844 ] ::: INFO ::: FILE [root] --- LINE: [77]
Start of optuna opitmization process...
[ 2026-09-14 11:00:59,993 ] ::: INFO ::: FILE [root] --- LINE: [138]
creation of the model...
[ 2026-09-14 11:01:00,314 ] ::: INFO ::: FILE [root] --- LINE: [176]
creation of the model compleated
[ 2026-09-14 11:01:00,318 ] ::: INFO ::: FILE [root] --- LINE: [109]
MRI lightning module successfully initialized
[ 2026-09-14 11:01:00,318 ] ::: INFO ::: FILE [root] --- LINE: [47]
MRI lightning data module successfully initialized
[ 2026-09-14 11:01:00,345 ] ::: ERROR ::: FILE [root] --- LINE: [20]
SOME TROUBLES WITH STAGE [METADATA FORMATION STAGE]
[ 2026-09-14 11:08:04,511 ] ::: INFO ::: FILE [lightning.fabric.utilities.seed] --- LINE: [57]
Seed set to 42
[ 2026-09-14 11:08:04,515 ] ::: INFO ::: FILE [root] --- LINE: [13]

----------------stage [METADATA FORMATION STAGE] started--------------------------
[ 2026-09-14 11:08:04,516 ] ::: INFO ::: FILE [root] --- LINE: [120]
Model creation entity successfully created
[ 2026-09-14 11:08:04,993 ] ::: INFO ::: FILE [root] --- LINE: [77]
Start of optuna opitmization process...
[ 2026-09-14 11:08:05,133 ] ::: INFO ::: FILE [root] --- LINE: [138]
creation of the model...
[ 2026-09-14 11:08:05,249 ] ::: INFO ::: FILE [root] --- LINE: [176]
creation of the model compleated
[ 2026-09-14 11:08:05,252 ] ::: INFO ::: FILE [root] --- LINE: [109]
MRI lightning module successfully initialized
[ 2026-09-14 11:08:05,252 ] ::: INFO ::: FILE [root] --- LINE: [47]
MRI lightning data module successfully initialized
[ 2026-09-14 11:08:06,031 ] ::: ERROR ::: FILE [root] --- LINE: [20]
SOME TROUBLES WITH STAGE [METADATA FORMATION STAGE]
[ 2026-09-14 11:25:09,985 ] ::: INFO ::: FILE [lightning.fabric.utilities.seed] --- LINE: [57]
Seed set to 42
[ 2026-09-14 11:25:09,988 ] ::: INFO ::: FILE [root] --- LINE: [13]

----------------stage [METADATA FORMATION STAGE] started--------------------------
[ 2026-09-14 11:25:09,988 ] ::: INFO ::: FILE [root] --- LINE: [121]
Model creation entity successfully created
[ 2026-09-14 11:25:10,622 ] ::: INFO ::: FILE [root] --- LINE: [77]
Start of optuna opitmization process...
[ 2026-09-14 11:25:10,761 ] ::: INFO ::: FILE [root] --- LINE: [138]
creation of the model...
[ 2026-09-14 11:25:11,664 ] ::: INFO ::: FILE [root] --- LINE: [176]
creation of the model compleated
[ 2026-09-14 11:25:11,668 ] ::: INFO ::: FILE [root] --- LINE: [109]
MRI lightning module successfully initialized
[ 2026-09-14 11:25:11,668 ] ::: INFO ::: FILE [root] --- LINE: [47]
MRI lightning data module successfully initialized
[ 2026-09-14 11:25:12,429 ] ::: ERROR ::: FILE [root] --- LINE: [20]
SOME TROUBLES WITH STAGE [METADATA FORMATION STAGE]
[ 2026-09-14 11:31:58,361 ] ::: INFO ::: FILE [lightning.fabric.utilities.seed] --- LINE: [57]
Seed set to 42
[ 2026-09-14 11:31:58,364 ] ::: INFO ::: FILE [root] --- LINE: [13]

----------------stage [METADATA FORMATION STAGE] started--------------------------
[ 2026-09-14 11:31:58,365 ] ::: INFO ::: FILE [root] --- LINE: [121]
Model creation entity successfully created
[ 2026-09-14 11:31:58,824 ] ::: INFO ::: FILE [root] --- LINE: [77]
Start of optuna opitmization process...
[ 2026-09-14 11:31:58,978 ] ::: INFO ::: FILE [root] --- LINE: [138]
creation of the model...
[ 2026-09-14 11:31:59,058 ] ::: INFO ::: FILE [root] --- LINE: [176]
creation of the model compleated
[ 2026-09-14 11:31:59,062 ] ::: INFO ::: FILE [root] --- LINE: [109]
MRI lightning module successfully initialized
[ 2026-09-14 11:31:59,062 ] ::: INFO ::: FILE [root] --- LINE: [47]
MRI lightning data module successfully initialized
[ 2026-09-14 11:32:02,231 ] ::: INFO ::: FILE [root] --- LINE: [71]
MRI model trainer successfully initialized
[ 2026-09-14 11:32:02,243 ] ::: INFO ::: FILE [lightning.pytorch.utilities.rank_zero] --- LINE: [164]
GPU available: False, used: False
[ 2026-09-14 11:32:02,245 ] ::: INFO ::: FILE [lightning.pytorch.utilities.rank_zero] --- LINE: [167]
TPU available: False, using: 0 TPU cores
[ 2026-09-14 11:32:02,245 ] ::: INFO ::: FILE [lightning.pytorch.utilities.rank_zero] --- LINE: [91]
\U0001f4a1 Tip: For seamless cloud logging and experiment tracking, try installing [litlogger](https://pypi.org/project/litlogger/) to enable LitLogger, which logs metrics and artifacts automatically to the Lightning Experiments platform.
[ 2026-09-14 11:32:02,245 ] ::: INFO ::: FILE [root] --- LINE: [124]
MRI model lightning trainer successfully initialized
[ 2026-09-14 11:32:02,272 ] ::: WARNING ::: FILE [lightning.pytorch.loggers.mlflow] --- LINE: [184]
Experiment with name MRI_Segmentation not found. Creating it.
[ 2026-09-14 11:32:02,532 ] ::: INFO ::: FILE [root] --- LINE: [21]
entering the creation of dataset
[ 2026-09-14 11:32:02,660 ] ::: INFO ::: FILE [root] --- LINE: [53]
dataset successfully created. DO NOT FORGT TO USE ---> on_epoch_end <--- FUNCTION
[ 2026-09-14 11:32:02,660 ] ::: INFO ::: FILE [root] --- LINE: [21]
entering the creation of dataset
[ 2026-09-14 11:32:02,672 ] ::: INFO ::: FILE [root] --- LINE: [53]
dataset successfully created. DO NOT FORGT TO USE ---> on_epoch_end <--- FUNCTION
[ 2026-09-14 11:32:06,373 ] ::: INFO ::: FILE [lightning.fabric.utilities.seed] --- LINE: [57]
Seed set to 42
[ 2026-09-14 11:32:09,989 ] ::: INFO ::: FILE [lightning.fabric.utilities.seed] --- LINE: [57]
Seed set to 42
[ 2026-09-14 11:32:13,642 ] ::: INFO ::: FILE [lightning.fabric.utilities.seed] --- LINE: [57]
Seed set to 42
[ 2026-09-14 11:32:17,224 ] ::: INFO ::: FILE [lightning.fabric.utilities.seed] --- LINE: [57]
Seed set to 42
[ 2026-09-14 11:32:20,826 ] ::: INFO ::: FILE [lightning.fabric.utilities.seed] --- LINE: [57]
Seed set to 42
[ 2026-09-14 11:32:24,376 ] ::: INFO ::: FILE [lightning.fabric.utilities.seed] --- LINE: [57]
Seed set to 42
[ 2026-09-14 11:32:27,936 ] ::: INFO ::: FILE [lightning.fabric.utilities.seed] --- LINE: [57]
Seed set to 42
[ 2026-09-14 11:32:31,497 ] ::: INFO ::: FILE [lightning.fabric.utilities.seed] --- LINE: [57]
Seed set to 42
[ 2026-09-14 11:32:35,053 ] ::: INFO ::: FILE [lightning.fabric.utilities.seed] --- LINE: [57]
Seed set to 42
[ 2026-09-14 11:32:38,593 ] ::: INFO ::: FILE [lightning.fabric.utilities.seed] --- LINE: [57]
Seed set to 42
[ 2026-09-14 11:32:42,172 ] ::: INFO ::: FILE [lightning.fabric.utilities.seed] --- LINE: [57]
Seed set to 42
[ 2026-09-14 11:32:45,773 ] ::: INFO ::: FILE [lightning.fabric.utilities.seed] --- LINE: [57]
Seed set to 42
[ 2026-09-14 11:32:49,378 ] ::: INFO ::: FILE [lightning.fabric.utilities.seed] --- LINE: [57]
Seed set to 42
[ 2026-09-14 11:32:53,028 ] ::: INFO ::: FILE [lightning.fabric.utilities.seed] --- LINE: [57]
Seed set to 42
[ 2026-09-14 11:33:26,583 ] ::: INFO ::: FILE [lightning.fabric.utilities.seed] --- LINE: [57]
Seed set to 42
[ 2026-09-14 11:33:30,161 ] ::: INFO ::: FILE [lightning.fabric.utilities.seed] --- LINE: [57]
Seed set to 42
[ 2026-09-14 11:33:33,979 ] ::: INFO ::: FILE [lightning.fabric.utilities.seed] --- LINE: [57]
Seed set to 42
[ 2026-09-14 11:33:37,883 ] ::: INFO ::: FILE [lightning.fabric.utilities.seed] --- LINE: [57]
Seed set to 42
[ 2026-09-14 11:33:41,888 ] ::: INFO ::: FILE [lightning.fabric.utilities.seed] --- LINE: [57]
Seed set to 42
[ 2026-09-14 11:33:45,706 ] ::: INFO ::: FILE [lightning.fabric.utilities.seed] --- LINE: [57]
Seed set to 42
[ 2026-09-14 11:33:49,571 ] ::: INFO ::: FILE [lightning.fabric.utilities.seed] --- LINE: [57]
Seed set to 42
[ 2026-09-14 11:33:53,371 ] ::: INFO ::: FILE [lightning.fabric.utilities.seed] --- LINE: [57]
Seed set to 42
[ 2026-09-14 11:33:57,207 ] ::: INFO ::: FILE [lightning.fabric.utilities.seed] --- LINE: [57]
Seed set to 42
[ 2026-09-14 11:34:01,149 ] ::: INFO ::: FILE [lightning.fabric.utilities.seed] --- LINE: [57]
Seed set to 42
[ 2026-09-14 11:34:05,029 ] ::: INFO ::: FILE [lightning.fabric.utilities.seed] --- LINE: [57]
Seed set to 42
[ 2026-09-14 11:34:08,755 ] ::: INFO ::: FILE [lightning.fabric.utilities.seed] --- LINE: [57]
Seed set to 42
[ 2026-09-14 11:34:12,510 ] ::: INFO ::: FILE [lightning.fabric.utilities.seed] --- LINE: [57]
Seed set to 42
[ 2026-09-14 11:34:16,234 ] ::: INFO ::: FILE [lightning.fabric.utilities.seed] --- LINE: [57]
Seed set to 42
[ 2026-09-14 12:09:19,706 ] ::: INFO ::: FILE [lightning.fabric.utilities.seed] --- LINE: [57]
Seed set to 42
[ 2026-09-14 12:09:19,710 ] ::: INFO ::: FILE [root] --- LINE: [13]

----------------stage [METADATA FORMATION STAGE] started--------------------------
[ 2026-09-14 12:09:19,711 ] ::: INFO ::: FILE [root] --- LINE: [121]
Model creation entity successfully created
[ 2026-09-14 12:09:20,369 ] ::: INFO ::: FILE [root] --- LINE: [77]
Start of optuna opitmization process...
[ 2026-09-14 12:09:20,506 ] ::: INFO ::: FILE [root] --- LINE: [138]
creation of the model...
[ 2026-09-14 12:09:20,533 ] ::: INFO ::: FILE [root] --- LINE: [176]
creation of the model compleated
[ 2026-09-14 12:09:20,537 ] ::: INFO ::: FILE [root] --- LINE: [109]
MRI lightning module successfully initialized
[ 2026-09-14 12:09:20,537 ] ::: INFO ::: FILE [root] --- LINE: [47]
MRI lightning data module successfully initialized
[ 2026-09-14 12:09:23,709 ] ::: INFO ::: FILE [root] --- LINE: [71]
MRI model trainer successfully initialized
[ 2026-09-14 12:09:23,722 ] ::: INFO ::: FILE [lightning.pytorch.utilities.rank_zero] --- LINE: [164]
GPU available: False, used: False
[ 2026-09-14 12:09:23,723 ] ::: INFO ::: FILE [lightning.pytorch.utilities.rank_zero] --- LINE: [167]
TPU available: False, using: 0 TPU cores
[ 2026-09-14 12:09:23,724 ] ::: INFO ::: FILE [lightning.pytorch.utilities.rank_zero] --- LINE: [91]
\U0001f4a1 Tip: For seamless cloud logging and experiment tracking, try installing [litlogger](https://pypi.org/project/litlogger/) to enable LitLogger, which logs metrics and artifacts automatically to the Lightning Experiments platform.
[ 2026-09-14 12:09:23,724 ] ::: INFO ::: FILE [lightning.pytorch.utilities.rank_zero] --- LINE: [75]
Running in `fast_dev_run` mode: will run the requested loop using 1 batch(es). Logging and checkpointing is suppressed.
[ 2026-09-14 12:09:23,724 ] ::: INFO ::: FILE [root] --- LINE: [125]
MRI model lightning trainer successfully initialized
[ 2026-09-14 12:09:23,725 ] ::: INFO ::: FILE [root] --- LINE: [21]
entering the creation of dataset
[ 2026-09-14 12:09:23,868 ] ::: INFO ::: FILE [root] --- LINE: [53]
dataset successfully created. DO NOT FORGT TO USE ---> on_epoch_end <--- FUNCTION
[ 2026-09-14 12:09:23,868 ] ::: INFO ::: FILE [root] --- LINE: [21]
entering the creation of dataset
[ 2026-09-14 12:09:23,877 ] ::: INFO ::: FILE [root] --- LINE: [53]
dataset successfully created. DO NOT FORGT TO USE ---> on_epoch_end <--- FUNCTION
[ 2026-09-14 12:09:27,450 ] ::: INFO ::: FILE [lightning.fabric.utilities.seed] --- LINE: [57]
Seed set to 42
[ 2026-09-14 12:09:31,028 ] ::: INFO ::: FILE [lightning.fabric.utilities.seed] --- LINE: [57]
Seed set to 42
[ 2026-09-14 12:09:34,662 ] ::: INFO ::: FILE [lightning.fabric.utilities.seed] --- LINE: [57]
Seed set to 42
[ 2026-09-14 12:09:38,223 ] ::: INFO ::: FILE [lightning.fabric.utilities.seed] --- LINE: [57]
Seed set to 42
[ 2026-09-14 12:09:41,753 ] ::: INFO ::: FILE [lightning.fabric.utilities.seed] --- LINE: [57]
Seed set to 42
[ 2026-09-14 12:09:45,250 ] ::: INFO ::: FILE [lightning.fabric.utilities.seed] --- LINE: [57]
Seed set to 42
[ 2026-09-14 12:09:48,952 ] ::: INFO ::: FILE [lightning.fabric.utilities.seed] --- LINE: [57]
Seed set to 42
[ 2026-09-14 12:09:52,519 ] ::: INFO ::: FILE [lightning.fabric.utilities.seed] --- LINE: [57]
Seed set to 42
[ 2026-09-14 12:09:56,044 ] ::: INFO ::: FILE [lightning.fabric.utilities.seed] --- LINE: [57]
Seed set to 42
[ 2026-09-14 12:09:59,542 ] ::: INFO ::: FILE [lightning.fabric.utilities.seed] --- LINE: [57]
Seed set to 42
[ 2026-09-14 12:10:03,087 ] ::: INFO ::: FILE [lightning.fabric.utilities.seed] --- LINE: [57]
Seed set to 42
[ 2026-09-14 12:10:06,713 ] ::: INFO ::: FILE [lightning.fabric.utilities.seed] --- LINE: [57]
Seed set to 42
[ 2026-09-14 12:10:10,304 ] ::: INFO ::: FILE [lightning.fabric.utilities.seed] --- LINE: [57]
Seed set to 42
[ 2026-09-14 12:10:13,798 ] ::: INFO ::: FILE [lightning.fabric.utilities.seed] --- LINE: [57]
Seed set to 42
[ 2026-09-14 12:10:35,969 ] ::: INFO ::: FILE [lightning.fabric.utilities.seed] --- LINE: [57]
Seed set to 42
[ 2026-09-14 12:10:39,541 ] ::: INFO ::: FILE [lightning.fabric.utilities.seed] --- LINE: [57]
Seed set to 42
[ 2026-09-14 12:10:43,108 ] ::: INFO ::: FILE [lightning.fabric.utilities.seed] --- LINE: [57]
Seed set to 42
[ 2026-09-14 12:10:46,639 ] ::: INFO ::: FILE [lightning.fabric.utilities.seed] --- LINE: [57]
Seed set to 42
[ 2026-09-14 12:10:50,197 ] ::: INFO ::: FILE [lightning.fabric.utilities.seed] --- LINE: [57]
Seed set to 42
[ 2026-09-14 12:10:53,674 ] ::: INFO ::: FILE [lightning.fabric.utilities.seed] --- LINE: [57]
Seed set to 42
[ 2026-09-14 12:10:57,194 ] ::: INFO ::: FILE [lightning.fabric.utilities.seed] --- LINE: [57]
Seed set to 42
[ 2026-09-14 12:11:00,695 ] ::: INFO ::: FILE [lightning.fabric.utilities.seed] --- LINE: [57]
Seed set to 42
[ 2026-09-14 12:11:04,180 ] ::: INFO ::: FILE [lightning.fabric.utilities.seed] --- LINE: [57]
Seed set to 42
[ 2026-09-14 12:11:07,716 ] ::: INFO ::: FILE [lightning.fabric.utilities.seed] --- LINE: [57]
Seed set to 42
[ 2026-09-14 12:11:11,238 ] ::: INFO ::: FILE [lightning.fabric.utilities.seed] --- LINE: [57]
Seed set to 42
[ 2026-09-14 12:11:14,911 ] ::: INFO ::: FILE [lightning.fabric.utilities.seed] --- LINE: [57]
Seed set to 42
[ 2026-09-14 12:11:18,466 ] ::: INFO ::: FILE [lightning.fabric.utilities.seed] --- LINE: [57]
Seed set to 42
[ 2026-09-14 12:11:21,999 ] ::: INFO ::: FILE [lightning.fabric.utilities.seed] --- LINE: [57]
Seed set to 42
[ 2026-09-14 12:11:32,485 ] ::: INFO ::: FILE [lightning.pytorch.utilities.rank_zero] --- LINE: [182]
`Trainer.fit` stopped: `max_steps=1` reached.
[ 2026-09-14 12:11:36,670 ] ::: INFO ::: FILE [root] --- LINE: [61]
model MRI-Unet-0 successfully trained
[ 2026-09-14 12:11:36,704 ] ::: ERROR ::: FILE [root] --- LINE: [20]
SOME TROUBLES WITH STAGE [METADATA FORMATION STAGE]
[ 2026-09-14 12:31:25,373 ] ::: INFO ::: FILE [lightning.fabric.utilities.seed] --- LINE: [57]
Seed set to 42
[ 2026-09-14 12:31:25,376 ] ::: INFO ::: FILE [root] --- LINE: [13]

----------------stage [METADATA FORMATION STAGE] started--------------------------
[ 2026-09-14 12:31:25,376 ] ::: INFO ::: FILE [root] --- LINE: [121]
Model creation entity successfully created
[ 2026-09-14 12:31:26,073 ] ::: INFO ::: FILE [root] --- LINE: [77]
Start of optuna opitmization process...
[ 2026-09-14 12:31:26,203 ] ::: INFO ::: FILE [root] --- LINE: [138]
creation of the model...
[ 2026-09-14 12:31:26,215 ] ::: INFO ::: FILE [root] --- LINE: [176]
creation of the model compleated
[ 2026-09-14 12:31:26,218 ] ::: INFO ::: FILE [root] --- LINE: [109]
MRI lightning module successfully initialized
[ 2026-09-14 12:31:26,218 ] ::: INFO ::: FILE [root] --- LINE: [47]
MRI lightning data module successfully initialized
[ 2026-09-14 12:31:29,480 ] ::: INFO ::: FILE [root] --- LINE: [71]
MRI model trainer successfully initialized
[ 2026-09-14 12:31:29,492 ] ::: INFO ::: FILE [lightning.pytorch.utilities.rank_zero] --- LINE: [164]
GPU available: False, used: False
[ 2026-09-14 12:31:29,493 ] ::: INFO ::: FILE [lightning.pytorch.utilities.rank_zero] --- LINE: [167]
TPU available: False, using: 0 TPU cores
[ 2026-09-14 12:31:29,494 ] ::: INFO ::: FILE [lightning.pytorch.utilities.rank_zero] --- LINE: [91]
\U0001f4a1 Tip: For seamless cloud logging and experiment tracking, try installing [litlogger](https://pypi.org/project/litlogger/) to enable LitLogger, which logs metrics and artifacts automatically to the Lightning Experiments platform.
[ 2026-09-14 12:31:29,494 ] ::: INFO ::: FILE [lightning.pytorch.utilities.rank_zero] --- LINE: [114]
`Trainer(limit_train_batches=1)` was configured so 1 batch per epoch will be used.
[ 2026-09-14 12:31:29,494 ] ::: INFO ::: FILE [lightning.pytorch.utilities.rank_zero] --- LINE: [114]
`Trainer(limit_val_batches=1)` was configured so 1 batch will be used.
[ 2026-09-14 12:31:29,494 ] ::: INFO ::: FILE [root] --- LINE: [125]
MRI model lightning trainer successfully initialized
[ 2026-09-14 12:31:29,522 ] ::: WARNING ::: FILE [lightning.pytorch.loggers.mlflow] --- LINE: [184]
Experiment with name MRI_Segmentation not found. Creating it.
[ 2026-09-14 12:31:29,806 ] ::: INFO ::: FILE [root] --- LINE: [21]
entering the creation of dataset
[ 2026-09-14 12:31:29,936 ] ::: INFO ::: FILE [root] --- LINE: [53]
dataset successfully created. DO NOT FORGT TO USE ---> on_epoch_end <--- FUNCTION
[ 2026-09-14 12:31:29,936 ] ::: INFO ::: FILE [root] --- LINE: [21]
entering the creation of dataset
[ 2026-09-14 12:31:29,946 ] ::: INFO ::: FILE [root] --- LINE: [53]
dataset successfully created. DO NOT FORGT TO USE ---> on_epoch_end <--- FUNCTION
[ 2026-09-14 12:31:33,610 ] ::: INFO ::: FILE [lightning.fabric.utilities.seed] --- LINE: [57]
Seed set to 42
[ 2026-09-14 12:31:37,213 ] ::: INFO ::: FILE [lightning.fabric.utilities.seed] --- LINE: [57]
Seed set to 42
[ 2026-09-14 12:31:40,874 ] ::: INFO ::: FILE [lightning.fabric.utilities.seed] --- LINE: [57]
Seed set to 42
[ 2026-09-14 12:31:44,507 ] ::: INFO ::: FILE [lightning.fabric.utilities.seed] --- LINE: [57]
Seed set to 42
[ 2026-09-14 12:31:48,119 ] ::: INFO ::: FILE [lightning.fabric.utilities.seed] --- LINE: [57]
Seed set to 42
[ 2026-09-14 12:31:51,740 ] ::: INFO ::: FILE [lightning.fabric.utilities.seed] --- LINE: [57]
Seed set to 42
[ 2026-09-14 12:31:55,382 ] ::: INFO ::: FILE [lightning.fabric.utilities.seed] --- LINE: [57]
Seed set to 42
[ 2026-09-14 12:31:58,979 ] ::: INFO ::: FILE [lightning.fabric.utilities.seed] --- LINE: [57]
Seed set to 42
[ 2026-09-14 12:32:02,624 ] ::: INFO ::: FILE [lightning.fabric.utilities.seed] --- LINE: [57]
Seed set to 42
[ 2026-09-14 12:32:06,201 ] ::: INFO ::: FILE [lightning.fabric.utilities.seed] --- LINE: [57]
Seed set to 42
[ 2026-09-14 12:32:09,786 ] ::: INFO ::: FILE [lightning.fabric.utilities.seed] --- LINE: [57]
Seed set to 42
[ 2026-09-14 12:32:13,388 ] ::: INFO ::: FILE [lightning.fabric.utilities.seed] --- LINE: [57]
Seed set to 42
[ 2026-09-14 12:32:17,000 ] ::: INFO ::: FILE [lightning.fabric.utilities.seed] --- LINE: [57]
Seed set to 42
[ 2026-09-14 12:32:20,606 ] ::: INFO ::: FILE [lightning.fabric.utilities.seed] --- LINE: [57]
Seed set to 42
[ 2026-09-14 12:32:26,536 ] ::: INFO ::: FILE [lightning.fabric.utilities.seed] --- LINE: [57]
Seed set to 42
[ 2026-09-14 12:32:30,149 ] ::: INFO ::: FILE [lightning.fabric.utilities.seed] --- LINE: [57]
Seed set to 42
[ 2026-09-14 12:32:33,766 ] ::: INFO ::: FILE [lightning.fabric.utilities.seed] --- LINE: [57]
Seed set to 42
[ 2026-09-14 12:32:37,360 ] ::: INFO ::: FILE [lightning.fabric.utilities.seed] --- LINE: [57]
Seed set to 42
[ 2026-09-14 12:32:40,974 ] ::: INFO ::: FILE [lightning.fabric.utilities.seed] --- LINE: [57]
Seed set to 42
[ 2026-09-14 12:32:44,608 ] ::: INFO ::: FILE [lightning.fabric.utilities.seed] --- LINE: [57]
Seed set to 42
[ 2026-09-14 12:32:48,202 ] ::: INFO ::: FILE [lightning.fabric.utilities.seed] --- LINE: [57]
Seed set to 42
[ 2026-09-14 12:32:51,827 ] ::: INFO ::: FILE [lightning.fabric.utilities.seed] --- LINE: [57]
Seed set to 42
[ 2026-09-14 12:32:55,478 ] ::: INFO ::: FILE [lightning.fabric.utilities.seed] --- LINE: [57]
Seed set to 42
[ 2026-09-14 12:32:59,095 ] ::: INFO ::: FILE [lightning.fabric.utilities.seed] --- LINE: [57]
Seed set to 42
[ 2026-09-14 12:33:02,701 ] ::: INFO ::: FILE [lightning.fabric.utilities.seed] --- LINE: [57]
Seed set to 42
[ 2026-09-14 12:33:06,257 ] ::: INFO ::: FILE [lightning.fabric.utilities.seed] --- LINE: [57]
Seed set to 42
[ 2026-09-14 12:33:09,874 ] ::: INFO ::: FILE [lightning.fabric.utilities.seed] --- LINE: [57]
Seed set to 42
[ 2026-09-14 12:33:13,447 ] ::: INFO ::: FILE [lightning.fabric.utilities.seed] --- LINE: [57]
Seed set to 42
[ 2026-09-14 12:33:20,786 ] ::: INFO ::: FILE [lightning.fabric.utilities.seed] --- LINE: [57]
Seed set to 42
[ 2026-09-14 12:33:24,399 ] ::: INFO ::: FILE [lightning.fabric.utilities.seed] --- LINE: [57]
Seed set to 42
[ 2026-09-14 12:33:27,983 ] ::: INFO ::: FILE [lightning.fabric.utilities.seed] --- LINE: [57]
Seed set to 42
[ 2026-09-14 12:33:31,619 ] ::: INFO ::: FILE [lightning.fabric.utilities.seed] --- LINE: [57]
Seed set to 42
[ 2026-09-14 12:33:35,186 ] ::: INFO ::: FILE [lightning.fabric.utilities.seed] --- LINE: [57]
Seed set to 42
[ 2026-09-14 12:33:38,824 ] ::: INFO ::: FILE [lightning.fabric.utilities.seed] --- LINE: [57]
Seed set to 42
[ 2026-09-14 12:33:42,408 ] ::: INFO ::: FILE [lightning.fabric.utilities.seed] --- LINE: [57]
Seed set to 42
[ 2026-09-14 12:33:45,966 ] ::: INFO ::: FILE [lightning.fabric.utilities.seed] --- LINE: [57]
Seed set to 42
[ 2026-09-14 12:33:49,557 ] ::: INFO ::: FILE [lightning.fabric.utilities.seed] --- LINE: [57]
Seed set to 42
[ 2026-09-14 12:33:53,205 ] ::: INFO ::: FILE [lightning.fabric.utilities.seed] --- LINE: [57]
Seed set to 42
[ 2026-09-14 12:33:56,781 ] ::: INFO ::: FILE [lightning.fabric.utilities.seed] --- LINE: [57]
Seed set to 42
[ 2026-09-14 12:34:00,453 ] ::: INFO ::: FILE [lightning.fabric.utilities.seed] --- LINE: [57]
Seed set to 42
[ 2026-09-14 12:34:04,116 ] ::: INFO ::: FILE [lightning.fabric.utilities.seed] --- LINE: [57]
Seed set to 42
[ 2026-09-14 12:34:07,779 ] ::: INFO ::: FILE [lightning.fabric.utilities.seed] --- LINE: [57]
Seed set to 42
[ 2026-09-14 12:34:11,650 ] ::: INFO ::: FILE [lightning.pytorch.callbacks.early_stopping] --- LINE: [305]
Metric val_loss improved. New best score: 0.678
[ 2026-09-14 12:34:11,652 ] ::: INFO ::: FILE [lightning.pytorch.utilities.rank_zero] --- LINE: [980]
Epoch 0, global step 1: 'val_f1_score' reached 0.00000 (best 0.00000), saving model to 'D:\\learning\\learning\\programing\\portfolio_projects\\1_image\\models\\checkpoints\\MRI-Unet-0\\model-epoch=00-val_f1_score=0.00.ckpt' as top 1
[ 2026-09-14 12:34:11,859 ] ::: INFO ::: FILE [lightning.pytorch.utilities.rank_zero] --- LINE: [192]
`Trainer.fit` stopped: `max_epochs=1` reached.
[ 2026-09-14 12:34:15,475 ] ::: INFO ::: FILE [root] --- LINE: [61]
model MRI-Unet-0 successfully trained
[ 2026-09-14 12:34:15,806 ] ::: INFO ::: FILE [root] --- LINE: [80]
Optuna optimization successfully finished
[ 2026-09-14 12:34:15,806 ] ::: INFO ::: FILE [root] --- LINE: [18]
================stage [METADATA FORMATION STAGE] ended===========================

