[ 2026-09-16 20:49:41,748 ] ::: INFO ::: FILE [numexpr.utils] --- LINE: [164]
NumExpr defaulting to 4 threads.
[ 2026-09-16 20:49:59,844 ] ::: INFO ::: FILE [lightning.fabric.utilities.seed] --- LINE: [57]
Seed set to 42
[ 2026-09-16 20:49:59,850 ] ::: INFO ::: FILE [root] --- LINE: [13]

----------------stage [MODEL CRETION STAGE] started--------------------------
[ 2026-09-16 20:49:59,851 ] ::: INFO ::: FILE [root] --- LINE: [130]
accelerator not passed as argument.
[ 2026-09-16 20:49:59,888 ] ::: INFO ::: FILE [root] --- LINE: [132]
Tested accelerator: gpu
[ 2026-09-16 20:49:59,888 ] ::: INFO ::: FILE [root] --- LINE: [139]
Number of devices not passed as argument.
[ 2026-09-16 20:49:59,888 ] ::: INFO ::: FILE [root] --- LINE: [144]
Tested number of devices: 2
[ 2026-09-16 20:49:59,888 ] ::: INFO ::: FILE [root] --- LINE: [260]
Batch size of 16 . Checking whether it is valid...
[ 2026-09-16 20:49:59,889 ] ::: INFO ::: FILE [root] --- LINE: [138]
creation of the model...
[ 2026-09-16 20:50:07,946 ] ::: INFO ::: FILE [root] --- LINE: [176]
creation of the model compleated
[ 2026-09-16 20:50:25,590 ] ::: INFO ::: FILE [root] --- LINE: [284]
Batch size 4 is valid
[ 2026-09-16 20:50:26,139 ] ::: INFO ::: FILE [root] --- LINE: [155]
number of workers not passed as argument.
[ 2026-09-16 20:50:26,139 ] ::: INFO ::: FILE [root] --- LINE: [21]
entering the creation of dataset
[ 2026-09-16 20:50:26,460 ] ::: INFO ::: FILE [root] --- LINE: [53]
dataset successfully created. DO NOT FORGT TO USE ---> on_epoch_end <--- FUNCTION
[ 2026-09-16 20:50:54,842 ] ::: INFO ::: FILE [root] --- LINE: [248]
Tested nuber of workers: 4
[ 2026-09-16 20:50:55,125 ] ::: INFO ::: FILE [root] --- LINE: [125]
Model creation entity successfully created
[ 2026-09-16 20:50:56,950 ] ::: INFO ::: FILE [root] --- LINE: [78]
Start of optuna opitmization process...
[ 2026-09-16 20:50:57,073 ] ::: INFO ::: FILE [root] --- LINE: [138]
creation of the model...
[ 2026-09-16 20:50:57,141 ] ::: INFO ::: FILE [root] --- LINE: [176]
creation of the model compleated
[ 2026-09-16 20:50:57,149 ] ::: INFO ::: FILE [root] --- LINE: [109]
MRI lightning module successfully initialized
[ 2026-09-16 20:50:57,149 ] ::: INFO ::: FILE [root] --- LINE: [47]
MRI lightning data module successfully initialized
[ 2026-09-16 20:50:59,962 ] ::: INFO ::: FILE [root] --- LINE: [73]
MRI model trainer successfully initialized
[ 2026-09-16 20:51:00,014 ] ::: INFO ::: FILE [lightning.pytorch.utilities.rank_zero] --- LINE: [164]
GPU available: True (cuda), used: True
[ 2026-09-16 20:51:00,015 ] ::: INFO ::: FILE [lightning.pytorch.utilities.rank_zero] --- LINE: [167]
TPU available: False, using: 0 TPU cores
[ 2026-09-16 20:51:00,015 ] ::: INFO ::: FILE [lightning.pytorch.utilities.rank_zero] --- LINE: [91]
💡 Tip: For seamless cloud logging and experiment tracking, try installing [litlogger](https://pypi.org/project/litlogger/) to enable LitLogger, which logs metrics and artifacts automatically to the Lightning Experiments platform.
[ 2026-09-16 20:51:00,015 ] ::: INFO ::: FILE [root] --- LINE: [131]
MRI model lightning trainer successfully initialized
[ 2026-09-16 20:51:03,773 ] ::: INFO ::: FILE [numexpr.utils] --- LINE: [164]
NumExpr defaulting to 4 threads.
[ 2026-09-16 20:51:03,779 ] ::: INFO ::: FILE [numexpr.utils] --- LINE: [164]
NumExpr defaulting to 4 threads.
[ 2026-09-16 20:51:09,462 ] ::: INFO ::: FILE [lightning.fabric.utilities.seed] --- LINE: [57]
Seed set to 42
[ 2026-09-16 20:51:09,543 ] ::: INFO ::: FILE [lightning.fabric.utilities.seed] --- LINE: [57]
Seed set to 42
[ 2026-09-16 20:51:11,386 ] ::: INFO ::: FILE [lightning.fabric.utilities.distributed] --- LINE: [282]
Initializing distributed: GLOBAL_RANK: 0, MEMBER: 1/2
[ 2026-09-16 20:51:11,455 ] ::: INFO ::: FILE [lightning.fabric.utilities.distributed] --- LINE: [282]
Initializing distributed: GLOBAL_RANK: 1, MEMBER: 2/2
[ 2026-09-16 20:51:11,914 ] ::: INFO ::: FILE [lightning.pytorch.utilities.rank_zero] --- LINE: [290]
----------------------------------------------------------------------------------------------------
distributed_backend=nccl
All distributed processes registered. Starting with 2 processes
----------------------------------------------------------------------------------------------------

[ 2026-09-16 20:51:13,218 ] ::: INFO ::: FILE [root] --- LINE: [21]
entering the creation of dataset
[ 2026-09-16 20:51:13,218 ] ::: INFO ::: FILE [root] --- LINE: [21]
entering the creation of dataset
[ 2026-09-16 20:51:13,536 ] ::: INFO ::: FILE [root] --- LINE: [53]
dataset successfully created. DO NOT FORGT TO USE ---> on_epoch_end <--- FUNCTION
[ 2026-09-16 20:51:13,537 ] ::: INFO ::: FILE [root] --- LINE: [53]
dataset successfully created. DO NOT FORGT TO USE ---> on_epoch_end <--- FUNCTION
[ 2026-09-16 20:51:13,538 ] ::: INFO ::: FILE [root] --- LINE: [21]
entering the creation of dataset
[ 2026-09-16 20:51:13,539 ] ::: INFO ::: FILE [root] --- LINE: [21]
entering the creation of dataset
[ 2026-09-16 20:51:13,557 ] ::: INFO ::: FILE [root] --- LINE: [53]
dataset successfully created. DO NOT FORGT TO USE ---> on_epoch_end <--- FUNCTION
[ 2026-09-16 20:51:13,558 ] ::: INFO ::: FILE [root] --- LINE: [53]
dataset successfully created. DO NOT FORGT TO USE ---> on_epoch_end <--- FUNCTION
[ 2026-09-16 20:51:13,691 ] ::: INFO ::: FILE [lightning.pytorch.accelerators.cuda] --- LINE: [61]
LOCAL_RANK: 0 - CUDA_VISIBLE_DEVICES: [0,1]
[ 2026-09-16 20:51:13,691 ] ::: INFO ::: FILE [lightning.pytorch.accelerators.cuda] --- LINE: [61]
LOCAL_RANK: 1 - CUDA_VISIBLE_DEVICES: [0,1]
[ 2026-09-16 20:51:23,310 ] ::: INFO ::: FILE [lightning.fabric.utilities.seed] --- LINE: [57]
[rank: 1] Seed set to 42
[ 2026-09-16 20:51:23,367 ] ::: INFO ::: FILE [lightning.fabric.utilities.seed] --- LINE: [57]
[rank: 0] Seed set to 42
[ 2026-09-16 20:51:32,607 ] ::: INFO ::: FILE [lightning.fabric.utilities.seed] --- LINE: [57]
[rank: 1] Seed set to 42
[ 2026-09-16 20:51:32,849 ] ::: INFO ::: FILE [lightning.fabric.utilities.seed] --- LINE: [57]
[rank: 0] Seed set to 42
[ 2026-09-16 20:51:43,179 ] ::: INFO ::: FILE [lightning.fabric.utilities.seed] --- LINE: [57]
[rank: 0] Seed set to 42
[ 2026-09-16 20:51:43,356 ] ::: INFO ::: FILE [lightning.fabric.utilities.seed] --- LINE: [57]
[rank: 1] Seed set to 42
[ 2026-09-16 20:51:52,781 ] ::: INFO ::: FILE [lightning.fabric.utilities.seed] --- LINE: [57]
[rank: 0] Seed set to 42
[ 2026-09-16 20:51:52,915 ] ::: INFO ::: FILE [lightning.fabric.utilities.seed] --- LINE: [57]
[rank: 1] Seed set to 42
[ 2026-09-16 21:12:39,391 ] ::: INFO ::: FILE [lightning.fabric.utilities.seed] --- LINE: [57]
[rank: 0] Seed set to 42
[ 2026-09-16 21:12:39,501 ] ::: INFO ::: FILE [lightning.fabric.utilities.seed] --- LINE: [57]
[rank: 1] Seed set to 42
[ 2026-09-16 21:12:48,446 ] ::: INFO ::: FILE [lightning.fabric.utilities.seed] --- LINE: [57]
[rank: 0] Seed set to 42
[ 2026-09-16 21:12:48,451 ] ::: INFO ::: FILE [lightning.fabric.utilities.seed] --- LINE: [57]
[rank: 1] Seed set to 42
[ 2026-09-16 21:13:34,553 ] ::: INFO ::: FILE [lightning.pytorch.callbacks.early_stopping] --- LINE: [305]
[rank: 1] Metric val_loss improved. New best score: 0.919
[ 2026-09-16 21:13:34,553 ] ::: INFO ::: FILE [lightning.pytorch.callbacks.early_stopping] --- LINE: [305]
[rank: 0] Metric val_loss improved. New best score: 0.918
[ 2026-09-16 21:13:34,554 ] ::: INFO ::: FILE [lightning.pytorch.utilities.rank_zero] --- LINE: [980]
Epoch 0, global step 2119: 'val_loss' reached 0.91764 (best 0.91764), saving model to '/kaggle/working/MRI-segmentation-project/models/checkpoints/MRI-Unet-0/model-epoch=00-val_f1_score=0.08.ckpt' as top 1
[ 2026-09-16 21:13:44,756 ] ::: INFO ::: FILE [lightning.fabric.utilities.seed] --- LINE: [57]
[rank: 0] Seed set to 42
[ 2026-09-16 21:13:44,782 ] ::: INFO ::: FILE [lightning.fabric.utilities.seed] --- LINE: [57]
[rank: 1] Seed set to 42
[ 2026-09-16 21:13:53,896 ] ::: INFO ::: FILE [lightning.fabric.utilities.seed] --- LINE: [57]
[rank: 1] Seed set to 42
[ 2026-09-16 21:13:53,899 ] ::: INFO ::: FILE [lightning.fabric.utilities.seed] --- LINE: [57]
[rank: 0] Seed set to 42
[ 2026-09-16 21:34:47,378 ] ::: INFO ::: FILE [lightning.fabric.utilities.seed] --- LINE: [57]
[rank: 0] Seed set to 42
[ 2026-09-16 21:34:47,460 ] ::: INFO ::: FILE [lightning.fabric.utilities.seed] --- LINE: [57]
[rank: 1] Seed set to 42
[ 2026-09-16 21:34:56,552 ] ::: INFO ::: FILE [lightning.fabric.utilities.seed] --- LINE: [57]
[rank: 0] Seed set to 42
[ 2026-09-16 21:34:56,754 ] ::: INFO ::: FILE [lightning.fabric.utilities.seed] --- LINE: [57]
[rank: 1] Seed set to 42
[ 2026-09-16 21:35:40,691 ] ::: INFO ::: FILE [lightning.pytorch.callbacks.early_stopping] --- LINE: [305]
[rank: 1] Metric val_loss improved by 0.176 >= min_delta = 0.0. New best score: 0.742
[ 2026-09-16 21:35:40,692 ] ::: INFO ::: FILE [lightning.pytorch.callbacks.early_stopping] --- LINE: [305]
[rank: 0] Metric val_loss improved by 0.177 >= min_delta = 0.0. New best score: 0.741
[ 2026-09-16 21:35:40,693 ] ::: INFO ::: FILE [lightning.pytorch.utilities.rank_zero] --- LINE: [936]
Epoch 1, global step 4238: 'val_loss' was not in top 1
[ 2026-09-16 21:35:49,884 ] ::: INFO ::: FILE [lightning.fabric.utilities.seed] --- LINE: [57]
[rank: 0] Seed set to 42
[ 2026-09-16 21:35:50,030 ] ::: INFO ::: FILE [lightning.fabric.utilities.seed] --- LINE: [57]
[rank: 1] Seed set to 42
[ 2026-09-16 21:35:59,324 ] ::: INFO ::: FILE [lightning.fabric.utilities.seed] --- LINE: [57]
[rank: 1] Seed set to 42
[ 2026-09-16 21:35:59,332 ] ::: INFO ::: FILE [lightning.fabric.utilities.seed] --- LINE: [57]
[rank: 0] Seed set to 42
[ 2026-09-16 21:56:59,828 ] ::: INFO ::: FILE [lightning.fabric.utilities.seed] --- LINE: [57]
[rank: 0] Seed set to 42
[ 2026-09-16 21:56:59,887 ] ::: INFO ::: FILE [lightning.fabric.utilities.seed] --- LINE: [57]
[rank: 1] Seed set to 42
[ 2026-09-16 21:57:08,921 ] ::: INFO ::: FILE [lightning.fabric.utilities.seed] --- LINE: [57]
[rank: 0] Seed set to 42
[ 2026-09-16 21:57:09,053 ] ::: INFO ::: FILE [lightning.fabric.utilities.seed] --- LINE: [57]
[rank: 1] Seed set to 42
[ 2026-09-16 21:57:52,929 ] ::: INFO ::: FILE [lightning.pytorch.callbacks.early_stopping] --- LINE: [305]
[rank: 1] Metric val_loss improved by 0.024 >= min_delta = 0.0. New best score: 0.718
[ 2026-09-16 21:57:52,929 ] ::: INFO ::: FILE [lightning.pytorch.callbacks.early_stopping] --- LINE: [305]
[rank: 0] Metric val_loss improved by 0.026 >= min_delta = 0.0. New best score: 0.714
[ 2026-09-16 21:57:52,931 ] ::: INFO ::: FILE [lightning.pytorch.utilities.rank_zero] --- LINE: [936]
Epoch 2, global step 6357: 'val_loss' was not in top 1
[ 2026-09-16 21:58:02,111 ] ::: INFO ::: FILE [lightning.fabric.utilities.seed] --- LINE: [57]
[rank: 0] Seed set to 42
[ 2026-09-16 21:58:02,155 ] ::: INFO ::: FILE [lightning.fabric.utilities.seed] --- LINE: [57]
[rank: 1] Seed set to 42
[ 2026-09-16 21:58:11,418 ] ::: INFO ::: FILE [lightning.fabric.utilities.seed] --- LINE: [57]
[rank: 0] Seed set to 42
[ 2026-09-16 21:58:11,611 ] ::: INFO ::: FILE [lightning.fabric.utilities.seed] --- LINE: [57]
[rank: 1] Seed set to 42
[ 2026-09-16 22:19:12,173 ] ::: INFO ::: FILE [lightning.fabric.utilities.seed] --- LINE: [57]
[rank: 0] Seed set to 42
[ 2026-09-16 22:19:12,185 ] ::: INFO ::: FILE [lightning.fabric.utilities.seed] --- LINE: [57]
[rank: 1] Seed set to 42
[ 2026-09-16 22:19:21,173 ] ::: INFO ::: FILE [lightning.fabric.utilities.seed] --- LINE: [57]
[rank: 1] Seed set to 42
[ 2026-09-16 22:19:21,327 ] ::: INFO ::: FILE [lightning.fabric.utilities.seed] --- LINE: [57]
[rank: 0] Seed set to 42
[ 2026-09-16 22:20:05,010 ] ::: INFO ::: FILE [lightning.pytorch.callbacks.early_stopping] --- LINE: [305]
[rank: 1] Metric val_loss improved by 0.032 >= min_delta = 0.0. New best score: 0.686
[ 2026-09-16 22:20:05,010 ] ::: INFO ::: FILE [lightning.pytorch.callbacks.early_stopping] --- LINE: [305]
[rank: 0] Metric val_loss improved by 0.031 >= min_delta = 0.0. New best score: 0.683
[ 2026-09-16 22:20:05,011 ] ::: INFO ::: FILE [lightning.pytorch.utilities.rank_zero] --- LINE: [936]
Epoch 3, global step 8476: 'val_loss' was not in top 1
[ 2026-09-16 22:20:14,109 ] ::: INFO ::: FILE [lightning.fabric.utilities.seed] --- LINE: [57]
[rank: 1] Seed set to 42
[ 2026-09-16 22:20:14,179 ] ::: INFO ::: FILE [lightning.fabric.utilities.seed] --- LINE: [57]
[rank: 0] Seed set to 42
[ 2026-09-16 22:20:23,292 ] ::: INFO ::: FILE [lightning.fabric.utilities.seed] --- LINE: [57]
[rank: 1] Seed set to 42
[ 2026-09-16 22:20:23,372 ] ::: INFO ::: FILE [lightning.fabric.utilities.seed] --- LINE: [57]
[rank: 0] Seed set to 42
[ 2026-09-16 22:41:19,213 ] ::: INFO ::: FILE [lightning.fabric.utilities.seed] --- LINE: [57]
[rank: 1] Seed set to 42
[ 2026-09-16 22:41:19,239 ] ::: INFO ::: FILE [lightning.fabric.utilities.seed] --- LINE: [57]
[rank: 0] Seed set to 42
[ 2026-09-16 22:41:28,288 ] ::: INFO ::: FILE [lightning.fabric.utilities.seed] --- LINE: [57]
[rank: 1] Seed set to 42
[ 2026-09-16 22:41:28,316 ] ::: INFO ::: FILE [lightning.fabric.utilities.seed] --- LINE: [57]
[rank: 0] Seed set to 42
[ 2026-09-16 22:42:12,121 ] ::: INFO ::: FILE [lightning.pytorch.utilities.rank_zero] --- LINE: [936]
Epoch 4, global step 10595: 'val_loss' was not in top 1
