[ 2026-09-19 05:29:31,520 ] ::: INFO ::: FILE [numexpr.utils] --- LINE: [164]
NumExpr defaulting to 4 threads.
[ 2026-09-19 05:29:51,930 ] ::: INFO ::: FILE [lightning.fabric.utilities.seed] --- LINE: [57]
Seed set to 42
[ 2026-09-19 05:29:51,936 ] ::: INFO ::: FILE [root] --- LINE: [13]

----------------stage [MODEL CRETION STAGE] started--------------------------
[ 2026-09-19 05:29:51,937 ] ::: INFO ::: FILE [root] --- LINE: [257]
Batch size of 16 . Checking whether it is valid...
[ 2026-09-19 05:29:51,937 ] ::: INFO ::: FILE [root] --- LINE: [138]
creation of the model...
[ 2026-09-19 05:29:52,531 ] ::: INFO ::: FILE [root] --- LINE: [176]
creation of the model compleated
[ 2026-09-19 05:29:58,642 ] ::: INFO ::: FILE [root] --- LINE: [282]
Batch size 16 is valid
[ 2026-09-19 05:29:58,688 ] ::: INFO ::: FILE [root] --- LINE: [125]
Model creation entity successfully created
[ 2026-09-19 05:30:00,364 ] ::: INFO ::: FILE [root] --- LINE: [81]
Start of optuna opitmization process...
[ 2026-09-19 05:30:00,528 ] ::: INFO ::: FILE [root] --- LINE: [138]
creation of the model...
[ 2026-09-19 05:30:00,552 ] ::: INFO ::: FILE [root] --- LINE: [176]
creation of the model compleated
[ 2026-09-19 05:30:00,559 ] ::: INFO ::: FILE [root] --- LINE: [119]
MRI lightning module successfully initialized
[ 2026-09-19 05:30:00,559 ] ::: INFO ::: FILE [root] --- LINE: [47]
MRI lightning data module successfully initialized
[ 2026-09-19 05:30:00,578 ] ::: INFO ::: FILE [root] --- LINE: [74]
MRI model trainer successfully initialized
[ 2026-09-19 05:30:00,627 ] ::: INFO ::: FILE [lightning.pytorch.utilities.rank_zero] --- LINE: [164]
GPU available: True (cuda), used: True
[ 2026-09-19 05:30:00,628 ] ::: INFO ::: FILE [lightning.pytorch.utilities.rank_zero] --- LINE: [167]
TPU available: False, using: 0 TPU cores
[ 2026-09-19 05:30:00,628 ] ::: INFO ::: FILE [lightning.pytorch.utilities.rank_zero] --- LINE: [91]
💡 Tip: For seamless cloud logging and experiment tracking, try installing [litlogger](https://pypi.org/project/litlogger/) to enable LitLogger, which logs metrics and artifacts automatically to the Lightning Experiments platform.
[ 2026-09-19 05:30:00,628 ] ::: INFO ::: FILE [root] --- LINE: [132]
MRI model lightning trainer successfully initialized
[ 2026-09-19 05:30:14,088 ] ::: INFO ::: FILE [root] --- LINE: [21]
entering the creation of dataset
[ 2026-09-19 05:30:14,088 ] ::: INFO ::: FILE [root] --- LINE: [21]
entering the creation of dataset
[ 2026-09-19 05:30:14,411 ] ::: INFO ::: FILE [root] --- LINE: [53]
dataset successfully created. DO NOT FORGT TO USE ---> on_epoch_end <--- FUNCTION
[ 2026-09-19 05:30:14,411 ] ::: INFO ::: FILE [root] --- LINE: [53]
dataset successfully created. DO NOT FORGT TO USE ---> on_epoch_end <--- FUNCTION
[ 2026-09-19 05:30:14,413 ] ::: INFO ::: FILE [root] --- LINE: [21]
entering the creation of dataset
[ 2026-09-19 05:30:14,413 ] ::: INFO ::: FILE [root] --- LINE: [21]
entering the creation of dataset
[ 2026-09-19 05:30:14,432 ] ::: INFO ::: FILE [root] --- LINE: [53]
dataset successfully created. DO NOT FORGT TO USE ---> on_epoch_end <--- FUNCTION
[ 2026-09-19 05:30:14,432 ] ::: INFO ::: FILE [root] --- LINE: [53]
dataset successfully created. DO NOT FORGT TO USE ---> on_epoch_end <--- FUNCTION
[ 2026-09-19 06:11:22,970 ] ::: INFO ::: FILE [root] --- LINE: [65]
model MRI-Unet_v2-1-0 successfully trained
[ 2026-09-19 06:11:23,425 ] ::: INFO ::: FILE [root] --- LINE: [138]
creation of the model...
[ 2026-09-19 06:11:23,776 ] ::: INFO ::: FILE [root] --- LINE: [176]
creation of the model compleated
[ 2026-09-19 06:11:23,778 ] ::: INFO ::: FILE [root] --- LINE: [119]
MRI lightning module successfully initialized
[ 2026-09-19 06:11:23,778 ] ::: INFO ::: FILE [root] --- LINE: [47]
MRI lightning data module successfully initialized
[ 2026-09-19 06:11:23,778 ] ::: INFO ::: FILE [root] --- LINE: [74]
MRI model trainer successfully initialized
[ 2026-09-19 06:11:23,827 ] ::: INFO ::: FILE [lightning.pytorch.utilities.rank_zero] --- LINE: [164]
GPU available: True (cuda), used: True
[ 2026-09-19 06:11:23,827 ] ::: INFO ::: FILE [lightning.pytorch.utilities.rank_zero] --- LINE: [167]
TPU available: False, using: 0 TPU cores
[ 2026-09-19 06:11:23,827 ] ::: INFO ::: FILE [lightning.pytorch.utilities.rank_zero] --- LINE: [91]
💡 Tip: For seamless cloud logging and experiment tracking, try installing [litlogger](https://pypi.org/project/litlogger/) to enable LitLogger, which logs metrics and artifacts automatically to the Lightning Experiments platform.
[ 2026-09-19 06:11:23,827 ] ::: INFO ::: FILE [root] --- LINE: [132]
MRI model lightning trainer successfully initialized
[ 2026-09-19 06:11:36,738 ] ::: INFO ::: FILE [root] --- LINE: [21]
entering the creation of dataset
[ 2026-09-19 06:11:36,739 ] ::: INFO ::: FILE [root] --- LINE: [21]
entering the creation of dataset
[ 2026-09-19 06:11:37,059 ] ::: INFO ::: FILE [root] --- LINE: [53]
dataset successfully created. DO NOT FORGT TO USE ---> on_epoch_end <--- FUNCTION
[ 2026-09-19 06:11:37,060 ] ::: INFO ::: FILE [root] --- LINE: [53]
dataset successfully created. DO NOT FORGT TO USE ---> on_epoch_end <--- FUNCTION
[ 2026-09-19 06:11:37,061 ] ::: INFO ::: FILE [root] --- LINE: [21]
entering the creation of dataset
[ 2026-09-19 06:11:37,062 ] ::: INFO ::: FILE [root] --- LINE: [21]
entering the creation of dataset
[ 2026-09-19 06:11:37,080 ] ::: INFO ::: FILE [root] --- LINE: [53]
dataset successfully created. DO NOT FORGT TO USE ---> on_epoch_end <--- FUNCTION
[ 2026-09-19 06:11:37,081 ] ::: INFO ::: FILE [root] --- LINE: [53]
dataset successfully created. DO NOT FORGT TO USE ---> on_epoch_end <--- FUNCTION
[ 2026-09-19 08:24:30,767 ] ::: INFO ::: FILE [root] --- LINE: [65]
model MRI-Unet_v2-1-1 successfully trained
[ 2026-09-19 08:24:31,260 ] ::: INFO ::: FILE [root] --- LINE: [138]
creation of the model...
[ 2026-09-19 08:24:31,317 ] ::: INFO ::: FILE [root] --- LINE: [176]
creation of the model compleated
[ 2026-09-19 08:24:31,318 ] ::: INFO ::: FILE [root] --- LINE: [119]
MRI lightning module successfully initialized
[ 2026-09-19 08:24:31,318 ] ::: INFO ::: FILE [root] --- LINE: [47]
MRI lightning data module successfully initialized
[ 2026-09-19 08:24:31,319 ] ::: INFO ::: FILE [root] --- LINE: [74]
MRI model trainer successfully initialized
[ 2026-09-19 08:24:31,401 ] ::: INFO ::: FILE [lightning.pytorch.utilities.rank_zero] --- LINE: [164]
GPU available: True (cuda), used: True
[ 2026-09-19 08:24:31,401 ] ::: INFO ::: FILE [lightning.pytorch.utilities.rank_zero] --- LINE: [167]
TPU available: False, using: 0 TPU cores
[ 2026-09-19 08:24:31,401 ] ::: INFO ::: FILE [lightning.pytorch.utilities.rank_zero] --- LINE: [91]
💡 Tip: For seamless cloud logging and experiment tracking, try installing [litlogger](https://pypi.org/project/litlogger/) to enable LitLogger, which logs metrics and artifacts automatically to the Lightning Experiments platform.
[ 2026-09-19 08:24:31,401 ] ::: INFO ::: FILE [root] --- LINE: [132]
MRI model lightning trainer successfully initialized
[ 2026-09-19 08:24:45,407 ] ::: INFO ::: FILE [root] --- LINE: [21]
entering the creation of dataset
[ 2026-09-19 08:24:45,407 ] ::: INFO ::: FILE [root] --- LINE: [21]
entering the creation of dataset
[ 2026-09-19 08:24:45,744 ] ::: INFO ::: FILE [root] --- LINE: [53]
dataset successfully created. DO NOT FORGT TO USE ---> on_epoch_end <--- FUNCTION
[ 2026-09-19 08:24:45,745 ] ::: INFO ::: FILE [root] --- LINE: [21]
entering the creation of dataset
[ 2026-09-19 08:24:45,751 ] ::: INFO ::: FILE [root] --- LINE: [53]
dataset successfully created. DO NOT FORGT TO USE ---> on_epoch_end <--- FUNCTION
[ 2026-09-19 08:24:45,753 ] ::: INFO ::: FILE [root] --- LINE: [21]
entering the creation of dataset
[ 2026-09-19 08:24:45,766 ] ::: INFO ::: FILE [root] --- LINE: [53]
dataset successfully created. DO NOT FORGT TO USE ---> on_epoch_end <--- FUNCTION
[ 2026-09-19 08:24:45,772 ] ::: INFO ::: FILE [root] --- LINE: [53]
dataset successfully created. DO NOT FORGT TO USE ---> on_epoch_end <--- FUNCTION
[ 2026-09-19 09:07:00,214 ] ::: INFO ::: FILE [root] --- LINE: [65]
model MRI-Unet_v2-1-2 successfully trained
[ 2026-09-19 09:07:00,722 ] ::: INFO ::: FILE [root] --- LINE: [138]
creation of the model...
[ 2026-09-19 09:07:01,218 ] ::: INFO ::: FILE [root] --- LINE: [176]
creation of the model compleated
[ 2026-09-19 09:07:01,220 ] ::: INFO ::: FILE [root] --- LINE: [119]
MRI lightning module successfully initialized
[ 2026-09-19 09:07:01,220 ] ::: INFO ::: FILE [root] --- LINE: [47]
MRI lightning data module successfully initialized
[ 2026-09-19 09:07:01,220 ] ::: INFO ::: FILE [root] --- LINE: [74]
MRI model trainer successfully initialized
[ 2026-09-19 09:07:01,268 ] ::: INFO ::: FILE [lightning.pytorch.utilities.rank_zero] --- LINE: [164]
GPU available: True (cuda), used: True
[ 2026-09-19 09:07:01,268 ] ::: INFO ::: FILE [lightning.pytorch.utilities.rank_zero] --- LINE: [167]
TPU available: False, using: 0 TPU cores
[ 2026-09-19 09:07:01,268 ] ::: INFO ::: FILE [lightning.pytorch.utilities.rank_zero] --- LINE: [91]
💡 Tip: For seamless cloud logging and experiment tracking, try installing [litlogger](https://pypi.org/project/litlogger/) to enable LitLogger, which logs metrics and artifacts automatically to the Lightning Experiments platform.
[ 2026-09-19 09:07:01,268 ] ::: INFO ::: FILE [root] --- LINE: [132]
MRI model lightning trainer successfully initialized
[ 2026-09-19 09:07:14,928 ] ::: INFO ::: FILE [root] --- LINE: [21]
entering the creation of dataset
[ 2026-09-19 09:07:14,928 ] ::: INFO ::: FILE [root] --- LINE: [21]
entering the creation of dataset
[ 2026-09-19 09:07:15,247 ] ::: INFO ::: FILE [root] --- LINE: [53]
dataset successfully created. DO NOT FORGT TO USE ---> on_epoch_end <--- FUNCTION
[ 2026-09-19 09:07:15,248 ] ::: INFO ::: FILE [root] --- LINE: [21]
entering the creation of dataset
[ 2026-09-19 09:07:15,257 ] ::: INFO ::: FILE [root] --- LINE: [53]
dataset successfully created. DO NOT FORGT TO USE ---> on_epoch_end <--- FUNCTION
[ 2026-09-19 09:07:15,259 ] ::: INFO ::: FILE [root] --- LINE: [21]
entering the creation of dataset
[ 2026-09-19 09:07:15,269 ] ::: INFO ::: FILE [root] --- LINE: [53]
dataset successfully created. DO NOT FORGT TO USE ---> on_epoch_end <--- FUNCTION
[ 2026-09-19 09:07:15,277 ] ::: INFO ::: FILE [root] --- LINE: [53]
dataset successfully created. DO NOT FORGT TO USE ---> on_epoch_end <--- FUNCTION
[ 2026-09-19 11:59:44,334 ] ::: INFO ::: FILE [root] --- LINE: [65]
model MRI-Unet_v2-1-3 successfully trained
[ 2026-09-19 11:59:44,841 ] ::: INFO ::: FILE [root] --- LINE: [138]
creation of the model...
[ 2026-09-19 11:59:44,912 ] ::: INFO ::: FILE [root] --- LINE: [176]
creation of the model compleated
[ 2026-09-19 11:59:44,913 ] ::: INFO ::: FILE [root] --- LINE: [119]
MRI lightning module successfully initialized
[ 2026-09-19 11:59:44,913 ] ::: INFO ::: FILE [root] --- LINE: [47]
MRI lightning data module successfully initialized
[ 2026-09-19 11:59:44,920 ] ::: INFO ::: FILE [root] --- LINE: [74]
MRI model trainer successfully initialized
[ 2026-09-19 11:59:44,967 ] ::: INFO ::: FILE [lightning.pytorch.utilities.rank_zero] --- LINE: [164]
GPU available: True (cuda), used: True
[ 2026-09-19 11:59:44,968 ] ::: INFO ::: FILE [lightning.pytorch.utilities.rank_zero] --- LINE: [167]
TPU available: False, using: 0 TPU cores
[ 2026-09-19 11:59:44,968 ] ::: INFO ::: FILE [lightning.pytorch.utilities.rank_zero] --- LINE: [91]
💡 Tip: For seamless cloud logging and experiment tracking, try installing [litlogger](https://pypi.org/project/litlogger/) to enable LitLogger, which logs metrics and artifacts automatically to the Lightning Experiments platform.
[ 2026-09-19 11:59:44,968 ] ::: INFO ::: FILE [root] --- LINE: [132]
MRI model lightning trainer successfully initialized
[ 2026-09-19 11:59:58,016 ] ::: INFO ::: FILE [root] --- LINE: [21]
entering the creation of dataset
[ 2026-09-19 11:59:58,016 ] ::: INFO ::: FILE [root] --- LINE: [21]
entering the creation of dataset
[ 2026-09-19 11:59:58,339 ] ::: INFO ::: FILE [root] --- LINE: [53]
dataset successfully created. DO NOT FORGT TO USE ---> on_epoch_end <--- FUNCTION
[ 2026-09-19 11:59:58,339 ] ::: INFO ::: FILE [root] --- LINE: [53]
dataset successfully created. DO NOT FORGT TO USE ---> on_epoch_end <--- FUNCTION
[ 2026-09-19 11:59:58,341 ] ::: INFO ::: FILE [root] --- LINE: [21]
entering the creation of dataset
[ 2026-09-19 11:59:58,341 ] ::: INFO ::: FILE [root] --- LINE: [21]
entering the creation of dataset
[ 2026-09-19 11:59:58,360 ] ::: INFO ::: FILE [root] --- LINE: [53]
dataset successfully created. DO NOT FORGT TO USE ---> on_epoch_end <--- FUNCTION
[ 2026-09-19 11:59:58,360 ] ::: INFO ::: FILE [root] --- LINE: [53]
dataset successfully created. DO NOT FORGT TO USE ---> on_epoch_end <--- FUNCTION
[ 2026-09-19 12:42:53,400 ] ::: INFO ::: FILE [root] --- LINE: [65]
model MRI-Unet_v2-1-4 successfully trained
[ 2026-09-19 12:42:53,861 ] ::: INFO ::: FILE [root] --- LINE: [138]
creation of the model...
[ 2026-09-19 12:42:54,066 ] ::: INFO ::: FILE [root] --- LINE: [176]
creation of the model compleated
[ 2026-09-19 12:42:54,067 ] ::: INFO ::: FILE [root] --- LINE: [119]
MRI lightning module successfully initialized
[ 2026-09-19 12:42:54,067 ] ::: INFO ::: FILE [root] --- LINE: [47]
MRI lightning data module successfully initialized
[ 2026-09-19 12:42:54,068 ] ::: INFO ::: FILE [root] --- LINE: [74]
MRI model trainer successfully initialized
[ 2026-09-19 12:42:54,117 ] ::: INFO ::: FILE [lightning.pytorch.utilities.rank_zero] --- LINE: [164]
GPU available: True (cuda), used: True
[ 2026-09-19 12:42:54,117 ] ::: INFO ::: FILE [lightning.pytorch.utilities.rank_zero] --- LINE: [167]
TPU available: False, using: 0 TPU cores
[ 2026-09-19 12:42:54,117 ] ::: INFO ::: FILE [lightning.pytorch.utilities.rank_zero] --- LINE: [91]
💡 Tip: For seamless cloud logging and experiment tracking, try installing [litlogger](https://pypi.org/project/litlogger/) to enable LitLogger, which logs metrics and artifacts automatically to the Lightning Experiments platform.
[ 2026-09-19 12:42:54,117 ] ::: INFO ::: FILE [root] --- LINE: [132]
MRI model lightning trainer successfully initialized
[ 2026-09-19 12:43:07,140 ] ::: INFO ::: FILE [root] --- LINE: [21]
entering the creation of dataset
[ 2026-09-19 12:43:07,140 ] ::: INFO ::: FILE [root] --- LINE: [21]
entering the creation of dataset
[ 2026-09-19 12:43:07,470 ] ::: INFO ::: FILE [root] --- LINE: [53]
dataset successfully created. DO NOT FORGT TO USE ---> on_epoch_end <--- FUNCTION
[ 2026-09-19 12:43:07,471 ] ::: INFO ::: FILE [root] --- LINE: [53]
dataset successfully created. DO NOT FORGT TO USE ---> on_epoch_end <--- FUNCTION
[ 2026-09-19 12:43:07,472 ] ::: INFO ::: FILE [root] --- LINE: [21]
entering the creation of dataset
[ 2026-09-19 12:43:07,473 ] ::: INFO ::: FILE [root] --- LINE: [21]
entering the creation of dataset
[ 2026-09-19 12:43:07,492 ] ::: INFO ::: FILE [root] --- LINE: [53]
dataset successfully created. DO NOT FORGT TO USE ---> on_epoch_end <--- FUNCTION
[ 2026-09-19 12:43:07,493 ] ::: INFO ::: FILE [root] --- LINE: [53]
dataset successfully created. DO NOT FORGT TO USE ---> on_epoch_end <--- FUNCTION
[ 2026-09-19 13:55:39,995 ] ::: INFO ::: FILE [root] --- LINE: [65]
model MRI-Unet_v2-1-5 successfully trained
[ 2026-09-19 13:55:40,459 ] ::: INFO ::: FILE [root] --- LINE: [138]
creation of the model...
[ 2026-09-19 13:55:40,525 ] ::: INFO ::: FILE [root] --- LINE: [176]
creation of the model compleated
[ 2026-09-19 13:55:40,527 ] ::: INFO ::: FILE [root] --- LINE: [119]
MRI lightning module successfully initialized
[ 2026-09-19 13:55:40,527 ] ::: INFO ::: FILE [root] --- LINE: [47]
MRI lightning data module successfully initialized
[ 2026-09-19 13:55:40,527 ] ::: INFO ::: FILE [root] --- LINE: [74]
MRI model trainer successfully initialized
[ 2026-09-19 13:55:40,574 ] ::: INFO ::: FILE [lightning.pytorch.utilities.rank_zero] --- LINE: [164]
GPU available: True (cuda), used: True
[ 2026-09-19 13:55:40,575 ] ::: INFO ::: FILE [lightning.pytorch.utilities.rank_zero] --- LINE: [167]
TPU available: False, using: 0 TPU cores
[ 2026-09-19 13:55:40,575 ] ::: INFO ::: FILE [lightning.pytorch.utilities.rank_zero] --- LINE: [91]
💡 Tip: For seamless cloud logging and experiment tracking, try installing [litlogger](https://pypi.org/project/litlogger/) to enable LitLogger, which logs metrics and artifacts automatically to the Lightning Experiments platform.
[ 2026-09-19 13:55:40,575 ] ::: INFO ::: FILE [root] --- LINE: [132]
MRI model lightning trainer successfully initialized
[ 2026-09-19 13:55:53,617 ] ::: INFO ::: FILE [root] --- LINE: [21]
entering the creation of dataset
[ 2026-09-19 13:55:53,617 ] ::: INFO ::: FILE [root] --- LINE: [21]
entering the creation of dataset
[ 2026-09-19 13:55:53,944 ] ::: INFO ::: FILE [root] --- LINE: [53]
dataset successfully created. DO NOT FORGT TO USE ---> on_epoch_end <--- FUNCTION
[ 2026-09-19 13:55:53,946 ] ::: INFO ::: FILE [root] --- LINE: [21]
entering the creation of dataset
[ 2026-09-19 13:55:53,947 ] ::: INFO ::: FILE [root] --- LINE: [53]
dataset successfully created. DO NOT FORGT TO USE ---> on_epoch_end <--- FUNCTION
[ 2026-09-19 13:55:53,950 ] ::: INFO ::: FILE [root] --- LINE: [21]
entering the creation of dataset
[ 2026-09-19 13:55:53,979 ] ::: INFO ::: FILE [root] --- LINE: [53]
dataset successfully created. DO NOT FORGT TO USE ---> on_epoch_end <--- FUNCTION
[ 2026-09-19 13:55:53,982 ] ::: INFO ::: FILE [root] --- LINE: [53]
dataset successfully created. DO NOT FORGT TO USE ---> on_epoch_end <--- FUNCTION
[ 2026-09-19 14:53:19,204 ] ::: INFO ::: FILE [root] --- LINE: [65]
model MRI-Unet_v2-1-6 successfully trained
[ 2026-09-19 14:53:19,722 ] ::: INFO ::: FILE [root] --- LINE: [138]
creation of the model...
[ 2026-09-19 14:53:19,755 ] ::: INFO ::: FILE [root] --- LINE: [176]
creation of the model compleated
[ 2026-09-19 14:53:19,756 ] ::: INFO ::: FILE [root] --- LINE: [119]
MRI lightning module successfully initialized
[ 2026-09-19 14:53:19,756 ] ::: INFO ::: FILE [root] --- LINE: [47]
MRI lightning data module successfully initialized
[ 2026-09-19 14:53:19,756 ] ::: INFO ::: FILE [root] --- LINE: [74]
MRI model trainer successfully initialized
[ 2026-09-19 14:53:19,802 ] ::: INFO ::: FILE [lightning.pytorch.utilities.rank_zero] --- LINE: [164]
GPU available: True (cuda), used: True
[ 2026-09-19 14:53:19,802 ] ::: INFO ::: FILE [lightning.pytorch.utilities.rank_zero] --- LINE: [167]
TPU available: False, using: 0 TPU cores
[ 2026-09-19 14:53:19,803 ] ::: INFO ::: FILE [lightning.pytorch.utilities.rank_zero] --- LINE: [91]
💡 Tip: For seamless cloud logging and experiment tracking, try installing [litlogger](https://pypi.org/project/litlogger/) to enable LitLogger, which logs metrics and artifacts automatically to the Lightning Experiments platform.
[ 2026-09-19 14:53:19,803 ] ::: INFO ::: FILE [root] --- LINE: [132]
MRI model lightning trainer successfully initialized
[ 2026-09-19 14:53:47,917 ] ::: INFO ::: FILE [root] --- LINE: [21]
entering the creation of dataset
[ 2026-09-19 14:53:47,917 ] ::: INFO ::: FILE [root] --- LINE: [21]
entering the creation of dataset
[ 2026-09-19 14:53:48,242 ] ::: INFO ::: FILE [root] --- LINE: [53]
dataset successfully created. DO NOT FORGT TO USE ---> on_epoch_end <--- FUNCTION
[ 2026-09-19 14:53:48,244 ] ::: INFO ::: FILE [root] --- LINE: [21]
entering the creation of dataset
[ 2026-09-19 14:53:48,247 ] ::: INFO ::: FILE [root] --- LINE: [53]
dataset successfully created. DO NOT FORGT TO USE ---> on_epoch_end <--- FUNCTION
[ 2026-09-19 14:53:48,248 ] ::: INFO ::: FILE [root] --- LINE: [21]
entering the creation of dataset
[ 2026-09-19 14:53:48,262 ] ::: INFO ::: FILE [root] --- LINE: [53]
dataset successfully created. DO NOT FORGT TO USE ---> on_epoch_end <--- FUNCTION
[ 2026-09-19 14:53:48,269 ] ::: INFO ::: FILE [root] --- LINE: [53]
dataset successfully created. DO NOT FORGT TO USE ---> on_epoch_end <--- FUNCTION
[ 2026-09-19 15:48:26,787 ] ::: INFO ::: FILE [root] --- LINE: [65]
model MRI-Unet_v2-1-7 successfully trained
[ 2026-09-19 15:48:27,231 ] ::: INFO ::: FILE [root] --- LINE: [138]
creation of the model...
[ 2026-09-19 15:48:27,445 ] ::: INFO ::: FILE [root] --- LINE: [176]
creation of the model compleated
[ 2026-09-19 15:48:27,446 ] ::: INFO ::: FILE [root] --- LINE: [119]
MRI lightning module successfully initialized
[ 2026-09-19 15:48:27,446 ] ::: INFO ::: FILE [root] --- LINE: [47]
MRI lightning data module successfully initialized
[ 2026-09-19 15:48:27,447 ] ::: INFO ::: FILE [root] --- LINE: [74]
MRI model trainer successfully initialized
[ 2026-09-19 15:48:27,496 ] ::: INFO ::: FILE [lightning.pytorch.utilities.rank_zero] --- LINE: [164]
GPU available: True (cuda), used: True
[ 2026-09-19 15:48:27,496 ] ::: INFO ::: FILE [lightning.pytorch.utilities.rank_zero] --- LINE: [167]
TPU available: False, using: 0 TPU cores
[ 2026-09-19 15:48:27,496 ] ::: INFO ::: FILE [lightning.pytorch.utilities.rank_zero] --- LINE: [91]
💡 Tip: For seamless cloud logging and experiment tracking, try installing [litlogger](https://pypi.org/project/litlogger/) to enable LitLogger, which logs metrics and artifacts automatically to the Lightning Experiments platform.
[ 2026-09-19 15:48:27,496 ] ::: INFO ::: FILE [root] --- LINE: [132]
MRI model lightning trainer successfully initialized
[ 2026-09-19 15:48:41,176 ] ::: INFO ::: FILE [root] --- LINE: [21]
entering the creation of dataset
[ 2026-09-19 15:48:41,176 ] ::: INFO ::: FILE [root] --- LINE: [21]
entering the creation of dataset
[ 2026-09-19 15:48:41,493 ] ::: INFO ::: FILE [root] --- LINE: [53]
dataset successfully created. DO NOT FORGT TO USE ---> on_epoch_end <--- FUNCTION
[ 2026-09-19 15:48:41,494 ] ::: INFO ::: FILE [root] --- LINE: [21]
entering the creation of dataset
[ 2026-09-19 15:48:41,502 ] ::: INFO ::: FILE [root] --- LINE: [53]
dataset successfully created. DO NOT FORGT TO USE ---> on_epoch_end <--- FUNCTION
[ 2026-09-19 15:48:41,503 ] ::: INFO ::: FILE [root] --- LINE: [21]
entering the creation of dataset
[ 2026-09-19 15:48:41,514 ] ::: INFO ::: FILE [root] --- LINE: [53]
dataset successfully created. DO NOT FORGT TO USE ---> on_epoch_end <--- FUNCTION
[ 2026-09-19 15:48:41,521 ] ::: INFO ::: FILE [root] --- LINE: [53]
dataset successfully created. DO NOT FORGT TO USE ---> on_epoch_end <--- FUNCTION
[ 2026-09-19 17:20:59,022 ] ::: INFO ::: FILE [root] --- LINE: [65]
model MRI-Unet_v2-1-8 successfully trained
[ 2026-09-19 17:20:59,511 ] ::: INFO ::: FILE [root] --- LINE: [138]
creation of the model...
[ 2026-09-19 17:20:59,904 ] ::: INFO ::: FILE [root] --- LINE: [176]
creation of the model compleated
[ 2026-09-19 17:20:59,906 ] ::: INFO ::: FILE [root] --- LINE: [119]
MRI lightning module successfully initialized
[ 2026-09-19 17:20:59,906 ] ::: INFO ::: FILE [root] --- LINE: [47]
MRI lightning data module successfully initialized
[ 2026-09-19 17:20:59,906 ] ::: INFO ::: FILE [root] --- LINE: [74]
MRI model trainer successfully initialized
[ 2026-09-19 17:20:59,955 ] ::: INFO ::: FILE [lightning.pytorch.utilities.rank_zero] --- LINE: [164]
GPU available: True (cuda), used: True
[ 2026-09-19 17:20:59,955 ] ::: INFO ::: FILE [lightning.pytorch.utilities.rank_zero] --- LINE: [167]
TPU available: False, using: 0 TPU cores
[ 2026-09-19 17:20:59,955 ] ::: INFO ::: FILE [lightning.pytorch.utilities.rank_zero] --- LINE: [91]
💡 Tip: For seamless cloud logging and experiment tracking, try installing [litlogger](https://pypi.org/project/litlogger/) to enable LitLogger, which logs metrics and artifacts automatically to the Lightning Experiments platform.
[ 2026-09-19 17:20:59,955 ] ::: INFO ::: FILE [root] --- LINE: [132]
MRI model lightning trainer successfully initialized
[ 2026-09-19 17:21:13,612 ] ::: INFO ::: FILE [root] --- LINE: [21]
entering the creation of dataset
[ 2026-09-19 17:21:13,612 ] ::: INFO ::: FILE [root] --- LINE: [21]
entering the creation of dataset
[ 2026-09-19 17:21:13,938 ] ::: INFO ::: FILE [root] --- LINE: [53]
dataset successfully created. DO NOT FORGT TO USE ---> on_epoch_end <--- FUNCTION
[ 2026-09-19 17:21:13,939 ] ::: INFO ::: FILE [root] --- LINE: [53]
dataset successfully created. DO NOT FORGT TO USE ---> on_epoch_end <--- FUNCTION
[ 2026-09-19 17:21:13,940 ] ::: INFO ::: FILE [root] --- LINE: [21]
entering the creation of dataset
[ 2026-09-19 17:21:13,940 ] ::: INFO ::: FILE [root] --- LINE: [21]
entering the creation of dataset
[ 2026-09-19 17:21:13,958 ] ::: INFO ::: FILE [root] --- LINE: [53]
dataset successfully created. DO NOT FORGT TO USE ---> on_epoch_end <--- FUNCTION
[ 2026-09-19 17:21:13,961 ] ::: INFO ::: FILE [root] --- LINE: [53]
dataset successfully created. DO NOT FORGT TO USE ---> on_epoch_end <--- FUNCTION
[ 2026-09-19 17:28:02,694 ] ::: INFO ::: FILE [lightning.pytorch.utilities.rank_zero] --- LINE: [58]

Detected KeyboardInterrupt, attempting graceful shutdown ...
[ 2026-09-19 20:35:18,147 ] ::: INFO ::: FILE [numexpr.utils] --- LINE: [164]
NumExpr defaulting to 4 threads.
[ 2026-09-19 20:35:39,043 ] ::: INFO ::: FILE [lightning.fabric.utilities.seed] --- LINE: [57]
Seed set to 42
[ 2026-09-19 20:35:39,049 ] ::: INFO ::: FILE [root] --- LINE: [13]

----------------stage [MODEL CRETION STAGE] started--------------------------
[ 2026-09-19 20:35:39,049 ] ::: INFO ::: FILE [root] --- LINE: [257]
Batch size of 16 . Checking whether it is valid...
[ 2026-09-19 20:35:39,049 ] ::: INFO ::: FILE [root] --- LINE: [138]
creation of the model...
[ 2026-09-19 20:35:39,612 ] ::: INFO ::: FILE [root] --- LINE: [176]
creation of the model compleated
[ 2026-09-19 20:35:45,722 ] ::: INFO ::: FILE [root] --- LINE: [282]
Batch size 16 is valid
[ 2026-09-19 20:35:45,770 ] ::: INFO ::: FILE [root] --- LINE: [125]
Model creation entity successfully created
[ 2026-09-19 20:35:47,465 ] ::: INFO ::: FILE [root] --- LINE: [81]
Start of optuna opitmization process...
[ 2026-09-19 20:35:47,613 ] ::: INFO ::: FILE [root] --- LINE: [138]
creation of the model...
[ 2026-09-19 20:35:47,627 ] ::: INFO ::: FILE [root] --- LINE: [176]
creation of the model compleated
[ 2026-09-19 20:35:47,635 ] ::: INFO ::: FILE [root] --- LINE: [119]
MRI lightning module successfully initialized
[ 2026-09-19 20:35:47,635 ] ::: INFO ::: FILE [root] --- LINE: [47]
MRI lightning data module successfully initialized
[ 2026-09-19 20:35:47,654 ] ::: INFO ::: FILE [root] --- LINE: [74]
MRI model trainer successfully initialized
[ 2026-09-19 20:35:47,704 ] ::: INFO ::: FILE [lightning.pytorch.utilities.rank_zero] --- LINE: [164]
GPU available: True (cuda), used: True
[ 2026-09-19 20:35:47,705 ] ::: INFO ::: FILE [lightning.pytorch.utilities.rank_zero] --- LINE: [167]
TPU available: False, using: 0 TPU cores
[ 2026-09-19 20:35:47,706 ] ::: INFO ::: FILE [lightning.pytorch.utilities.rank_zero] --- LINE: [91]
💡 Tip: For seamless cloud logging and experiment tracking, try installing [litlogger](https://pypi.org/project/litlogger/) to enable LitLogger, which logs metrics and artifacts automatically to the Lightning Experiments platform.
[ 2026-09-19 20:35:47,706 ] ::: INFO ::: FILE [root] --- LINE: [132]
MRI model lightning trainer successfully initialized
[ 2026-09-19 20:36:01,372 ] ::: INFO ::: FILE [root] --- LINE: [21]
entering the creation of dataset
[ 2026-09-19 20:36:01,372 ] ::: INFO ::: FILE [root] --- LINE: [21]
entering the creation of dataset
[ 2026-09-19 20:36:01,706 ] ::: INFO ::: FILE [root] --- LINE: [53]
dataset successfully created. DO NOT FORGT TO USE ---> on_epoch_end <--- FUNCTION
[ 2026-09-19 20:36:01,706 ] ::: INFO ::: FILE [root] --- LINE: [53]
dataset successfully created. DO NOT FORGT TO USE ---> on_epoch_end <--- FUNCTION
[ 2026-09-19 20:36:01,707 ] ::: INFO ::: FILE [root] --- LINE: [21]
entering the creation of dataset
[ 2026-09-19 20:36:01,708 ] ::: INFO ::: FILE [root] --- LINE: [21]
entering the creation of dataset
[ 2026-09-19 20:36:01,727 ] ::: INFO ::: FILE [root] --- LINE: [53]
dataset successfully created. DO NOT FORGT TO USE ---> on_epoch_end <--- FUNCTION
[ 2026-09-19 20:36:01,730 ] ::: INFO ::: FILE [root] --- LINE: [53]
dataset successfully created. DO NOT FORGT TO USE ---> on_epoch_end <--- FUNCTION
[ 2026-09-19 21:14:01,010 ] ::: INFO ::: FILE [root] --- LINE: [65]
model MRI-Unet_v2-1-0 successfully trained
[ 2026-09-19 21:14:01,456 ] ::: INFO ::: FILE [root] --- LINE: [138]
creation of the model...
[ 2026-09-19 21:14:01,480 ] ::: INFO ::: FILE [root] --- LINE: [176]
creation of the model compleated
[ 2026-09-19 21:14:01,482 ] ::: INFO ::: FILE [root] --- LINE: [119]
MRI lightning module successfully initialized
[ 2026-09-19 21:14:01,482 ] ::: INFO ::: FILE [root] --- LINE: [47]
MRI lightning data module successfully initialized
[ 2026-09-19 21:14:01,482 ] ::: INFO ::: FILE [root] --- LINE: [74]
MRI model trainer successfully initialized
[ 2026-09-19 21:14:01,531 ] ::: INFO ::: FILE [lightning.pytorch.utilities.rank_zero] --- LINE: [164]
GPU available: True (cuda), used: True
[ 2026-09-19 21:14:01,531 ] ::: INFO ::: FILE [lightning.pytorch.utilities.rank_zero] --- LINE: [167]
TPU available: False, using: 0 TPU cores
[ 2026-09-19 21:14:01,531 ] ::: INFO ::: FILE [lightning.pytorch.utilities.rank_zero] --- LINE: [91]
💡 Tip: For seamless cloud logging and experiment tracking, try installing [litlogger](https://pypi.org/project/litlogger/) to enable LitLogger, which logs metrics and artifacts automatically to the Lightning Experiments platform.
[ 2026-09-19 21:14:01,531 ] ::: INFO ::: FILE [root] --- LINE: [132]
MRI model lightning trainer successfully initialized
[ 2026-09-19 21:14:14,558 ] ::: INFO ::: FILE [root] --- LINE: [21]
entering the creation of dataset
[ 2026-09-19 21:14:14,558 ] ::: INFO ::: FILE [root] --- LINE: [21]
entering the creation of dataset
[ 2026-09-19 21:14:14,881 ] ::: INFO ::: FILE [root] --- LINE: [53]
dataset successfully created. DO NOT FORGT TO USE ---> on_epoch_end <--- FUNCTION
[ 2026-09-19 21:14:14,883 ] ::: INFO ::: FILE [root] --- LINE: [21]
entering the creation of dataset
[ 2026-09-19 21:14:14,887 ] ::: INFO ::: FILE [root] --- LINE: [53]
dataset successfully created. DO NOT FORGT TO USE ---> on_epoch_end <--- FUNCTION
[ 2026-09-19 21:14:14,888 ] ::: INFO ::: FILE [root] --- LINE: [21]
entering the creation of dataset
[ 2026-09-19 21:14:14,901 ] ::: INFO ::: FILE [root] --- LINE: [53]
dataset successfully created. DO NOT FORGT TO USE ---> on_epoch_end <--- FUNCTION
[ 2026-09-19 21:14:14,908 ] ::: INFO ::: FILE [root] --- LINE: [53]
dataset successfully created. DO NOT FORGT TO USE ---> on_epoch_end <--- FUNCTION
[ 2026-09-19 22:08:37,288 ] ::: INFO ::: FILE [root] --- LINE: [65]
model MRI-Unet_v2-1-1 successfully trained
[ 2026-09-19 22:08:37,751 ] ::: INFO ::: FILE [root] --- LINE: [138]
creation of the model...
[ 2026-09-19 22:08:37,987 ] ::: INFO ::: FILE [root] --- LINE: [176]
creation of the model compleated
[ 2026-09-19 22:08:37,988 ] ::: INFO ::: FILE [root] --- LINE: [119]
MRI lightning module successfully initialized
[ 2026-09-19 22:08:37,989 ] ::: INFO ::: FILE [root] --- LINE: [47]
MRI lightning data module successfully initialized
[ 2026-09-19 22:08:37,989 ] ::: INFO ::: FILE [root] --- LINE: [74]
MRI model trainer successfully initialized
[ 2026-09-19 22:08:38,037 ] ::: INFO ::: FILE [lightning.pytorch.utilities.rank_zero] --- LINE: [164]
GPU available: True (cuda), used: True
[ 2026-09-19 22:08:38,037 ] ::: INFO ::: FILE [lightning.pytorch.utilities.rank_zero] --- LINE: [167]
TPU available: False, using: 0 TPU cores
[ 2026-09-19 22:08:38,037 ] ::: INFO ::: FILE [lightning.pytorch.utilities.rank_zero] --- LINE: [91]
💡 Tip: For seamless cloud logging and experiment tracking, try installing [litlogger](https://pypi.org/project/litlogger/) to enable LitLogger, which logs metrics and artifacts automatically to the Lightning Experiments platform.
[ 2026-09-19 22:08:38,037 ] ::: INFO ::: FILE [root] --- LINE: [132]
MRI model lightning trainer successfully initialized
[ 2026-09-19 22:08:51,286 ] ::: INFO ::: FILE [root] --- LINE: [21]
entering the creation of dataset
[ 2026-09-19 22:08:51,286 ] ::: INFO ::: FILE [root] --- LINE: [21]
entering the creation of dataset
[ 2026-09-19 22:08:51,619 ] ::: INFO ::: FILE [root] --- LINE: [53]
dataset successfully created. DO NOT FORGT TO USE ---> on_epoch_end <--- FUNCTION
[ 2026-09-19 22:08:51,619 ] ::: INFO ::: FILE [root] --- LINE: [53]
dataset successfully created. DO NOT FORGT TO USE ---> on_epoch_end <--- FUNCTION
[ 2026-09-19 22:08:51,620 ] ::: INFO ::: FILE [root] --- LINE: [21]
entering the creation of dataset
[ 2026-09-19 22:08:51,621 ] ::: INFO ::: FILE [root] --- LINE: [21]
entering the creation of dataset
[ 2026-09-19 22:08:51,639 ] ::: INFO ::: FILE [root] --- LINE: [53]
dataset successfully created. DO NOT FORGT TO USE ---> on_epoch_end <--- FUNCTION
[ 2026-09-19 22:08:51,639 ] ::: INFO ::: FILE [root] --- LINE: [53]
dataset successfully created. DO NOT FORGT TO USE ---> on_epoch_end <--- FUNCTION
[ 2026-09-19 23:20:15,829 ] ::: INFO ::: FILE [root] --- LINE: [65]
model MRI-Unet_v2-1-2 successfully trained
[ 2026-09-19 23:20:16,324 ] ::: INFO ::: FILE [root] --- LINE: [138]
creation of the model...
[ 2026-09-19 23:20:16,388 ] ::: INFO ::: FILE [root] --- LINE: [176]
creation of the model compleated
[ 2026-09-19 23:20:16,390 ] ::: INFO ::: FILE [root] --- LINE: [119]
MRI lightning module successfully initialized
[ 2026-09-19 23:20:16,390 ] ::: INFO ::: FILE [root] --- LINE: [47]
MRI lightning data module successfully initialized
[ 2026-09-19 23:20:16,390 ] ::: INFO ::: FILE [root] --- LINE: [74]
MRI model trainer successfully initialized
[ 2026-09-19 23:20:16,439 ] ::: INFO ::: FILE [lightning.pytorch.utilities.rank_zero] --- LINE: [164]
GPU available: True (cuda), used: True
[ 2026-09-19 23:20:16,439 ] ::: INFO ::: FILE [lightning.pytorch.utilities.rank_zero] --- LINE: [167]
TPU available: False, using: 0 TPU cores
[ 2026-09-19 23:20:16,439 ] ::: INFO ::: FILE [lightning.pytorch.utilities.rank_zero] --- LINE: [91]
💡 Tip: For seamless cloud logging and experiment tracking, try installing [litlogger](https://pypi.org/project/litlogger/) to enable LitLogger, which logs metrics and artifacts automatically to the Lightning Experiments platform.
[ 2026-09-19 23:20:16,439 ] ::: INFO ::: FILE [root] --- LINE: [132]
MRI model lightning trainer successfully initialized
[ 2026-09-19 23:20:30,007 ] ::: INFO ::: FILE [root] --- LINE: [21]
entering the creation of dataset
[ 2026-09-19 23:20:30,008 ] ::: INFO ::: FILE [root] --- LINE: [21]
entering the creation of dataset
[ 2026-09-19 23:20:30,338 ] ::: INFO ::: FILE [root] --- LINE: [53]
dataset successfully created. DO NOT FORGT TO USE ---> on_epoch_end <--- FUNCTION
[ 2026-09-19 23:20:30,338 ] ::: INFO ::: FILE [root] --- LINE: [53]
dataset successfully created. DO NOT FORGT TO USE ---> on_epoch_end <--- FUNCTION
[ 2026-09-19 23:20:30,340 ] ::: INFO ::: FILE [root] --- LINE: [21]
entering the creation of dataset
[ 2026-09-19 23:20:30,340 ] ::: INFO ::: FILE [root] --- LINE: [21]
entering the creation of dataset
[ 2026-09-19 23:20:30,360 ] ::: INFO ::: FILE [root] --- LINE: [53]
dataset successfully created. DO NOT FORGT TO USE ---> on_epoch_end <--- FUNCTION
[ 2026-09-19 23:20:30,361 ] ::: INFO ::: FILE [root] --- LINE: [53]
dataset successfully created. DO NOT FORGT TO USE ---> on_epoch_end <--- FUNCTION
[ 2026-09-20 00:21:14,585 ] ::: INFO ::: FILE [root] --- LINE: [65]
model MRI-Unet_v2-1-3 successfully trained
[ 2026-09-20 00:21:15,135 ] ::: INFO ::: FILE [root] --- LINE: [138]
creation of the model...
[ 2026-09-20 00:21:15,336 ] ::: INFO ::: FILE [root] --- LINE: [176]
creation of the model compleated
[ 2026-09-20 00:21:15,337 ] ::: INFO ::: FILE [root] --- LINE: [119]
MRI lightning module successfully initialized
[ 2026-09-20 00:21:15,337 ] ::: INFO ::: FILE [root] --- LINE: [47]
MRI lightning data module successfully initialized
[ 2026-09-20 00:21:15,337 ] ::: INFO ::: FILE [root] --- LINE: [74]
MRI model trainer successfully initialized
[ 2026-09-20 00:21:15,386 ] ::: INFO ::: FILE [lightning.pytorch.utilities.rank_zero] --- LINE: [164]
GPU available: True (cuda), used: True
[ 2026-09-20 00:21:15,386 ] ::: INFO ::: FILE [lightning.pytorch.utilities.rank_zero] --- LINE: [167]
TPU available: False, using: 0 TPU cores
[ 2026-09-20 00:21:15,386 ] ::: INFO ::: FILE [lightning.pytorch.utilities.rank_zero] --- LINE: [91]
💡 Tip: For seamless cloud logging and experiment tracking, try installing [litlogger](https://pypi.org/project/litlogger/) to enable LitLogger, which logs metrics and artifacts automatically to the Lightning Experiments platform.
[ 2026-09-20 00:21:15,386 ] ::: INFO ::: FILE [root] --- LINE: [132]
MRI model lightning trainer successfully initialized
[ 2026-09-20 01:28:17,465 ] ::: INFO ::: FILE [root] --- LINE: [65]
model MRI-Unet_v2-1-4 successfully trained
[ 2026-09-20 01:28:17,975 ] ::: INFO ::: FILE [root] --- LINE: [138]
creation of the model...
[ 2026-09-20 01:28:18,159 ] ::: INFO ::: FILE [root] --- LINE: [176]
creation of the model compleated
[ 2026-09-20 01:28:18,161 ] ::: INFO ::: FILE [root] --- LINE: [119]
MRI lightning module successfully initialized
[ 2026-09-20 01:28:18,161 ] ::: INFO ::: FILE [root] --- LINE: [47]
MRI lightning data module successfully initialized
[ 2026-09-20 01:28:18,161 ] ::: INFO ::: FILE [root] --- LINE: [74]
MRI model trainer successfully initialized
[ 2026-09-20 01:28:18,210 ] ::: INFO ::: FILE [lightning.pytorch.utilities.rank_zero] --- LINE: [164]
GPU available: True (cuda), used: True
[ 2026-09-20 01:28:18,211 ] ::: INFO ::: FILE [lightning.pytorch.utilities.rank_zero] --- LINE: [167]
TPU available: False, using: 0 TPU cores
[ 2026-09-20 01:28:18,211 ] ::: INFO ::: FILE [lightning.pytorch.utilities.rank_zero] --- LINE: [91]
💡 Tip: For seamless cloud logging and experiment tracking, try installing [litlogger](https://pypi.org/project/litlogger/) to enable LitLogger, which logs metrics and artifacts automatically to the Lightning Experiments platform.
[ 2026-09-20 01:28:18,211 ] ::: INFO ::: FILE [root] --- LINE: [132]
MRI model lightning trainer successfully initialized
[ 2026-09-20 02:28:36,401 ] ::: INFO ::: FILE [root] --- LINE: [65]
model MRI-Unet_v2-1-5 successfully trained
[ 2026-09-20 02:28:36,888 ] ::: INFO ::: FILE [root] --- LINE: [138]
creation of the model...
[ 2026-09-20 02:28:36,946 ] ::: INFO ::: FILE [root] --- LINE: [176]
creation of the model compleated
[ 2026-09-20 02:28:36,947 ] ::: INFO ::: FILE [root] --- LINE: [119]
MRI lightning module successfully initialized
[ 2026-09-20 02:28:36,947 ] ::: INFO ::: FILE [root] --- LINE: [47]
MRI lightning data module successfully initialized
[ 2026-09-20 02:28:36,948 ] ::: INFO ::: FILE [root] --- LINE: [74]
MRI model trainer successfully initialized
[ 2026-09-20 02:28:36,994 ] ::: INFO ::: FILE [lightning.pytorch.utilities.rank_zero] --- LINE: [164]
GPU available: True (cuda), used: True
[ 2026-09-20 02:28:36,994 ] ::: INFO ::: FILE [lightning.pytorch.utilities.rank_zero] --- LINE: [167]
TPU available: False, using: 0 TPU cores
[ 2026-09-20 02:28:36,994 ] ::: INFO ::: FILE [lightning.pytorch.utilities.rank_zero] --- LINE: [91]
💡 Tip: For seamless cloud logging and experiment tracking, try installing [litlogger](https://pypi.org/project/litlogger/) to enable LitLogger, which logs metrics and artifacts automatically to the Lightning Experiments platform.
[ 2026-09-20 02:28:36,995 ] ::: INFO ::: FILE [root] --- LINE: [132]
MRI model lightning trainer successfully initialized
[ 2026-09-20 03:11:58,043 ] ::: INFO ::: FILE [root] --- LINE: [65]
model MRI-Unet_v2-1-6 successfully trained
[ 2026-09-20 03:11:58,501 ] ::: INFO ::: FILE [root] --- LINE: [138]
creation of the model...
[ 2026-09-20 03:11:58,650 ] ::: INFO ::: FILE [root] --- LINE: [176]
creation of the model compleated
[ 2026-09-20 03:11:58,651 ] ::: INFO ::: FILE [root] --- LINE: [119]
MRI lightning module successfully initialized
[ 2026-09-20 03:11:58,651 ] ::: INFO ::: FILE [root] --- LINE: [47]
MRI lightning data module successfully initialized
[ 2026-09-20 03:11:58,652 ] ::: INFO ::: FILE [root] --- LINE: [74]
MRI model trainer successfully initialized
[ 2026-09-20 03:11:58,698 ] ::: INFO ::: FILE [lightning.pytorch.utilities.rank_zero] --- LINE: [164]
GPU available: True (cuda), used: True
[ 2026-09-20 03:11:58,698 ] ::: INFO ::: FILE [lightning.pytorch.utilities.rank_zero] --- LINE: [167]
TPU available: False, using: 0 TPU cores
[ 2026-09-20 03:11:58,699 ] ::: INFO ::: FILE [lightning.pytorch.utilities.rank_zero] --- LINE: [91]
💡 Tip: For seamless cloud logging and experiment tracking, try installing [litlogger](https://pypi.org/project/litlogger/) to enable LitLogger, which logs metrics and artifacts automatically to the Lightning Experiments platform.
[ 2026-09-20 03:11:58,699 ] ::: INFO ::: FILE [root] --- LINE: [132]
MRI model lightning trainer successfully initialized
[ 2026-09-20 04:02:32,077 ] ::: INFO ::: FILE [root] --- LINE: [65]
model MRI-Unet_v2-1-7 successfully trained
[ 2026-09-20 04:02:32,530 ] ::: INFO ::: FILE [root] --- LINE: [138]
creation of the model...
[ 2026-09-20 04:02:32,570 ] ::: INFO ::: FILE [root] --- LINE: [176]
creation of the model compleated
[ 2026-09-20 04:02:32,571 ] ::: INFO ::: FILE [root] --- LINE: [119]
MRI lightning module successfully initialized
[ 2026-09-20 04:02:32,571 ] ::: INFO ::: FILE [root] --- LINE: [47]
MRI lightning data module successfully initialized
[ 2026-09-20 04:02:32,572 ] ::: INFO ::: FILE [root] --- LINE: [74]
MRI model trainer successfully initialized
[ 2026-09-20 04:02:32,618 ] ::: INFO ::: FILE [lightning.pytorch.utilities.rank_zero] --- LINE: [164]
GPU available: True (cuda), used: True
[ 2026-09-20 04:02:32,618 ] ::: INFO ::: FILE [lightning.pytorch.utilities.rank_zero] --- LINE: [167]
TPU available: False, using: 0 TPU cores
[ 2026-09-20 04:02:32,618 ] ::: INFO ::: FILE [lightning.pytorch.utilities.rank_zero] --- LINE: [91]
💡 Tip: For seamless cloud logging and experiment tracking, try installing [litlogger](https://pypi.org/project/litlogger/) to enable LitLogger, which logs metrics and artifacts automatically to the Lightning Experiments platform.
[ 2026-09-20 04:02:32,618 ] ::: INFO ::: FILE [root] --- LINE: [132]
MRI model lightning trainer successfully initialized
[ 2026-09-20 04:46:54,214 ] ::: INFO ::: FILE [root] --- LINE: [65]
model MRI-Unet_v2-1-8 successfully trained
[ 2026-09-20 04:46:54,694 ] ::: INFO ::: FILE [root] --- LINE: [138]
creation of the model...
[ 2026-09-20 04:46:54,786 ] ::: INFO ::: FILE [root] --- LINE: [176]
creation of the model compleated
[ 2026-09-20 04:46:54,787 ] ::: INFO ::: FILE [root] --- LINE: [119]
MRI lightning module successfully initialized
[ 2026-09-20 04:46:54,787 ] ::: INFO ::: FILE [root] --- LINE: [47]
MRI lightning data module successfully initialized
[ 2026-09-20 04:46:54,788 ] ::: INFO ::: FILE [root] --- LINE: [74]
MRI model trainer successfully initialized
[ 2026-09-20 04:46:54,835 ] ::: INFO ::: FILE [lightning.pytorch.utilities.rank_zero] --- LINE: [164]
GPU available: True (cuda), used: True
[ 2026-09-20 04:46:54,835 ] ::: INFO ::: FILE [lightning.pytorch.utilities.rank_zero] --- LINE: [167]
TPU available: False, using: 0 TPU cores
[ 2026-09-20 04:46:54,835 ] ::: INFO ::: FILE [lightning.pytorch.utilities.rank_zero] --- LINE: [91]
💡 Tip: For seamless cloud logging and experiment tracking, try installing [litlogger](https://pypi.org/project/litlogger/) to enable LitLogger, which logs metrics and artifacts automatically to the Lightning Experiments platform.
[ 2026-09-20 04:46:54,835 ] ::: INFO ::: FILE [root] --- LINE: [132]
MRI model lightning trainer successfully initialized
[ 2026-09-20 05:25:09,481 ] ::: INFO ::: FILE [root] --- LINE: [65]
model MRI-Unet_v2-1-9 successfully trained
[ 2026-09-20 05:25:09,969 ] ::: INFO ::: FILE [root] --- LINE: [138]
creation of the model...
[ 2026-09-20 05:25:10,102 ] ::: INFO ::: FILE [root] --- LINE: [176]
creation of the model compleated
[ 2026-09-20 05:25:10,103 ] ::: INFO ::: FILE [root] --- LINE: [119]
MRI lightning module successfully initialized
[ 2026-09-20 05:25:10,103 ] ::: INFO ::: FILE [root] --- LINE: [47]
MRI lightning data module successfully initialized
[ 2026-09-20 05:25:10,104 ] ::: INFO ::: FILE [root] --- LINE: [74]
MRI model trainer successfully initialized
[ 2026-09-20 05:25:10,152 ] ::: INFO ::: FILE [lightning.pytorch.utilities.rank_zero] --- LINE: [164]
GPU available: True (cuda), used: True
[ 2026-09-20 05:25:10,153 ] ::: INFO ::: FILE [lightning.pytorch.utilities.rank_zero] --- LINE: [167]
TPU available: False, using: 0 TPU cores
[ 2026-09-20 05:25:10,153 ] ::: INFO ::: FILE [lightning.pytorch.utilities.rank_zero] --- LINE: [91]
💡 Tip: For seamless cloud logging and experiment tracking, try installing [litlogger](https://pypi.org/project/litlogger/) to enable LitLogger, which logs metrics and artifacts automatically to the Lightning Experiments platform.
[ 2026-09-20 05:25:10,153 ] ::: INFO ::: FILE [root] --- LINE: [132]
MRI model lightning trainer successfully initialized
[ 2026-09-20 06:15:33,052 ] ::: INFO ::: FILE [root] --- LINE: [65]
model MRI-Unet_v2-1-10 successfully trained
[ 2026-09-20 06:15:33,528 ] ::: INFO ::: FILE [root] --- LINE: [138]
creation of the model...
[ 2026-09-20 06:15:33,585 ] ::: INFO ::: FILE [root] --- LINE: [176]
creation of the model compleated
[ 2026-09-20 06:15:33,587 ] ::: INFO ::: FILE [root] --- LINE: [119]
MRI lightning module successfully initialized
[ 2026-09-20 06:15:33,587 ] ::: INFO ::: FILE [root] --- LINE: [47]
MRI lightning data module successfully initialized
[ 2026-09-20 06:15:33,587 ] ::: INFO ::: FILE [root] --- LINE: [74]
MRI model trainer successfully initialized
[ 2026-09-20 06:15:33,636 ] ::: INFO ::: FILE [lightning.pytorch.utilities.rank_zero] --- LINE: [164]
GPU available: True (cuda), used: True
[ 2026-09-20 06:15:33,636 ] ::: INFO ::: FILE [lightning.pytorch.utilities.rank_zero] --- LINE: [167]
TPU available: False, using: 0 TPU cores
[ 2026-09-20 06:15:33,636 ] ::: INFO ::: FILE [lightning.pytorch.utilities.rank_zero] --- LINE: [91]
💡 Tip: For seamless cloud logging and experiment tracking, try installing [litlogger](https://pypi.org/project/litlogger/) to enable LitLogger, which logs metrics and artifacts automatically to the Lightning Experiments platform.
[ 2026-09-20 06:15:33,637 ] ::: INFO ::: FILE [root] --- LINE: [132]
MRI model lightning trainer successfully initialized
[ 2026-09-20 07:02:50,039 ] ::: INFO ::: FILE [root] --- LINE: [65]
model MRI-Unet_v2-1-11 successfully trained
[ 2026-09-20 07:02:50,556 ] ::: INFO ::: FILE [root] --- LINE: [138]
creation of the model...
[ 2026-09-20 07:02:50,611 ] ::: INFO ::: FILE [root] --- LINE: [176]
creation of the model compleated
[ 2026-09-20 07:02:50,612 ] ::: INFO ::: FILE [root] --- LINE: [119]
MRI lightning module successfully initialized
[ 2026-09-20 07:02:50,612 ] ::: INFO ::: FILE [root] --- LINE: [47]
MRI lightning data module successfully initialized
[ 2026-09-20 07:02:50,612 ] ::: INFO ::: FILE [root] --- LINE: [74]
MRI model trainer successfully initialized
[ 2026-09-20 07:02:50,659 ] ::: INFO ::: FILE [lightning.pytorch.utilities.rank_zero] --- LINE: [164]
GPU available: True (cuda), used: True
[ 2026-09-20 07:02:50,659 ] ::: INFO ::: FILE [lightning.pytorch.utilities.rank_zero] --- LINE: [167]
TPU available: False, using: 0 TPU cores
[ 2026-09-20 07:02:50,659 ] ::: INFO ::: FILE [lightning.pytorch.utilities.rank_zero] --- LINE: [91]
💡 Tip: For seamless cloud logging and experiment tracking, try installing [litlogger](https://pypi.org/project/litlogger/) to enable LitLogger, which logs metrics and artifacts automatically to the Lightning Experiments platform.
[ 2026-09-20 07:02:50,660 ] ::: INFO ::: FILE [root] --- LINE: [132]
MRI model lightning trainer successfully initialized
[ 2026-09-20 07:42:15,411 ] ::: INFO ::: FILE [root] --- LINE: [65]
model MRI-Unet_v2-1-12 successfully trained
[ 2026-09-20 07:42:15,875 ] ::: INFO ::: FILE [root] --- LINE: [138]
creation of the model...
[ 2026-09-20 07:42:16,118 ] ::: INFO ::: FILE [root] --- LINE: [176]
creation of the model compleated
[ 2026-09-20 07:42:16,119 ] ::: INFO ::: FILE [root] --- LINE: [119]
MRI lightning module successfully initialized
[ 2026-09-20 07:42:16,119 ] ::: INFO ::: FILE [root] --- LINE: [47]
MRI lightning data module successfully initialized
[ 2026-09-20 07:42:16,119 ] ::: INFO ::: FILE [root] --- LINE: [74]
MRI model trainer successfully initialized
[ 2026-09-20 07:42:16,166 ] ::: INFO ::: FILE [lightning.pytorch.utilities.rank_zero] --- LINE: [164]
GPU available: True (cuda), used: True
[ 2026-09-20 07:42:16,166 ] ::: INFO ::: FILE [lightning.pytorch.utilities.rank_zero] --- LINE: [167]
TPU available: False, using: 0 TPU cores
[ 2026-09-20 07:42:16,166 ] ::: INFO ::: FILE [lightning.pytorch.utilities.rank_zero] --- LINE: [91]
💡 Tip: For seamless cloud logging and experiment tracking, try installing [litlogger](https://pypi.org/project/litlogger/) to enable LitLogger, which logs metrics and artifacts automatically to the Lightning Experiments platform.
[ 2026-09-20 07:42:16,166 ] ::: INFO ::: FILE [root] --- LINE: [132]
MRI model lightning trainer successfully initialized
[ 2026-09-20 08:33:12,525 ] ::: INFO ::: FILE [lightning.pytorch.utilities.rank_zero] --- LINE: [58]

Detected KeyboardInterrupt, attempting graceful shutdown ...
