[ 2026-09-26 14:15:15,082 ] ::: INFO ::: FILE [root] --- LINE: [48]
MRI lightning data module successfully initialized
[ 2026-09-26 14:16:14,921 ] ::: INFO ::: FILE [root] --- LINE: [48]
MRI lightning data module successfully initialized
[ 2026-09-26 14:16:14,921 ] ::: INFO ::: FILE [root] --- LINE: [21]
entering the creation of dataset
[ 2026-09-26 14:16:15,070 ] ::: INFO ::: FILE [root] --- LINE: [53]
dataset successfully created. DO NOT FORGT TO USE ---> on_epoch_end <--- FUNCTION
[ 2026-09-26 14:16:15,070 ] ::: INFO ::: FILE [root] --- LINE: [21]
entering the creation of dataset
[ 2026-09-26 14:16:15,081 ] ::: INFO ::: FILE [root] --- LINE: [53]
dataset successfully created. DO NOT FORGT TO USE ---> on_epoch_end <--- FUNCTION
[ 2026-09-26 14:16:15,082 ] ::: INFO ::: FILE [root] --- LINE: [21]
entering the creation of dataset
[ 2026-09-26 14:16:15,092 ] ::: INFO ::: FILE [root] --- LINE: [53]
dataset successfully created. DO NOT FORGT TO USE ---> on_epoch_end <--- FUNCTION
[ 2026-09-26 14:29:03,166 ] ::: INFO ::: FILE [root] --- LINE: [138]
creation of the model...
[ 2026-09-26 14:29:03,255 ] ::: INFO ::: FILE [root] --- LINE: [176]
creation of the model compleated
[ 2026-09-26 14:39:40,886 ] ::: INFO ::: FILE [root] --- LINE: [138]
creation of the model...
[ 2026-09-26 14:39:41,016 ] ::: INFO ::: FILE [root] --- LINE: [176]
creation of the model compleated
[ 2026-09-26 14:39:41,067 ] ::: INFO ::: FILE [root] --- LINE: [48]
MRI lightning data module successfully initialized
[ 2026-09-26 14:39:41,068 ] ::: INFO ::: FILE [root] --- LINE: [21]
entering the creation of dataset
[ 2026-09-26 14:39:41,262 ] ::: INFO ::: FILE [root] --- LINE: [53]
dataset successfully created. DO NOT FORGT TO USE ---> on_epoch_end <--- FUNCTION
[ 2026-09-26 14:39:41,262 ] ::: INFO ::: FILE [root] --- LINE: [21]
entering the creation of dataset
[ 2026-09-26 14:39:41,271 ] ::: INFO ::: FILE [root] --- LINE: [53]
dataset successfully created. DO NOT FORGT TO USE ---> on_epoch_end <--- FUNCTION
[ 2026-09-26 14:39:41,272 ] ::: INFO ::: FILE [root] --- LINE: [21]
entering the creation of dataset
[ 2026-09-26 14:39:41,281 ] ::: INFO ::: FILE [root] --- LINE: [53]
dataset successfully created. DO NOT FORGT TO USE ---> on_epoch_end <--- FUNCTION
[ 2026-09-26 14:42:07,928 ] ::: INFO ::: FILE [root] --- LINE: [138]
creation of the model...
[ 2026-09-26 14:42:08,030 ] ::: INFO ::: FILE [root] --- LINE: [176]
creation of the model compleated
[ 2026-09-26 14:42:08,044 ] ::: INFO ::: FILE [root] --- LINE: [48]
MRI lightning data module successfully initialized
[ 2026-09-26 14:42:08,049 ] ::: INFO ::: FILE [root] --- LINE: [21]
entering the creation of dataset
[ 2026-09-26 14:42:08,271 ] ::: INFO ::: FILE [root] --- LINE: [53]
dataset successfully created. DO NOT FORGT TO USE ---> on_epoch_end <--- FUNCTION
[ 2026-09-26 14:42:08,271 ] ::: INFO ::: FILE [root] --- LINE: [21]
entering the creation of dataset
[ 2026-09-26 14:42:08,281 ] ::: INFO ::: FILE [root] --- LINE: [53]
dataset successfully created. DO NOT FORGT TO USE ---> on_epoch_end <--- FUNCTION
[ 2026-09-26 14:42:08,281 ] ::: INFO ::: FILE [root] --- LINE: [21]
entering the creation of dataset
[ 2026-09-26 14:42:08,291 ] ::: INFO ::: FILE [root] --- LINE: [53]
dataset successfully created. DO NOT FORGT TO USE ---> on_epoch_end <--- FUNCTION
[ 2026-09-26 14:57:09,619 ] ::: INFO ::: FILE [root] --- LINE: [138]
creation of the model...
[ 2026-09-26 14:57:09,747 ] ::: INFO ::: FILE [root] --- LINE: [176]
creation of the model compleated
[ 2026-09-26 14:57:09,767 ] ::: INFO ::: FILE [root] --- LINE: [48]
MRI lightning data module successfully initialized
[ 2026-09-26 14:57:09,767 ] ::: INFO ::: FILE [root] --- LINE: [21]
entering the creation of dataset
[ 2026-09-26 14:57:09,914 ] ::: INFO ::: FILE [root] --- LINE: [53]
dataset successfully created. DO NOT FORGT TO USE ---> on_epoch_end <--- FUNCTION
[ 2026-09-26 14:57:09,914 ] ::: INFO ::: FILE [root] --- LINE: [21]
entering the creation of dataset
[ 2026-09-26 14:57:09,925 ] ::: INFO ::: FILE [root] --- LINE: [53]
dataset successfully created. DO NOT FORGT TO USE ---> on_epoch_end <--- FUNCTION
[ 2026-09-26 14:57:09,925 ] ::: INFO ::: FILE [root] --- LINE: [21]
entering the creation of dataset
[ 2026-09-26 14:57:09,934 ] ::: INFO ::: FILE [root] --- LINE: [53]
dataset successfully created. DO NOT FORGT TO USE ---> on_epoch_end <--- FUNCTION
[ 2026-09-26 15:59:06,761 ] ::: INFO ::: FILE [root] --- LINE: [138]
creation of the model...
[ 2026-09-26 15:59:06,840 ] ::: INFO ::: FILE [root] --- LINE: [176]
creation of the model compleated
[ 2026-09-26 15:59:06,863 ] ::: INFO ::: FILE [root] --- LINE: [48]
MRI lightning data module successfully initialized
[ 2026-09-26 15:59:06,866 ] ::: INFO ::: FILE [root] --- LINE: [21]
entering the creation of dataset
[ 2026-09-26 15:59:07,027 ] ::: INFO ::: FILE [root] --- LINE: [53]
dataset successfully created. DO NOT FORGT TO USE ---> on_epoch_end <--- FUNCTION
[ 2026-09-26 15:59:07,027 ] ::: INFO ::: FILE [root] --- LINE: [21]
entering the creation of dataset
[ 2026-09-26 15:59:07,045 ] ::: INFO ::: FILE [root] --- LINE: [53]
dataset successfully created. DO NOT FORGT TO USE ---> on_epoch_end <--- FUNCTION
[ 2026-09-26 15:59:07,045 ] ::: INFO ::: FILE [root] --- LINE: [21]
entering the creation of dataset
[ 2026-09-26 15:59:07,060 ] ::: INFO ::: FILE [root] --- LINE: [53]
dataset successfully created. DO NOT FORGT TO USE ---> on_epoch_end <--- FUNCTION
[ 2026-09-26 15:59:18,358 ] ::: INFO ::: FILE [root] --- LINE: [138]
creation of the model...
[ 2026-09-26 15:59:18,491 ] ::: INFO ::: FILE [root] --- LINE: [176]
creation of the model compleated
[ 2026-09-26 15:59:18,516 ] ::: INFO ::: FILE [root] --- LINE: [48]
MRI lightning data module successfully initialized
[ 2026-09-26 15:59:18,519 ] ::: INFO ::: FILE [root] --- LINE: [21]
entering the creation of dataset
[ 2026-09-26 15:59:18,662 ] ::: INFO ::: FILE [root] --- LINE: [53]
dataset successfully created. DO NOT FORGT TO USE ---> on_epoch_end <--- FUNCTION
[ 2026-09-26 15:59:18,662 ] ::: INFO ::: FILE [root] --- LINE: [21]
entering the creation of dataset
[ 2026-09-26 15:59:18,672 ] ::: INFO ::: FILE [root] --- LINE: [53]
dataset successfully created. DO NOT FORGT TO USE ---> on_epoch_end <--- FUNCTION
[ 2026-09-26 15:59:18,672 ] ::: INFO ::: FILE [root] --- LINE: [21]
entering the creation of dataset
[ 2026-09-26 15:59:18,682 ] ::: INFO ::: FILE [root] --- LINE: [53]
dataset successfully created. DO NOT FORGT TO USE ---> on_epoch_end <--- FUNCTION
[ 2026-09-26 17:47:25,303 ] ::: INFO ::: FILE [root] --- LINE: [138]
creation of the model...
[ 2026-09-26 17:47:25,382 ] ::: INFO ::: FILE [root] --- LINE: [176]
creation of the model compleated
[ 2026-09-26 17:47:25,411 ] ::: INFO ::: FILE [root] --- LINE: [48]
MRI lightning data module successfully initialized
[ 2026-09-26 17:47:25,414 ] ::: INFO ::: FILE [root] --- LINE: [21]
entering the creation of dataset
[ 2026-09-26 17:47:25,576 ] ::: INFO ::: FILE [root] --- LINE: [53]
dataset successfully created. DO NOT FORGT TO USE ---> on_epoch_end <--- FUNCTION
[ 2026-09-26 17:47:25,576 ] ::: INFO ::: FILE [root] --- LINE: [21]
entering the creation of dataset
[ 2026-09-26 17:47:25,588 ] ::: INFO ::: FILE [root] --- LINE: [53]
dataset successfully created. DO NOT FORGT TO USE ---> on_epoch_end <--- FUNCTION
[ 2026-09-26 17:47:25,588 ] ::: INFO ::: FILE [root] --- LINE: [21]
entering the creation of dataset
[ 2026-09-26 17:47:25,599 ] ::: INFO ::: FILE [root] --- LINE: [53]
dataset successfully created. DO NOT FORGT TO USE ---> on_epoch_end <--- FUNCTION
[ 2026-09-26 17:58:27,438 ] ::: INFO ::: FILE [root] --- LINE: [138]
creation of the model...
[ 2026-09-26 17:58:27,586 ] ::: INFO ::: FILE [root] --- LINE: [176]
creation of the model compleated
[ 2026-09-26 17:58:27,636 ] ::: INFO ::: FILE [root] --- LINE: [48]
MRI lightning data module successfully initialized
[ 2026-09-26 17:58:27,636 ] ::: INFO ::: FILE [root] --- LINE: [21]
entering the creation of dataset
[ 2026-09-26 17:58:27,935 ] ::: INFO ::: FILE [root] --- LINE: [53]
dataset successfully created. DO NOT FORGT TO USE ---> on_epoch_end <--- FUNCTION
[ 2026-09-26 17:58:27,936 ] ::: INFO ::: FILE [root] --- LINE: [21]
entering the creation of dataset
[ 2026-09-26 17:58:27,954 ] ::: INFO ::: FILE [root] --- LINE: [53]
dataset successfully created. DO NOT FORGT TO USE ---> on_epoch_end <--- FUNCTION
[ 2026-09-26 17:58:27,954 ] ::: INFO ::: FILE [root] --- LINE: [21]
entering the creation of dataset
[ 2026-09-26 17:58:27,967 ] ::: INFO ::: FILE [root] --- LINE: [53]
dataset successfully created. DO NOT FORGT TO USE ---> on_epoch_end <--- FUNCTION
[ 2026-09-26 17:58:34,006 ] ::: INFO ::: FILE [root] --- LINE: [138]
creation of the model...
[ 2026-09-26 17:58:34,152 ] ::: INFO ::: FILE [root] --- LINE: [176]
creation of the model compleated
[ 2026-09-26 17:58:34,168 ] ::: INFO ::: FILE [root] --- LINE: [48]
MRI lightning data module successfully initialized
[ 2026-09-26 17:58:34,169 ] ::: INFO ::: FILE [root] --- LINE: [21]
entering the creation of dataset
[ 2026-09-26 17:58:34,346 ] ::: INFO ::: FILE [root] --- LINE: [53]
dataset successfully created. DO NOT FORGT TO USE ---> on_epoch_end <--- FUNCTION
[ 2026-09-26 17:58:34,347 ] ::: INFO ::: FILE [root] --- LINE: [21]
entering the creation of dataset
[ 2026-09-26 17:58:34,360 ] ::: INFO ::: FILE [root] --- LINE: [53]
dataset successfully created. DO NOT FORGT TO USE ---> on_epoch_end <--- FUNCTION
[ 2026-09-26 17:58:34,360 ] ::: INFO ::: FILE [root] --- LINE: [21]
entering the creation of dataset
[ 2026-09-26 17:58:34,373 ] ::: INFO ::: FILE [root] --- LINE: [53]
dataset successfully created. DO NOT FORGT TO USE ---> on_epoch_end <--- FUNCTION
[ 2026-09-26 18:01:27,835 ] ::: INFO ::: FILE [root] --- LINE: [138]
creation of the model...
[ 2026-09-26 18:01:28,006 ] ::: INFO ::: FILE [root] --- LINE: [176]
creation of the model compleated
[ 2026-09-26 18:01:28,016 ] ::: INFO ::: FILE [root] --- LINE: [48]
MRI lightning data module successfully initialized
[ 2026-09-26 18:01:28,016 ] ::: INFO ::: FILE [root] --- LINE: [21]
entering the creation of dataset
[ 2026-09-26 18:01:28,178 ] ::: INFO ::: FILE [root] --- LINE: [53]
dataset successfully created. DO NOT FORGT TO USE ---> on_epoch_end <--- FUNCTION
[ 2026-09-26 18:01:28,178 ] ::: INFO ::: FILE [root] --- LINE: [21]
entering the creation of dataset
[ 2026-09-26 18:01:28,190 ] ::: INFO ::: FILE [root] --- LINE: [53]
dataset successfully created. DO NOT FORGT TO USE ---> on_epoch_end <--- FUNCTION
[ 2026-09-26 18:01:28,190 ] ::: INFO ::: FILE [root] --- LINE: [21]
entering the creation of dataset
[ 2026-09-26 18:01:28,201 ] ::: INFO ::: FILE [root] --- LINE: [53]
dataset successfully created. DO NOT FORGT TO USE ---> on_epoch_end <--- FUNCTION
[ 2026-09-28 20:37:04,636 ] ::: INFO ::: FILE [root] --- LINE: [138]
creation of the model...
[ 2026-09-28 20:37:04,869 ] ::: INFO ::: FILE [root] --- LINE: [176]
creation of the model compleated
[ 2026-09-28 20:37:05,372 ] ::: INFO ::: FILE [root] --- LINE: [138]
creation of the model...
[ 2026-09-28 20:37:05,488 ] ::: INFO ::: FILE [root] --- LINE: [176]
creation of the model compleated
[ 2026-09-28 20:38:39,668 ] ::: INFO ::: FILE [root] --- LINE: [138]
creation of the model...
[ 2026-09-28 20:38:39,759 ] ::: INFO ::: FILE [root] --- LINE: [176]
creation of the model compleated
[ 2026-09-28 20:40:50,398 ] ::: INFO ::: FILE [root] --- LINE: [138]
creation of the model...
[ 2026-09-28 20:40:50,498 ] ::: INFO ::: FILE [root] --- LINE: [176]
creation of the model compleated
[ 2026-09-28 20:40:50,899 ] ::: INFO ::: FILE [root] --- LINE: [138]
creation of the model...
[ 2026-09-28 20:40:50,978 ] ::: INFO ::: FILE [root] --- LINE: [176]
creation of the model compleated
[ 2026-09-28 22:39:05,370 ] ::: INFO ::: FILE [root] --- LINE: [334]
creation of the model...
[ 2026-09-28 22:39:05,589 ] ::: INFO ::: FILE [root] --- LINE: [372]
creation of the model compleated
[ 2026-09-28 22:44:18,093 ] ::: INFO ::: FILE [root] --- LINE: [138]
creation of the model...
[ 2026-09-28 22:44:18,211 ] ::: INFO ::: FILE [root] --- LINE: [176]
creation of the model compleated
[ 2026-09-28 22:46:43,993 ] ::: INFO ::: FILE [root] --- LINE: [138]
creation of the model...
[ 2026-09-28 22:46:44,074 ] ::: INFO ::: FILE [root] --- LINE: [176]
creation of the model compleated
[ 2026-09-28 22:46:52,342 ] ::: INFO ::: FILE [root] --- LINE: [138]
creation of the model...
[ 2026-09-28 22:46:52,423 ] ::: INFO ::: FILE [root] --- LINE: [176]
creation of the model compleated
[ 2026-09-28 22:47:04,971 ] ::: INFO ::: FILE [root] --- LINE: [138]
creation of the model...
[ 2026-09-28 22:47:05,128 ] ::: INFO ::: FILE [root] --- LINE: [176]
creation of the model compleated
[ 2026-09-28 22:57:30,863 ] ::: INFO ::: FILE [root] --- LINE: [138]
creation of the model...
[ 2026-09-28 22:57:30,976 ] ::: INFO ::: FILE [root] --- LINE: [176]
creation of the model compleated
[ 2026-09-28 22:58:01,839 ] ::: INFO ::: FILE [root] --- LINE: [138]
creation of the model...
[ 2026-09-28 22:58:01,952 ] ::: INFO ::: FILE [root] --- LINE: [176]
creation of the model compleated
[ 2026-09-28 22:59:01,960 ] ::: INFO ::: FILE [root] --- LINE: [138]
creation of the model...
[ 2026-09-28 22:59:02,072 ] ::: INFO ::: FILE [root] --- LINE: [176]
creation of the model compleated
[ 2026-09-28 22:59:48,543 ] ::: INFO ::: FILE [root] --- LINE: [334]
creation of the model...
[ 2026-09-28 22:59:48,755 ] ::: INFO ::: FILE [root] --- LINE: [372]
creation of the model compleated
[ 2026-09-28 23:09:34,578 ] ::: INFO ::: FILE [root] --- LINE: [138]
creation of the model...
[ 2026-09-28 23:09:34,678 ] ::: INFO ::: FILE [root] --- LINE: [176]
creation of the model compleated
[ 2026-09-28 23:20:37,224 ] ::: INFO ::: FILE [root] --- LINE: [138]
creation of the model...
[ 2026-09-28 23:20:37,335 ] ::: INFO ::: FILE [root] --- LINE: [176]
creation of the model compleated
