[ 2026-08-31 18:54:14,171 ] ::: ERROR ::: FILE [root] --- LINE: [20]
SOME TROUBLES WITH STAGE [METADATA FORMATION STAGE]
[ 2026-08-31 18:54:57,087 ] ::: INFO ::: FILE [root] --- LINE: [13]
----------------stage [METADATA FORMATION STAGE] started--------------------------
[ 2026-08-31 18:54:57,087 ] ::: INFO ::: FILE [root] --- LINE: [11]
Metadata entity successfully created
[ 2026-08-31 18:54:57,087 ] ::: INFO ::: FILE [root] --- LINE: [16]
data\preprocessed_data\data\preprocessed_data\final_df.csv does not exists. Entering metadata formation stage
[ 2026-08-31 18:54:57,269 ] ::: ERROR ::: FILE [root] --- LINE: [58]
error occured while trying to create  meta data file: cannot access local variable 'path_id_df' where it is not associated with a value
[ 2026-08-31 18:54:57,269 ] ::: ERROR ::: FILE [root] --- LINE: [20]
SOME TROUBLES WITH STAGE [METADATA FORMATION STAGE]
[ 2026-08-31 18:56:37,654 ] ::: INFO ::: FILE [root] --- LINE: [13]
----------------stage [METADATA FORMATION STAGE] started--------------------------
[ 2026-08-31 18:56:37,655 ] ::: INFO ::: FILE [root] --- LINE: [11]
Metadata entity successfully created
[ 2026-08-31 18:56:37,655 ] ::: INFO ::: FILE [root] --- LINE: [16]
data\preprocessed_data\data\preprocessed_data\final_df.csv does not exists. Entering metadata formation stage
[ 2026-08-31 18:56:37,854 ] ::: ERROR ::: FILE [root] --- LINE: [58]
error occured while trying to create  meta data file: 'segmentation'
[ 2026-08-31 18:56:37,854 ] ::: ERROR ::: FILE [root] --- LINE: [20]
SOME TROUBLES WITH STAGE [METADATA FORMATION STAGE]
[ 2026-08-31 19:15:23,232 ] ::: INFO ::: FILE [root] --- LINE: [13]
----------------stage [METADATA FORMATION STAGE] started--------------------------
[ 2026-08-31 19:15:23,232 ] ::: INFO ::: FILE [root] --- LINE: [11]
Metadata entity successfully created
[ 2026-08-31 19:15:23,232 ] ::: INFO ::: FILE [root] --- LINE: [16]
data\preprocessed_data\data\preprocessed_data\final_df.csv does not exists. Entering metadata formation stage
[ 2026-08-31 19:15:23,439 ] ::: ERROR ::: FILE [root] --- LINE: [59]
error occured while trying to create  meta data file: Cannot save file into a non-existent directory: 'data\preprocessed_data\data\preprocessed_data'
[ 2026-08-31 19:15:23,439 ] ::: ERROR ::: FILE [root] --- LINE: [20]
SOME TROUBLES WITH STAGE [METADATA FORMATION STAGE]
[ 2026-08-31 19:21:51,363 ] ::: INFO ::: FILE [root] --- LINE: [13]
----------------stage [METADATA FORMATION STAGE] started--------------------------
[ 2026-08-31 19:21:51,363 ] ::: INFO ::: FILE [root] --- LINE: [11]
Metadata entity successfully created
[ 2026-08-31 19:21:51,364 ] ::: INFO ::: FILE [root] --- LINE: [65]
data\preprocessed_data\final_df.csv allready exists. Skiping metadata formation stage
[ 2026-08-31 19:21:51,364 ] ::: INFO ::: FILE [root] --- LINE: [18]
================stage [METADATA FORMATION STAGE] ended==========================

[ 2026-08-31 19:37:44,936 ] ::: INFO ::: FILE [root] --- LINE: [13]
----------------stage [METADATA FORMATION STAGE] started--------------------------
[ 2026-08-31 19:37:44,936 ] ::: INFO ::: FILE [root] --- LINE: [11]
Metadata entity successfully created
[ 2026-08-31 19:37:44,936 ] ::: INFO ::: FILE [root] --- LINE: [16]
data\preprocessed_data\final_dataframe.csv does not exists. Entering metadata formation stage
[ 2026-08-31 19:37:45,138 ] ::: INFO ::: FILE [root] --- LINE: [56]
data\preprocessed_data\final_dataframe.csv successfully created
[ 2026-08-31 19:37:45,140 ] ::: INFO ::: FILE [root] --- LINE: [18]
================stage [METADATA FORMATION STAGE] ended==========================

[ 2026-08-31 22:34:15,003 ] ::: INFO ::: FILE [root] --- LINE: [13]
----------------stage [METADATA FORMATION STAGE] started--------------------------
[ 2026-08-31 22:34:15,003 ] ::: INFO ::: FILE [root] --- LINE: [11]
Metadata entity successfully created
[ 2026-08-31 22:34:15,003 ] ::: INFO ::: FILE [root] --- LINE: [16]
data\preprocessed_data\final_dataframe.csv does not exists. Entering metadata formation stage
[ 2026-08-31 22:34:15,219 ] ::: INFO ::: FILE [root] --- LINE: [58]
data\preprocessed_data\final_dataframe.csv successfully created
[ 2026-08-31 22:34:15,222 ] ::: INFO ::: FILE [root] --- LINE: [18]
================stage [METADATA FORMATION STAGE] ended==========================

[ 2026-08-31 22:42:01,029 ] ::: INFO ::: FILE [root] --- LINE: [13]
----------------stage [METADATA FORMATION STAGE] started--------------------------
[ 2026-08-31 22:42:01,029 ] ::: INFO ::: FILE [root] --- LINE: [11]
Metadata entity successfully created
[ 2026-08-31 22:42:01,029 ] ::: INFO ::: FILE [root] --- LINE: [16]
data\preprocessed_data\final_dataframe.csv does not exists. Entering metadata formation stage
[ 2026-08-31 22:42:04,746 ] ::: INFO ::: FILE [root] --- LINE: [58]
data\preprocessed_data\final_dataframe.csv successfully created
[ 2026-08-31 22:42:04,788 ] ::: INFO ::: FILE [root] --- LINE: [18]
================stage [METADATA FORMATION STAGE] ended==========================

